<!doctype html public "-//w3c//dtd html 4.0 transitional//en">
<html><head>
<title>Static Call Graph - [.\_build\nrf51422_xxac_s110.axf]</title></head>
<body><HR>
<H1>Static Call Graph for image .\_build\nrf51422_xxac_s110.axf</H1><HR>
<BR><P>#&#060CALLGRAPH&#062# ARM Linker, 5050106: Last Updated: Mon Jul 09 10:16:29 2018
<BR><P>
<H3>Maximum Stack Usage =        424 bytes + Unknown(Cycles, Untraceable Function Pointers)</H3><H3>
Call chain for Maximum Stack Depth:</H3>
main &rArr; advertising_init &rArr; ble_advertising_init &rArr; ble_advdata_set &rArr; adv_data_encode &rArr; uuid_list_encode &rArr; uuid_list_sized_encode
<P>
<H3>
Mutually Recursive functions
</H3> <LI><a href="#[1]">NMI_Handler</a>&nbsp;&nbsp;&nbsp;&rArr;&nbsp;&nbsp;&nbsp;<a href="#[1]">NMI_Handler</a><BR>
 <LI><a href="#[2]">HardFault_Handler</a>&nbsp;&nbsp;&nbsp;&rArr;&nbsp;&nbsp;&nbsp;<a href="#[2]">HardFault_Handler</a><BR>
 <LI><a href="#[3]">SVC_Handler</a>&nbsp;&nbsp;&nbsp;&rArr;&nbsp;&nbsp;&nbsp;<a href="#[3]">SVC_Handler</a><BR>
 <LI><a href="#[4]">PendSV_Handler</a>&nbsp;&nbsp;&nbsp;&rArr;&nbsp;&nbsp;&nbsp;<a href="#[4]">PendSV_Handler</a><BR>
 <LI><a href="#[5]">SysTick_Handler</a>&nbsp;&nbsp;&nbsp;&rArr;&nbsp;&nbsp;&nbsp;<a href="#[5]">SysTick_Handler</a><BR>
 <LI><a href="#[c]">ADC_IRQHandler</a>&nbsp;&nbsp;&nbsp;&rArr;&nbsp;&nbsp;&nbsp;<a href="#[c]">ADC_IRQHandler</a><BR>
 <LI><a href="#[4a]">__asm___11_app_timer_c_cd27f9c3__nrf_delay_us</a>&nbsp;&nbsp;&nbsp;&rArr;&nbsp;&nbsp;&nbsp;<a href="#[4a]">__asm___11_app_timer_c_cd27f9c3__nrf_delay_us</a><BR>
 <LI><a href="#[88]">app_notify_error_state_transit</a>&nbsp;&nbsp;&nbsp;&rArr;&nbsp;&nbsp;&nbsp;<a href="#[8a]">sm_state_change</a><BR>
 <LI><a href="#[cc]">cmd_queue_dequeue</a>&nbsp;&nbsp;&nbsp;&rArr;&nbsp;&nbsp;&nbsp;<a href="#[ca]">cmd_process</a><BR>
</UL>
<P>
<H3>
Function Pointers
</H3><UL>
 <LI><a href="#[c]">ADC_IRQHandler</a> from arm_startup_nrf51.o(.text) referenced from arm_startup_nrf51.o(RESET)
 <LI><a href="#[14]">CCM_AAR_IRQHandler</a> from arm_startup_nrf51.o(.text) referenced from arm_startup_nrf51.o(RESET)
 <LI><a href="#[13]">ECB_IRQHandler</a> from arm_startup_nrf51.o(.text) referenced from arm_startup_nrf51.o(RESET)
 <LI><a href="#[b]">GPIOTE_IRQHandler</a> from nrf_drv_gpiote.o(i.GPIOTE_IRQHandler) referenced from arm_startup_nrf51.o(RESET)
 <LI><a href="#[2]">HardFault_Handler</a> from arm_startup_nrf51.o(.text) referenced from arm_startup_nrf51.o(RESET)
 <LI><a href="#[18]">LPCOMP_IRQHandler</a> from arm_startup_nrf51.o(.text) referenced from arm_startup_nrf51.o(RESET)
 <LI><a href="#[1]">NMI_Handler</a> from arm_startup_nrf51.o(.text) referenced from arm_startup_nrf51.o(RESET)
 <LI><a href="#[6]">POWER_CLOCK_IRQHandler</a> from arm_startup_nrf51.o(.text) referenced from arm_startup_nrf51.o(RESET)
 <LI><a href="#[4]">PendSV_Handler</a> from arm_startup_nrf51.o(.text) referenced from arm_startup_nrf51.o(RESET)
 <LI><a href="#[17]">QDEC_IRQHandler</a> from arm_startup_nrf51.o(.text) referenced from arm_startup_nrf51.o(RESET)
 <LI><a href="#[7]">RADIO_IRQHandler</a> from arm_startup_nrf51.o(.text) referenced from arm_startup_nrf51.o(RESET)
 <LI><a href="#[12]">RNG_IRQHandler</a> from arm_startup_nrf51.o(.text) referenced from arm_startup_nrf51.o(RESET)
 <LI><a href="#[10]">RTC0_IRQHandler</a> from arm_startup_nrf51.o(.text) referenced from arm_startup_nrf51.o(RESET)
 <LI><a href="#[16]">RTC1_IRQHandler</a> from app_timer.o(i.RTC1_IRQHandler) referenced from arm_startup_nrf51.o(RESET)
 <LI><a href="#[0]">Reset_Handler</a> from arm_startup_nrf51.o(.text) referenced from arm_startup_nrf51.o(RESET)
 <LI><a href="#[9]">SPI0_TWI0_IRQHandler</a> from arm_startup_nrf51.o(.text) referenced from arm_startup_nrf51.o(RESET)
 <LI><a href="#[a]">SPI1_TWI1_IRQHandler</a> from arm_startup_nrf51.o(.text) referenced from arm_startup_nrf51.o(RESET)
 <LI><a href="#[3]">SVC_Handler</a> from arm_startup_nrf51.o(.text) referenced from arm_startup_nrf51.o(RESET)
 <LI><a href="#[19]">SWI0_IRQHandler</a> from app_timer.o(i.SWI0_IRQHandler) referenced from arm_startup_nrf51.o(RESET)
 <LI><a href="#[1a]">SWI1_IRQHandler</a> from arm_startup_nrf51.o(.text) referenced from arm_startup_nrf51.o(RESET)
 <LI><a href="#[1b]">SWI2_IRQHandler</a> from softdevice_handler.o(i.SWI2_IRQHandler) referenced from arm_startup_nrf51.o(RESET)
 <LI><a href="#[1c]">SWI3_IRQHandler</a> from arm_startup_nrf51.o(.text) referenced from arm_startup_nrf51.o(RESET)
 <LI><a href="#[1d]">SWI4_IRQHandler</a> from arm_startup_nrf51.o(.text) referenced from arm_startup_nrf51.o(RESET)
 <LI><a href="#[1e]">SWI5_IRQHandler</a> from arm_startup_nrf51.o(.text) referenced from arm_startup_nrf51.o(RESET)
 <LI><a href="#[5]">SysTick_Handler</a> from arm_startup_nrf51.o(.text) referenced from arm_startup_nrf51.o(RESET)
 <LI><a href="#[20]">SystemInit</a> from system_nrf51.o(i.SystemInit) referenced from arm_startup_nrf51.o(.text)
 <LI><a href="#[11]">TEMP_IRQHandler</a> from arm_startup_nrf51.o(.text) referenced from arm_startup_nrf51.o(RESET)
 <LI><a href="#[d]">TIMER0_IRQHandler</a> from arm_startup_nrf51.o(.text) referenced from arm_startup_nrf51.o(RESET)
 <LI><a href="#[e]">TIMER1_IRQHandler</a> from arm_startup_nrf51.o(.text) referenced from arm_startup_nrf51.o(RESET)
 <LI><a href="#[f]">TIMER2_IRQHandler</a> from arm_startup_nrf51.o(.text) referenced from arm_startup_nrf51.o(RESET)
 <LI><a href="#[8]">UART0_IRQHandler</a> from app_uart_fifo.o(i.UART0_IRQHandler) referenced from arm_startup_nrf51.o(RESET)
 <LI><a href="#[15]">WDT_IRQHandler</a> from arm_startup_nrf51.o(.text) referenced from arm_startup_nrf51.o(RESET)
 <LI><a href="#[21]">__main</a> from entry.o(.ARM.Collect$$$$00000000) referenced from arm_startup_nrf51.o(.text)
 <LI><a href="#[23]">_sputc</a> from printf5.o(i._sputc) referenced from printf5.o(i.__0sprintf$5)
 <LI><a href="#[26]">ble_evt_dispatch</a> from main.o(i.ble_evt_dispatch) referenced from main.o(i.ble_stack_init)
 <LI><a href="#[29]">conn_params_error_handler</a> from main.o(i.conn_params_error_handler) referenced from main.o(i.conn_params_init)
 <LI><a href="#[45]">data_page_erase_state_run</a> from pstorage.o(i.data_page_erase_state_run) referenced from pstorage.o(.constdata)
 <LI><a href="#[44]">data_to_swap_write_state_run</a> from pstorage.o(i.data_to_swap_write_state_run) referenced from pstorage.o(.constdata)
 <LI><a href="#[2d]">device_manager_evt_handler</a> from main.o(i.device_manager_evt_handler) referenced from main.o(i.device_manager_init)
 <LI><a href="#[2e]">dm_pstorage_cb_handler</a> from device_manager_peripheral.o(i.dm_pstorage_cb_handler) referenced from device_manager_peripheral.o(i.dm_init)
 <LI><a href="#[2f]">flash_callback</a> from flash.o(i.flash_callback) referenced from flash.o(i.flash_init)
 <LI><a href="#[22]">fputc</a> from retarget.o(i.fputc) referenced from printf5.o(i.__0printf$5)
 <LI><a href="#[3c]">gattc_context_apply</a> from device_manager_peripheral.o(i.gattc_context_apply) referenced from device_manager_peripheral.o(.constdata)
 <LI><a href="#[38]">gattc_context_load</a> from device_manager_peripheral.o(i.gattc_context_load) referenced from device_manager_peripheral.o(.constdata)
 <LI><a href="#[34]">gattc_context_store</a> from device_manager_peripheral.o(i.gattc_context_store) referenced from device_manager_peripheral.o(.constdata)
 <LI><a href="#[3b]">gatts_context_apply</a> from device_manager_peripheral.o(i.gatts_context_apply) referenced from device_manager_peripheral.o(.constdata)
 <LI><a href="#[37]">gatts_context_load</a> from device_manager_peripheral.o(i.gatts_context_load) referenced from device_manager_peripheral.o(.constdata)
 <LI><a href="#[33]">gatts_context_store</a> from device_manager_peripheral.o(i.gatts_context_store) referenced from device_manager_peripheral.o(.constdata)
 <LI><a href="#[3d]">gattsc_context_apply</a> from device_manager_peripheral.o(i.gattsc_context_apply) referenced from device_manager_peripheral.o(.constdata)
 <LI><a href="#[39]">gattsc_context_load</a> from device_manager_peripheral.o(i.gattsc_context_load) referenced from device_manager_peripheral.o(.constdata)
 <LI><a href="#[35]">gattsc_context_store</a> from device_manager_peripheral.o(i.gattsc_context_store) referenced from device_manager_peripheral.o(.constdata)
 <LI><a href="#[47]">head_restore_state_run</a> from pstorage.o(i.head_restore_state_run) referenced from pstorage.o(.constdata)
 <LI><a href="#[1f]">main</a> from main.o(i.main) referenced from entry9a.o(.ARM.Collect$$$$0000000B)
 <LI><a href="#[3a]">no_service_context_apply</a> from device_manager_peripheral.o(i.no_service_context_apply) referenced from device_manager_peripheral.o(.constdata)
 <LI><a href="#[36]">no_service_context_load</a> from device_manager_peripheral.o(i.no_service_context_load) referenced from device_manager_peripheral.o(.constdata)
 <LI><a href="#[32]">no_service_context_store</a> from device_manager_peripheral.o(i.no_service_context_store) referenced from device_manager_peripheral.o(.constdata)
 <LI><a href="#[24]">on_adv_evt</a> from main.o(i.on_adv_evt) referenced from main.o(i.advertising_init)
 <LI><a href="#[28]">on_conn_params_evt</a> from main.o(i.on_conn_params_evt) referenced from main.o(i.conn_params_init)
 <LI><a href="#[2b]">pstorage_store</a> from pstorage.o(i.pstorage_store) referenced from device_manager_peripheral.o(i.device_context_store)
 <LI><a href="#[2b]">pstorage_store</a> from pstorage.o(i.pstorage_store) referenced from device_manager_peripheral.o(i.gatts_context_store)
 <LI><a href="#[2a]">pstorage_update</a> from pstorage.o(i.pstorage_update) referenced from device_manager_peripheral.o(i.device_context_store)
 <LI><a href="#[2a]">pstorage_update</a> from pstorage.o(i.pstorage_update) referenced from device_manager_peripheral.o(i.gatts_context_store)
 <LI><a href="#[30]">softdevice_assertion_handler</a> from softdevice_handler.o(i.softdevice_assertion_handler) referenced from softdevice_handler.o(i.softdevice_handler_init)
 <LI><a href="#[40]">state_erase_data_page_entry_run</a> from pstorage.o(i.state_erase_data_page_entry_run) referenced from pstorage.o(.constdata)
 <LI><a href="#[42]">state_restore_head_entry_run</a> from pstorage.o(i.state_restore_head_entry_run) referenced from pstorage.o(.constdata)
 <LI><a href="#[41]">state_restore_tail_entry_run</a> from pstorage.o(i.state_restore_tail_entry_run) referenced from pstorage.o(.constdata)
 <LI><a href="#[3e]">state_swap_erase_entry_run</a> from pstorage.o(i.state_swap_erase_entry_run) referenced from pstorage.o(.constdata)
 <LI><a href="#[3f]">state_write_data_swap_entry_run</a> from pstorage.o(i.state_write_data_swap_entry_run) referenced from pstorage.o(.constdata)
 <LI><a href="#[2c]">storage_operation_dummy_handler</a> from device_manager_peripheral.o(i.storage_operation_dummy_handler) referenced from device_manager_peripheral.o(i.device_context_store)
 <LI><a href="#[43]">swap_erase_state_run</a> from pstorage.o(i.swap_erase_state_run) referenced from pstorage.o(.constdata)
 <LI><a href="#[27]">sys_evt_dispatch</a> from main.o(i.sys_evt_dispatch) referenced from main.o(i.ble_stack_init)
 <LI><a href="#[46]">tail_restore_state_run</a> from pstorage.o(i.tail_restore_state_run) referenced from pstorage.o(.constdata)
 <LI><a href="#[31]">timer_timeout_handler</a> from main.o(i.timer_timeout_handler) referenced from main.o(i.timers_init)
 <LI><a href="#[25]">update_timeout_handler</a> from ble_conn_params.o(i.update_timeout_handler) referenced from ble_conn_params.o(i.ble_conn_params_init)
</UL>
<P>
<H3>
Global Symbols
</H3>
<P><STRONG><a name="[21]"></a>__main</STRONG> (Thumb, 0 bytes, Stack size unknown bytes, entry.o(.ARM.Collect$$$$00000000))
<BR>[Address Reference Count : 1]<UL><LI> arm_startup_nrf51.o(.text)
</UL>
<P><STRONG><a name="[146]"></a>_main_stk</STRONG> (Thumb, 0 bytes, Stack size unknown bytes, entry2.o(.ARM.Collect$$$$00000001))

<P><STRONG><a name="[48]"></a>_main_scatterload</STRONG> (Thumb, 0 bytes, Stack size unknown bytes, entry5.o(.ARM.Collect$$$$00000004))
<BR><BR>[Calls]<UL><LI><a href="#[49]">&gt;&gt;</a>&nbsp;&nbsp;&nbsp;__scatterload
</UL>

<P><STRONG><a name="[54]"></a>__main_after_scatterload</STRONG> (Thumb, 0 bytes, Stack size unknown bytes, entry5.o(.ARM.Collect$$$$00000004))
<BR><BR>[Called By]<UL><LI><a href="#[49]">&gt;&gt;</a>&nbsp;&nbsp;&nbsp;__scatterload
</UL>

<P><STRONG><a name="[147]"></a>_main_clock</STRONG> (Thumb, 0 bytes, Stack size unknown bytes, entry7b.o(.ARM.Collect$$$$00000008))

<P><STRONG><a name="[148]"></a>_main_cpp_init</STRONG> (Thumb, 0 bytes, Stack size unknown bytes, entry8b.o(.ARM.Collect$$$$0000000A))

<P><STRONG><a name="[149]"></a>_main_init</STRONG> (Thumb, 0 bytes, Stack size unknown bytes, entry9a.o(.ARM.Collect$$$$0000000B))

<P><STRONG><a name="[14a]"></a>__rt_final_cpp</STRONG> (Thumb, 0 bytes, Stack size unknown bytes, entry10a.o(.ARM.Collect$$$$0000000D))

<P><STRONG><a name="[14b]"></a>__rt_final_exit</STRONG> (Thumb, 0 bytes, Stack size unknown bytes, entry11a.o(.ARM.Collect$$$$0000000F))

<P><STRONG><a name="[4a]"></a>__asm___11_app_timer_c_cd27f9c3__nrf_delay_us</STRONG> (Thumb, 30 bytes, Stack size 0 bytes, app_timer.o(.emb_text))
<BR><BR>[Calls]<UL><LI><a href="#[4a]">&gt;&gt;</a>&nbsp;&nbsp;&nbsp;__asm___11_app_timer_c_cd27f9c3__nrf_delay_us
</UL>
<BR>[Called By]<UL><LI><a href="#[4a]">&gt;&gt;</a>&nbsp;&nbsp;&nbsp;__asm___11_app_timer_c_cd27f9c3__nrf_delay_us
<LI><a href="#[8c]">&gt;&gt;</a>&nbsp;&nbsp;&nbsp;rtc1_stop
<LI><a href="#[d3]">&gt;&gt;</a>&nbsp;&nbsp;&nbsp;rtc1_start
</UL>

<P><STRONG><a name="[0]"></a>Reset_Handler</STRONG> (Thumb, 26 bytes, Stack size 0 bytes, arm_startup_nrf51.o(.text))
<BR>[Address Reference Count : 1]<UL><LI> arm_startup_nrf51.o(RESET)
</UL>
<P><STRONG><a name="[1]"></a>NMI_Handler</STRONG> (Thumb, 2 bytes, Stack size 0 bytes, arm_startup_nrf51.o(.text))
<BR><BR>[Calls]<UL><LI><a href="#[1]">&gt;&gt;</a>&nbsp;&nbsp;&nbsp;NMI_Handler
</UL>
<BR>[Called By]<UL><LI><a href="#[1]">&gt;&gt;</a>&nbsp;&nbsp;&nbsp;NMI_Handler
</UL>
<BR>[Address Reference Count : 1]<UL><LI> arm_startup_nrf51.o(RESET)
</UL>
<P><STRONG><a name="[2]"></a>HardFault_Handler</STRONG> (Thumb, 2 bytes, Stack size 0 bytes, arm_startup_nrf51.o(.text))
<BR><BR>[Calls]<UL><LI><a href="#[2]">&gt;&gt;</a>&nbsp;&nbsp;&nbsp;HardFault_Handler
</UL>
<BR>[Called By]<UL><LI><a href="#[2]">&gt;&gt;</a>&nbsp;&nbsp;&nbsp;HardFault_Handler
</UL>
<BR>[Address Reference Count : 1]<UL><LI> arm_startup_nrf51.o(RESET)
</UL>
<P><STRONG><a name="[3]"></a>SVC_Handler</STRONG> (Thumb, 2 bytes, Stack size 0 bytes, arm_startup_nrf51.o(.text))
<BR><BR>[Calls]<UL><LI><a href="#[3]">&gt;&gt;</a>&nbsp;&nbsp;&nbsp;SVC_Handler
</UL>
<BR>[Called By]<UL><LI><a href="#[3]">&gt;&gt;</a>&nbsp;&nbsp;&nbsp;SVC_Handler
</UL>
<BR>[Address Reference Count : 1]<UL><LI> arm_startup_nrf51.o(RESET)
</UL>
<P><STRONG><a name="[4]"></a>PendSV_Handler</STRONG> (Thumb, 2 bytes, Stack size 0 bytes, arm_startup_nrf51.o(.text))
<BR><BR>[Calls]<UL><LI><a href="#[4]">&gt;&gt;</a>&nbsp;&nbsp;&nbsp;PendSV_Handler
</UL>
<BR>[Called By]<UL><LI><a href="#[4]">&gt;&gt;</a>&nbsp;&nbsp;&nbsp;PendSV_Handler
</UL>
<BR>[Address Reference Count : 1]<UL><LI> arm_startup_nrf51.o(RESET)
</UL>
<P><STRONG><a name="[5]"></a>SysTick_Handler</STRONG> (Thumb, 2 bytes, Stack size 0 bytes, arm_startup_nrf51.o(.text))
<BR><BR>[Calls]<UL><LI><a href="#[5]">&gt;&gt;</a>&nbsp;&nbsp;&nbsp;SysTick_Handler
</UL>
<BR>[Called By]<UL><LI><a href="#[5]">&gt;&gt;</a>&nbsp;&nbsp;&nbsp;SysTick_Handler
</UL>
<BR>[Address Reference Count : 1]<UL><LI> arm_startup_nrf51.o(RESET)
</UL>
<P><STRONG><a name="[c]"></a>ADC_IRQHandler</STRONG> (Thumb, 0 bytes, Stack size 0 bytes, arm_startup_nrf51.o(.text))
<BR><BR>[Calls]<UL><LI><a href="#[c]">&gt;&gt;</a>&nbsp;&nbsp;&nbsp;ADC_IRQHandler
</UL>
<BR>[Called By]<UL><LI><a href="#[c]">&gt;&gt;</a>&nbsp;&nbsp;&nbsp;ADC_IRQHandler
</UL>
<BR>[Address Reference Count : 1]<UL><LI> arm_startup_nrf51.o(RESET)
</UL>
<P><STRONG><a name="[14]"></a>CCM_AAR_IRQHandler</STRONG> (Thumb, 0 bytes, Stack size 0 bytes, arm_startup_nrf51.o(.text))
<BR>[Address Reference Count : 1]<UL><LI> arm_startup_nrf51.o(RESET)
</UL>
<P><STRONG><a name="[13]"></a>ECB_IRQHandler</STRONG> (Thumb, 0 bytes, Stack size 0 bytes, arm_startup_nrf51.o(.text))
<BR>[Address Reference Count : 1]<UL><LI> arm_startup_nrf51.o(RESET)
</UL>
<P><STRONG><a name="[18]"></a>LPCOMP_IRQHandler</STRONG> (Thumb, 0 bytes, Stack size 0 bytes, arm_startup_nrf51.o(.text))
<BR>[Address Reference Count : 1]<UL><LI> arm_startup_nrf51.o(RESET)
</UL>
<P><STRONG><a name="[6]"></a>POWER_CLOCK_IRQHandler</STRONG> (Thumb, 0 bytes, Stack size 0 bytes, arm_startup_nrf51.o(.text))
<BR>[Address Reference Count : 1]<UL><LI> arm_startup_nrf51.o(RESET)
</UL>
<P><STRONG><a name="[17]"></a>QDEC_IRQHandler</STRONG> (Thumb, 0 bytes, Stack size 0 bytes, arm_startup_nrf51.o(.text))
<BR>[Address Reference Count : 1]<UL><LI> arm_startup_nrf51.o(RESET)
</UL>
<P><STRONG><a name="[7]"></a>RADIO_IRQHandler</STRONG> (Thumb, 0 bytes, Stack size 0 bytes, arm_startup_nrf51.o(.text))
<BR>[Address Reference Count : 1]<UL><LI> arm_startup_nrf51.o(RESET)
</UL>
<P><STRONG><a name="[12]"></a>RNG_IRQHandler</STRONG> (Thumb, 0 bytes, Stack size 0 bytes, arm_startup_nrf51.o(.text))
<BR>[Address Reference Count : 1]<UL><LI> arm_startup_nrf51.o(RESET)
</UL>
<P><STRONG><a name="[10]"></a>RTC0_IRQHandler</STRONG> (Thumb, 0 bytes, Stack size 0 bytes, arm_startup_nrf51.o(.text))
<BR>[Address Reference Count : 1]<UL><LI> arm_startup_nrf51.o(RESET)
</UL>
<P><STRONG><a name="[9]"></a>SPI0_TWI0_IRQHandler</STRONG> (Thumb, 0 bytes, Stack size 0 bytes, arm_startup_nrf51.o(.text))
<BR>[Address Reference Count : 1]<UL><LI> arm_startup_nrf51.o(RESET)
</UL>
<P><STRONG><a name="[a]"></a>SPI1_TWI1_IRQHandler</STRONG> (Thumb, 0 bytes, Stack size 0 bytes, arm_startup_nrf51.o(.text))
<BR>[Address Reference Count : 1]<UL><LI> arm_startup_nrf51.o(RESET)
</UL>
<P><STRONG><a name="[1a]"></a>SWI1_IRQHandler</STRONG> (Thumb, 0 bytes, Stack size 0 bytes, arm_startup_nrf51.o(.text))
<BR>[Address Reference Count : 1]<UL><LI> arm_startup_nrf51.o(RESET)
</UL>
<P><STRONG><a name="[1c]"></a>SWI3_IRQHandler</STRONG> (Thumb, 0 bytes, Stack size 0 bytes, arm_startup_nrf51.o(.text))
<BR>[Address Reference Count : 1]<UL><LI> arm_startup_nrf51.o(RESET)
</UL>
<P><STRONG><a name="[1d]"></a>SWI4_IRQHandler</STRONG> (Thumb, 0 bytes, Stack size 0 bytes, arm_startup_nrf51.o(.text))
<BR>[Address Reference Count : 1]<UL><LI> arm_startup_nrf51.o(RESET)
</UL>
<P><STRONG><a name="[1e]"></a>SWI5_IRQHandler</STRONG> (Thumb, 0 bytes, Stack size 0 bytes, arm_startup_nrf51.o(.text))
<BR>[Address Reference Count : 1]<UL><LI> arm_startup_nrf51.o(RESET)
</UL>
<P><STRONG><a name="[11]"></a>TEMP_IRQHandler</STRONG> (Thumb, 0 bytes, Stack size 0 bytes, arm_startup_nrf51.o(.text))
<BR>[Address Reference Count : 1]<UL><LI> arm_startup_nrf51.o(RESET)
</UL>
<P><STRONG><a name="[d]"></a>TIMER0_IRQHandler</STRONG> (Thumb, 0 bytes, Stack size 0 bytes, arm_startup_nrf51.o(.text))
<BR>[Address Reference Count : 1]<UL><LI> arm_startup_nrf51.o(RESET)
</UL>
<P><STRONG><a name="[e]"></a>TIMER1_IRQHandler</STRONG> (Thumb, 0 bytes, Stack size 0 bytes, arm_startup_nrf51.o(.text))
<BR>[Address Reference Count : 1]<UL><LI> arm_startup_nrf51.o(RESET)
</UL>
<P><STRONG><a name="[f]"></a>TIMER2_IRQHandler</STRONG> (Thumb, 0 bytes, Stack size 0 bytes, arm_startup_nrf51.o(.text))
<BR>[Address Reference Count : 1]<UL><LI> arm_startup_nrf51.o(RESET)
</UL>
<P><STRONG><a name="[15]"></a>WDT_IRQHandler</STRONG> (Thumb, 0 bytes, Stack size 0 bytes, arm_startup_nrf51.o(.text))
<BR>[Address Reference Count : 1]<UL><LI> arm_startup_nrf51.o(RESET)
</UL>
<P><STRONG><a name="[14c]"></a>__aeabi_uidiv</STRONG> (Thumb, 0 bytes, Stack size 12 bytes, uidiv.o(.text), UNUSED)

<P><STRONG><a name="[4c]"></a>__aeabi_uidivmod</STRONG> (Thumb, 44 bytes, Stack size 12 bytes, uidiv.o(.text))
<BR><BR>[Stack]<UL><LI>Max Depth = 12<LI>Call Chain = __aeabi_uidivmod
</UL>
<BR>[Called By]<UL><LI><a href="#[2e]">&gt;&gt;</a>&nbsp;&nbsp;&nbsp;dm_pstorage_cb_handler
<LI><a href="#[c2]">&gt;&gt;</a>&nbsp;&nbsp;&nbsp;bsp_led_indication
<LI><a href="#[31]">&gt;&gt;</a>&nbsp;&nbsp;&nbsp;timer_timeout_handler
<LI><a href="#[3e]">&gt;&gt;</a>&nbsp;&nbsp;&nbsp;state_swap_erase_entry_run
<LI><a href="#[41]">&gt;&gt;</a>&nbsp;&nbsp;&nbsp;state_restore_tail_entry_run
<LI><a href="#[137]">&gt;&gt;</a>&nbsp;&nbsp;&nbsp;state_data_erase_swap_entry_run
<LI><a href="#[130]">&gt;&gt;</a>&nbsp;&nbsp;&nbsp;pstorage_flash_page_end
<LI><a href="#[100]">&gt;&gt;</a>&nbsp;&nbsp;&nbsp;is_tail_data_page_swap_required
<LI><a href="#[db]">&gt;&gt;</a>&nbsp;&nbsp;&nbsp;is_page_erase_required
<LI><a href="#[c4]">&gt;&gt;</a>&nbsp;&nbsp;&nbsp;clear_operation_execute
<LI><a href="#[e3]">&gt;&gt;</a>&nbsp;&nbsp;&nbsp;pstorage_clear
<LI><a href="#[4b]">&gt;&gt;</a>&nbsp;&nbsp;&nbsp;__aeabi_idivmod
</UL>

<P><STRONG><a name="[14d]"></a>__aeabi_idiv</STRONG> (Thumb, 0 bytes, Stack size 16 bytes, idiv.o(.text), UNUSED)

<P><STRONG><a name="[4b]"></a>__aeabi_idivmod</STRONG> (Thumb, 40 bytes, Stack size 16 bytes, idiv.o(.text))
<BR><BR>[Stack]<UL><LI>Max Depth = 28<LI>Call Chain = __aeabi_idivmod &rArr; __aeabi_uidivmod
</UL>
<BR>[Calls]<UL><LI><a href="#[4c]">&gt;&gt;</a>&nbsp;&nbsp;&nbsp;__aeabi_uidivmod
</UL>
<BR>[Called By]<UL><LI><a href="#[ec]">&gt;&gt;</a>&nbsp;&nbsp;&nbsp;pstorage_register
<LI><a href="#[11f]">&gt;&gt;</a>&nbsp;&nbsp;&nbsp;send_data_Encrypt
<LI><a href="#[ff]">&gt;&gt;</a>&nbsp;&nbsp;&nbsp;get_super_password
<LI><a href="#[fe]">&gt;&gt;</a>&nbsp;&nbsp;&nbsp;get_password
<LI><a href="#[1f]">&gt;&gt;</a>&nbsp;&nbsp;&nbsp;main
<LI><a href="#[c6]">&gt;&gt;</a>&nbsp;&nbsp;&nbsp;tail_word_size_calculate
<LI><a href="#[e3]">&gt;&gt;</a>&nbsp;&nbsp;&nbsp;pstorage_clear
</UL>

<P><STRONG><a name="[4d]"></a>__aeabi_ldivmod</STRONG> (Thumb, 76 bytes, Stack size 24 bytes, ldiv.o(.text))
<BR><BR>[Stack]<UL><LI>Max Depth = 80<LI>Call Chain = __aeabi_ldivmod &rArr; __aeabi_uldivmod &rArr; __aeabi_llsr
</UL>
<BR>[Calls]<UL><LI><a href="#[4e]">&gt;&gt;</a>&nbsp;&nbsp;&nbsp;__aeabi_uldivmod
</UL>
<BR>[Called By]<UL><LI><a href="#[1f]">&gt;&gt;</a>&nbsp;&nbsp;&nbsp;main
</UL>

<P><STRONG><a name="[56]"></a>__aeabi_memcpy</STRONG> (Thumb, 36 bytes, Stack size 0 bytes, memcpya.o(.text))
<BR><BR>[Called By]<UL><LI><a href="#[df]">&gt;&gt;</a>&nbsp;&nbsp;&nbsp;device_instance_allocate
<LI><a href="#[a8]">&gt;&gt;</a>&nbsp;&nbsp;&nbsp;on_connect
<LI><a href="#[ab]">&gt;&gt;</a>&nbsp;&nbsp;&nbsp;on_conn_params_update
<LI><a href="#[80]">&gt;&gt;</a>&nbsp;&nbsp;&nbsp;service_data_encode
<LI><a href="#[7f]">&gt;&gt;</a>&nbsp;&nbsp;&nbsp;manuf_specific_data_encode
<LI><a href="#[c0]">&gt;&gt;</a>&nbsp;&nbsp;&nbsp;pstorage_load
<LI><a href="#[5a]">&gt;&gt;</a>&nbsp;&nbsp;&nbsp;AES_Init
<LI><a href="#[58]">&gt;&gt;</a>&nbsp;&nbsp;&nbsp;AES_Encrypt_PKCS7
<LI><a href="#[55]">&gt;&gt;</a>&nbsp;&nbsp;&nbsp;AES_Decrypt
<LI><a href="#[60]">&gt;&gt;</a>&nbsp;&nbsp;&nbsp;MixColumns
<LI><a href="#[bc]">&gt;&gt;</a>&nbsp;&nbsp;&nbsp;on_write
<LI><a href="#[e8]">&gt;&gt;</a>&nbsp;&nbsp;&nbsp;dm_register
<LI><a href="#[ad]">&gt;&gt;</a>&nbsp;&nbsp;&nbsp;dm_ble_evt_handler
<LI><a href="#[a5]">&gt;&gt;</a>&nbsp;&nbsp;&nbsp;ble_conn_params_init
</UL>

<P><STRONG><a name="[9d]"></a>__aeabi_memcpy4</STRONG> (Thumb, 0 bytes, Stack size 0 bytes, memcpya.o(.text))
<BR><BR>[Called By]<UL><LI><a href="#[a5]">&gt;&gt;</a>&nbsp;&nbsp;&nbsp;ble_conn_params_init
<LI><a href="#[85]">&gt;&gt;</a>&nbsp;&nbsp;&nbsp;ble_advertising_init
<LI><a href="#[33]">&gt;&gt;</a>&nbsp;&nbsp;&nbsp;gatts_context_store
</UL>

<P><STRONG><a name="[14e]"></a>__aeabi_memcpy8</STRONG> (Thumb, 0 bytes, Stack size 0 bytes, memcpya.o(.text), UNUSED)

<P><STRONG><a name="[50]"></a>__aeabi_memset</STRONG> (Thumb, 14 bytes, Stack size 0 bytes, memseta.o(.text))
<BR><BR>[Called By]<UL><LI><a href="#[58]">&gt;&gt;</a>&nbsp;&nbsp;&nbsp;AES_Encrypt_PKCS7
<LI><a href="#[103]">&gt;&gt;</a>&nbsp;&nbsp;&nbsp;key_run
<LI><a href="#[51]">&gt;&gt;</a>&nbsp;&nbsp;&nbsp;_memset$wrapper
<LI><a href="#[4f]">&gt;&gt;</a>&nbsp;&nbsp;&nbsp;__aeabi_memclr
</UL>

<P><STRONG><a name="[14f]"></a>__aeabi_memset4</STRONG> (Thumb, 0 bytes, Stack size 0 bytes, memseta.o(.text), UNUSED)

<P><STRONG><a name="[150]"></a>__aeabi_memset8</STRONG> (Thumb, 0 bytes, Stack size 0 bytes, memseta.o(.text), UNUSED)

<P><STRONG><a name="[4f]"></a>__aeabi_memclr</STRONG> (Thumb, 4 bytes, Stack size 0 bytes, memseta.o(.text))
<BR><BR>[Calls]<UL><LI><a href="#[50]">&gt;&gt;</a>&nbsp;&nbsp;&nbsp;__aeabi_memset
</UL>
<BR>[Called By]<UL><LI><a href="#[d9]">&gt;&gt;</a>&nbsp;&nbsp;&nbsp;connection_instance_init
<LI><a href="#[9e]">&gt;&gt;</a>&nbsp;&nbsp;&nbsp;ble_advertising_peer_address_clear
<LI><a href="#[1f]">&gt;&gt;</a>&nbsp;&nbsp;&nbsp;main
<LI><a href="#[e5]">&gt;&gt;</a>&nbsp;&nbsp;&nbsp;device_manager_init
<LI><a href="#[e4]">&gt;&gt;</a>&nbsp;&nbsp;&nbsp;peer_instance_init
</UL>

<P><STRONG><a name="[84]"></a>__aeabi_memclr4</STRONG> (Thumb, 0 bytes, Stack size 0 bytes, memseta.o(.text))
<BR><BR>[Called By]<UL><LI><a href="#[2e]">&gt;&gt;</a>&nbsp;&nbsp;&nbsp;dm_pstorage_cb_handler
<LI><a href="#[b6]">&gt;&gt;</a>&nbsp;&nbsp;&nbsp;ble_wechat_add_indicate_char
<LI><a href="#[b5]">&gt;&gt;</a>&nbsp;&nbsp;&nbsp;ble_wechat_add_write_char
<LI><a href="#[b7]">&gt;&gt;</a>&nbsp;&nbsp;&nbsp;ble_wechat_add_read_char
<LI><a href="#[e7]">&gt;&gt;</a>&nbsp;&nbsp;&nbsp;dm_init
<LI><a href="#[ad]">&gt;&gt;</a>&nbsp;&nbsp;&nbsp;dm_ble_evt_handler
<LI><a href="#[a0]">&gt;&gt;</a>&nbsp;&nbsp;&nbsp;ble_advertising_start
<LI><a href="#[85]">&gt;&gt;</a>&nbsp;&nbsp;&nbsp;ble_advertising_init
<LI><a href="#[1f]">&gt;&gt;</a>&nbsp;&nbsp;&nbsp;main
<LI><a href="#[d6]">&gt;&gt;</a>&nbsp;&nbsp;&nbsp;conn_params_init
<LI><a href="#[83]">&gt;&gt;</a>&nbsp;&nbsp;&nbsp;advertising_init
<LI><a href="#[33]">&gt;&gt;</a>&nbsp;&nbsp;&nbsp;gatts_context_store
</UL>

<P><STRONG><a name="[151]"></a>__aeabi_memclr8</STRONG> (Thumb, 0 bytes, Stack size 0 bytes, memseta.o(.text), UNUSED)

<P><STRONG><a name="[51]"></a>_memset$wrapper</STRONG> (Thumb, 18 bytes, Stack size 8 bytes, memseta.o(.text), UNUSED)
<BR><BR>[Calls]<UL><LI><a href="#[50]">&gt;&gt;</a>&nbsp;&nbsp;&nbsp;__aeabi_memset
</UL>

<P><STRONG><a name="[b8]"></a>strlen</STRONG> (Thumb, 14 bytes, Stack size 0 bytes, strlen.o(.text))
<BR><BR>[Called By]<UL><LI><a href="#[b6]">&gt;&gt;</a>&nbsp;&nbsp;&nbsp;ble_wechat_add_indicate_char
<LI><a href="#[b5]">&gt;&gt;</a>&nbsp;&nbsp;&nbsp;ble_wechat_add_write_char
</UL>

<P><STRONG><a name="[e1]"></a>memcmp</STRONG> (Thumb, 26 bytes, Stack size 12 bytes, memcmp.o(.text))
<BR><BR>[Stack]<UL><LI>Max Depth = 12<LI>Call Chain = memcmp
</UL>
<BR>[Called By]<UL><LI><a href="#[2e]">&gt;&gt;</a>&nbsp;&nbsp;&nbsp;dm_pstorage_cb_handler
<LI><a href="#[e0]">&gt;&gt;</a>&nbsp;&nbsp;&nbsp;device_instance_find
<LI><a href="#[33]">&gt;&gt;</a>&nbsp;&nbsp;&nbsp;gatts_context_store
</UL>

<P><STRONG><a name="[4e]"></a>__aeabi_uldivmod</STRONG> (Thumb, 96 bytes, Stack size 48 bytes, uldiv.o(.text))
<BR><BR>[Stack]<UL><LI>Max Depth = 56<LI>Call Chain = __aeabi_uldivmod &rArr; __aeabi_llsr
</UL>
<BR>[Calls]<UL><LI><a href="#[52]">&gt;&gt;</a>&nbsp;&nbsp;&nbsp;__aeabi_llsr
<LI><a href="#[53]">&gt;&gt;</a>&nbsp;&nbsp;&nbsp;__aeabi_llsl
</UL>
<BR>[Called By]<UL><LI><a href="#[4d]">&gt;&gt;</a>&nbsp;&nbsp;&nbsp;__aeabi_ldivmod
<LI><a href="#[73]">&gt;&gt;</a>&nbsp;&nbsp;&nbsp;_printf_core
</UL>

<P><STRONG><a name="[49]"></a>__scatterload</STRONG> (Thumb, 28 bytes, Stack size 0 bytes, init.o(.text))
<BR><BR>[Calls]<UL><LI><a href="#[54]">&gt;&gt;</a>&nbsp;&nbsp;&nbsp;__main_after_scatterload
</UL>
<BR>[Called By]<UL><LI><a href="#[48]">&gt;&gt;</a>&nbsp;&nbsp;&nbsp;_main_scatterload
</UL>

<P><STRONG><a name="[152]"></a>__scatterload_rt2</STRONG> (Thumb, 0 bytes, Stack size 0 bytes, init.o(.text), UNUSED)

<P><STRONG><a name="[53]"></a>__aeabi_llsl</STRONG> (Thumb, 32 bytes, Stack size 8 bytes, llshl.o(.text))
<BR><BR>[Stack]<UL><LI>Max Depth = 8<LI>Call Chain = __aeabi_llsl
</UL>
<BR>[Called By]<UL><LI><a href="#[4e]">&gt;&gt;</a>&nbsp;&nbsp;&nbsp;__aeabi_uldivmod
</UL>

<P><STRONG><a name="[153]"></a>_ll_shift_l</STRONG> (Thumb, 0 bytes, Stack size 8 bytes, llshl.o(.text), UNUSED)

<P><STRONG><a name="[52]"></a>__aeabi_llsr</STRONG> (Thumb, 34 bytes, Stack size 8 bytes, llushr.o(.text))
<BR><BR>[Stack]<UL><LI>Max Depth = 8<LI>Call Chain = __aeabi_llsr
</UL>
<BR>[Called By]<UL><LI><a href="#[4e]">&gt;&gt;</a>&nbsp;&nbsp;&nbsp;__aeabi_uldivmod
</UL>

<P><STRONG><a name="[154]"></a>_ll_ushift_r</STRONG> (Thumb, 0 bytes, Stack size 8 bytes, llushr.o(.text), UNUSED)

<P><STRONG><a name="[155]"></a>__decompress</STRONG> (Thumb, 0 bytes, Stack size unknown bytes, __dczerorl2.o(.text), UNUSED)

<P><STRONG><a name="[156]"></a>__decompress1</STRONG> (Thumb, 86 bytes, Stack size unknown bytes, __dczerorl2.o(.text), UNUSED)

<P><STRONG><a name="[55]"></a>AES_Decrypt</STRONG> (Thumb, 48 bytes, Stack size 24 bytes, aes.o(i.AES_Decrypt))
<BR><BR>[Stack]<UL><LI>Max Depth = 80<LI>Call Chain = AES_Decrypt &rArr; BlockDecrypt &rArr; MixColumns
</UL>
<BR>[Calls]<UL><LI><a href="#[57]">&gt;&gt;</a>&nbsp;&nbsp;&nbsp;BlockDecrypt
<LI><a href="#[56]">&gt;&gt;</a>&nbsp;&nbsp;&nbsp;__aeabi_memcpy
</UL>
<BR>[Called By]<UL><LI><a href="#[11b]">&gt;&gt;</a>&nbsp;&nbsp;&nbsp;receive_data_Decrypt
</UL>

<P><STRONG><a name="[58]"></a>AES_Encrypt_PKCS7</STRONG> (Thumb, 114 bytes, Stack size 64 bytes, aes.o(i.AES_Encrypt_PKCS7))
<BR><BR>[Stack]<UL><LI>Max Depth = 120<LI>Call Chain = AES_Encrypt_PKCS7 &rArr; BlockEncrypt &rArr; MixColumns
</UL>
<BR>[Calls]<UL><LI><a href="#[59]">&gt;&gt;</a>&nbsp;&nbsp;&nbsp;BlockEncrypt
<LI><a href="#[50]">&gt;&gt;</a>&nbsp;&nbsp;&nbsp;__aeabi_memset
<LI><a href="#[56]">&gt;&gt;</a>&nbsp;&nbsp;&nbsp;__aeabi_memcpy
</UL>
<BR>[Called By]<UL><LI><a href="#[11f]">&gt;&gt;</a>&nbsp;&nbsp;&nbsp;send_data_Encrypt
</UL>

<P><STRONG><a name="[5a]"></a>AES_Init</STRONG> (Thumb, 120 bytes, Stack size 24 bytes, aes.o(i.AES_Init))
<BR><BR>[Stack]<UL><LI>Max Depth = 36<LI>Call Chain = AES_Init &rArr; XorBytes
</UL>
<BR>[Calls]<UL><LI><a href="#[5d]">&gt;&gt;</a>&nbsp;&nbsp;&nbsp;XorBytes
<LI><a href="#[5c]">&gt;&gt;</a>&nbsp;&nbsp;&nbsp;SubBytes
<LI><a href="#[5b]">&gt;&gt;</a>&nbsp;&nbsp;&nbsp;RotationWord
<LI><a href="#[5e]">&gt;&gt;</a>&nbsp;&nbsp;&nbsp;GfMultBy02
<LI><a href="#[56]">&gt;&gt;</a>&nbsp;&nbsp;&nbsp;__aeabi_memcpy
</UL>
<BR>[Called By]<UL><LI><a href="#[11f]">&gt;&gt;</a>&nbsp;&nbsp;&nbsp;send_data_Encrypt
<LI><a href="#[11b]">&gt;&gt;</a>&nbsp;&nbsp;&nbsp;receive_data_Decrypt
</UL>

<P><STRONG><a name="[132]"></a>Base64decode</STRONG> (Thumb, 206 bytes, Stack size 28 bytes, base64.o(i.Base64decode))
<BR><BR>[Stack]<UL><LI>Max Depth = 28<LI>Call Chain = Base64decode
</UL>
<BR>[Called By]<UL><LI><a href="#[11b]">&gt;&gt;</a>&nbsp;&nbsp;&nbsp;receive_data_Decrypt
</UL>

<P><STRONG><a name="[133]"></a>Base64encode</STRONG> (Thumb, 200 bytes, Stack size 20 bytes, base64.o(i.Base64encode))
<BR><BR>[Stack]<UL><LI>Max Depth = 20<LI>Call Chain = Base64encode
</UL>
<BR>[Called By]<UL><LI><a href="#[11f]">&gt;&gt;</a>&nbsp;&nbsp;&nbsp;send_data_Encrypt
</UL>

<P><STRONG><a name="[b]"></a>GPIOTE_IRQHandler</STRONG> (Thumb, 378 bytes, Stack size 48 bytes, nrf_drv_gpiote.o(i.GPIOTE_IRQHandler))
<BR><BR>[Stack]<UL><LI>Max Depth = 56<LI>Call Chain = GPIOTE_IRQHandler &rArr; nrf_gpiote_event_is_set
</UL>
<BR>[Calls]<UL><LI><a href="#[61]">&gt;&gt;</a>&nbsp;&nbsp;&nbsp;nrf_gpiote_event_is_set
<LI><a href="#[62]">&gt;&gt;</a>&nbsp;&nbsp;&nbsp;nrf_gpiote_event_clear
<LI><a href="#[65]">&gt;&gt;</a>&nbsp;&nbsp;&nbsp;nrf_gpio_cfg_sense_set
<LI><a href="#[64]">&gt;&gt;</a>&nbsp;&nbsp;&nbsp;channel_port_get
<LI><a href="#[63]">&gt;&gt;</a>&nbsp;&nbsp;&nbsp;channel_handler_get
</UL>
<BR>[Address Reference Count : 1]<UL><LI> arm_startup_nrf51.o(RESET)
</UL>
<P><STRONG><a name="[66]"></a>Holzer_init</STRONG> (Thumb, 24 bytes, Stack size 8 bytes, main.o(i.Holzer_init))
<BR><BR>[Stack]<UL><LI>Max Depth = 20<LI>Call Chain = Holzer_init &rArr; nrf_gpio_cfg_sense_input
</UL>
<BR>[Calls]<UL><LI><a href="#[67]">&gt;&gt;</a>&nbsp;&nbsp;&nbsp;nrf_gpio_cfg_sense_input
</UL>
<BR>[Called By]<UL><LI><a href="#[1f]">&gt;&gt;</a>&nbsp;&nbsp;&nbsp;main
</UL>

<P><STRONG><a name="[16]"></a>RTC1_IRQHandler</STRONG> (Thumb, 34 bytes, Stack size 8 bytes, app_timer.o(i.RTC1_IRQHandler))
<BR><BR>[Stack]<UL><LI>Max Depth = 200<LI>Call Chain = RTC1_IRQHandler &rArr; timer_timeouts_check &rArr; timeout_handler_exec &rArr; app_error_handler &rArr; bsp_indication_set &rArr; bsp_led_indication &rArr; app_timer_start &rArr; timer_start_op_schedule &rArr; user_op_alloc
</UL>
<BR>[Calls]<UL><LI><a href="#[68]">&gt;&gt;</a>&nbsp;&nbsp;&nbsp;timer_timeouts_check
</UL>
<BR>[Address Reference Count : 1]<UL><LI> arm_startup_nrf51.o(RESET)
</UL>
<P><STRONG><a name="[19]"></a>SWI0_IRQHandler</STRONG> (Thumb, 8 bytes, Stack size 8 bytes, app_timer.o(i.SWI0_IRQHandler))
<BR><BR>[Stack]<UL><LI>Max Depth = 92<LI>Call Chain = SWI0_IRQHandler &rArr; timer_list_handler &rArr; list_insertions_handler &rArr; timer_list_insert
</UL>
<BR>[Calls]<UL><LI><a href="#[69]">&gt;&gt;</a>&nbsp;&nbsp;&nbsp;timer_list_handler
</UL>
<BR>[Address Reference Count : 1]<UL><LI> arm_startup_nrf51.o(RESET)
</UL>
<P><STRONG><a name="[1b]"></a>SWI2_IRQHandler</STRONG> (Thumb, 52 bytes, Stack size 16 bytes, softdevice_handler.o(i.SWI2_IRQHandler))
<BR><BR>[Stack]<UL><LI>Max Depth = 192<LI>Call Chain = SWI2_IRQHandler &rArr; intern_softdevice_events_execute &rArr; app_error_handler &rArr; bsp_indication_set &rArr; bsp_led_indication &rArr; app_timer_start &rArr; timer_start_op_schedule &rArr; user_op_alloc
</UL>
<BR>[Calls]<UL><LI><a href="#[6a]">&gt;&gt;</a>&nbsp;&nbsp;&nbsp;app_error_handler
<LI><a href="#[6b]">&gt;&gt;</a>&nbsp;&nbsp;&nbsp;intern_softdevice_events_execute
</UL>
<BR>[Address Reference Count : 1]<UL><LI> arm_startup_nrf51.o(RESET)
</UL>
<P><STRONG><a name="[20]"></a>SystemInit</STRONG> (Thumb, 76 bytes, Stack size 8 bytes, system_nrf51.o(i.SystemInit))
<BR><BR>[Stack]<UL><LI>Max Depth = 8<LI>Call Chain = SystemInit
</UL>
<BR>[Calls]<UL><LI><a href="#[6e]">&gt;&gt;</a>&nbsp;&nbsp;&nbsp;is_peripheral_domain_setup_needed
<LI><a href="#[6c]">&gt;&gt;</a>&nbsp;&nbsp;&nbsp;is_manual_peripheral_setup_needed
<LI><a href="#[6d]">&gt;&gt;</a>&nbsp;&nbsp;&nbsp;is_disabled_in_debug_needed
</UL>
<BR>[Address Reference Count : 1]<UL><LI> arm_startup_nrf51.o(.text)
</UL>
<P><STRONG><a name="[8]"></a>UART0_IRQHandler</STRONG> (Thumb, 142 bytes, Stack size 16 bytes, app_uart_fifo.o(i.UART0_IRQHandler))
<BR><BR>[Stack]<UL><LI>Max Depth = 64<LI>Call Chain = UART0_IRQHandler &rArr; on_uart_event &rArr; on_tx_ready &rArr; action_tx_ready &rArr; action_tx_send &rArr; app_fifo_get
</UL>
<BR>[Calls]<UL><LI><a href="#[6f]">&gt;&gt;</a>&nbsp;&nbsp;&nbsp;app_fifo_put
<LI><a href="#[71]">&gt;&gt;</a>&nbsp;&nbsp;&nbsp;on_uart_event
<LI><a href="#[70]">&gt;&gt;</a>&nbsp;&nbsp;&nbsp;fifo_length
</UL>
<BR>[Address Reference Count : 1]<UL><LI> arm_startup_nrf51.o(RESET)
</UL>
<P><STRONG><a name="[72]"></a>__0printf$5</STRONG> (Thumb, 24 bytes, Stack size 24 bytes, printf5.o(i.__0printf$5), UNUSED)
<BR><BR>[Calls]<UL><LI><a href="#[73]">&gt;&gt;</a>&nbsp;&nbsp;&nbsp;_printf_core
</UL>

<P><STRONG><a name="[157]"></a>__1printf$5</STRONG> (Thumb, 0 bytes, Stack size 24 bytes, printf5.o(i.__0printf$5), UNUSED)

<P><STRONG><a name="[f1]"></a>__2printf</STRONG> (Thumb, 0 bytes, Stack size 24 bytes, printf5.o(i.__0printf$5))
<BR><BR>[Stack]<UL><LI>Max Depth = 24<LI>Call Chain = __2printf
</UL>
<BR>[Called By]<UL><LI><a href="#[2f]">&gt;&gt;</a>&nbsp;&nbsp;&nbsp;flash_callback
<LI><a href="#[121]">&gt;&gt;</a>&nbsp;&nbsp;&nbsp;motor_key_state
<LI><a href="#[10a]">&gt;&gt;</a>&nbsp;&nbsp;&nbsp;key_super_run
<LI><a href="#[103]">&gt;&gt;</a>&nbsp;&nbsp;&nbsp;key_run
<LI><a href="#[1f]">&gt;&gt;</a>&nbsp;&nbsp;&nbsp;main
<LI><a href="#[31]">&gt;&gt;</a>&nbsp;&nbsp;&nbsp;timer_timeout_handler
<LI><a href="#[af]">&gt;&gt;</a>&nbsp;&nbsp;&nbsp;on_ble_evt
</UL>

<P><STRONG><a name="[74]"></a>__0sprintf$5</STRONG> (Thumb, 36 bytes, Stack size 24 bytes, printf5.o(i.__0sprintf$5), UNUSED)
<BR><BR>[Calls]<UL><LI><a href="#[23]">&gt;&gt;</a>&nbsp;&nbsp;&nbsp;_sputc
<LI><a href="#[73]">&gt;&gt;</a>&nbsp;&nbsp;&nbsp;_printf_core
</UL>

<P><STRONG><a name="[158]"></a>__1sprintf$5</STRONG> (Thumb, 0 bytes, Stack size 24 bytes, printf5.o(i.__0sprintf$5), UNUSED)

<P><STRONG><a name="[fb]"></a>__2sprintf</STRONG> (Thumb, 0 bytes, Stack size 24 bytes, printf5.o(i.__0sprintf$5))
<BR><BR>[Stack]<UL><LI>Max Depth = 24<LI>Call Chain = __2sprintf
</UL>
<BR>[Called By]<UL><LI><a href="#[fa]">&gt;&gt;</a>&nbsp;&nbsp;&nbsp;get_AES_KEY
</UL>

<P><STRONG><a name="[c3]"></a>__ARM_common_switch8</STRONG> (Thumb, 28 bytes, Stack size 8 bytes, bsp.o(i.__ARM_common_switch8))
<BR><BR>[Stack]<UL><LI>Max Depth = 8<LI>Call Chain = __ARM_common_switch8
</UL>
<BR>[Called By]<UL><LI><a href="#[c2]">&gt;&gt;</a>&nbsp;&nbsp;&nbsp;bsp_led_indication
<LI><a href="#[71]">&gt;&gt;</a>&nbsp;&nbsp;&nbsp;on_uart_event
</UL>

<P><STRONG><a name="[159]"></a>__scatterload_copy</STRONG> (Thumb, 14 bytes, Stack size unknown bytes, handlers.o(i.__scatterload_copy), UNUSED)

<P><STRONG><a name="[15a]"></a>__scatterload_null</STRONG> (Thumb, 2 bytes, Stack size unknown bytes, handlers.o(i.__scatterload_null), UNUSED)

<P><STRONG><a name="[15b]"></a>__scatterload_zeroinit</STRONG> (Thumb, 14 bytes, Stack size unknown bytes, handlers.o(i.__scatterload_zeroinit), UNUSED)

<P><STRONG><a name="[77]"></a>action_tx_stop</STRONG> (Thumb, 28 bytes, Stack size 16 bytes, app_uart_fifo.o(i.action_tx_stop))
<BR><BR>[Stack]<UL><LI>Max Depth = 16<LI>Call Chain = action_tx_stop
</UL>
<BR>[Called By]<UL><LI><a href="#[76]">&gt;&gt;</a>&nbsp;&nbsp;&nbsp;action_tx_send
<LI><a href="#[75]">&gt;&gt;</a>&nbsp;&nbsp;&nbsp;action_tx_ready
</UL>

<P><STRONG><a name="[11c]"></a>adc_enable</STRONG> (Thumb, 48 bytes, Stack size 0 bytes, ad.o(i.adc_enable))
<BR><BR>[Called By]<UL><LI><a href="#[1f]">&gt;&gt;</a>&nbsp;&nbsp;&nbsp;main
</UL>

<P><STRONG><a name="[6a]"></a>app_error_handler</STRONG> (Thumb, 48 bytes, Stack size 24 bytes, app_error.o(i.app_error_handler))
<BR><BR>[Stack]<UL><LI>Max Depth = 152<LI>Call Chain = app_error_handler &rArr; bsp_indication_set &rArr; bsp_led_indication &rArr; app_timer_start &rArr; timer_start_op_schedule &rArr; user_op_alloc
</UL>
<BR>[Calls]<UL><LI><a href="#[86]">&gt;&gt;</a>&nbsp;&nbsp;&nbsp;bsp_indication_set
</UL>
<BR>[Called By]<UL><LI><a href="#[2e]">&gt;&gt;</a>&nbsp;&nbsp;&nbsp;dm_pstorage_cb_handler
<LI><a href="#[120]">&gt;&gt;</a>&nbsp;&nbsp;&nbsp;receive_phone_num_update
<LI><a href="#[118]">&gt;&gt;</a>&nbsp;&nbsp;&nbsp;receive_phone_num_read
<LI><a href="#[106]">&gt;&gt;</a>&nbsp;&nbsp;&nbsp;receive_password_num_update
<LI><a href="#[119]">&gt;&gt;</a>&nbsp;&nbsp;&nbsp;receive_password_num_read
<LI><a href="#[fc]">&gt;&gt;</a>&nbsp;&nbsp;&nbsp;get_mac_addr
<LI><a href="#[f2]">&gt;&gt;</a>&nbsp;&nbsp;&nbsp;flash_init
<LI><a href="#[ad]">&gt;&gt;</a>&nbsp;&nbsp;&nbsp;dm_ble_evt_handler
<LI><a href="#[b4]">&gt;&gt;</a>&nbsp;&nbsp;&nbsp;ble_wechat_add_characteristics
<LI><a href="#[1f]">&gt;&gt;</a>&nbsp;&nbsp;&nbsp;main
<LI><a href="#[114]">&gt;&gt;</a>&nbsp;&nbsp;&nbsp;timers_init
<LI><a href="#[31]">&gt;&gt;</a>&nbsp;&nbsp;&nbsp;timer_timeout_handler
<LI><a href="#[128]">&gt;&gt;</a>&nbsp;&nbsp;&nbsp;sleep_mode_enter
<LI><a href="#[115]">&gt;&gt;</a>&nbsp;&nbsp;&nbsp;services_init
<LI><a href="#[122]">&gt;&gt;</a>&nbsp;&nbsp;&nbsp;power_manage
<LI><a href="#[28]">&gt;&gt;</a>&nbsp;&nbsp;&nbsp;on_conn_params_evt
<LI><a href="#[af]">&gt;&gt;</a>&nbsp;&nbsp;&nbsp;on_ble_evt
<LI><a href="#[24]">&gt;&gt;</a>&nbsp;&nbsp;&nbsp;on_adv_evt
<LI><a href="#[f9]">&gt;&gt;</a>&nbsp;&nbsp;&nbsp;gap_params_init
<LI><a href="#[e5]">&gt;&gt;</a>&nbsp;&nbsp;&nbsp;device_manager_init
<LI><a href="#[2d]">&gt;&gt;</a>&nbsp;&nbsp;&nbsp;device_manager_evt_handler
<LI><a href="#[d6]">&gt;&gt;</a>&nbsp;&nbsp;&nbsp;conn_params_init
<LI><a href="#[29]">&gt;&gt;</a>&nbsp;&nbsp;&nbsp;conn_params_error_handler
<LI><a href="#[b0]">&gt;&gt;</a>&nbsp;&nbsp;&nbsp;ble_stack_init
<LI><a href="#[99]">&gt;&gt;</a>&nbsp;&nbsp;&nbsp;application_timers_start
<LI><a href="#[83]">&gt;&gt;</a>&nbsp;&nbsp;&nbsp;advertising_init
<LI><a href="#[6b]">&gt;&gt;</a>&nbsp;&nbsp;&nbsp;intern_softdevice_events_execute
<LI><a href="#[1b]">&gt;&gt;</a>&nbsp;&nbsp;&nbsp;SWI2_IRQHandler
<LI><a href="#[13c]">&gt;&gt;</a>&nbsp;&nbsp;&nbsp;timeout_handler_exec
</UL>

<P><STRONG><a name="[78]"></a>app_fifo_get</STRONG> (Thumb, 42 bytes, Stack size 16 bytes, app_fifo.o(i.app_fifo_get))
<BR><BR>[Stack]<UL><LI>Max Depth = 16<LI>Call Chain = app_fifo_get
</UL>
<BR>[Calls]<UL><LI><a href="#[87]">&gt;&gt;</a>&nbsp;&nbsp;&nbsp;fifo_length
</UL>
<BR>[Called By]<UL><LI><a href="#[76]">&gt;&gt;</a>&nbsp;&nbsp;&nbsp;action_tx_send
</UL>

<P><STRONG><a name="[6f]"></a>app_fifo_put</STRONG> (Thumb, 42 bytes, Stack size 16 bytes, app_fifo.o(i.app_fifo_put))
<BR><BR>[Stack]<UL><LI>Max Depth = 16<LI>Call Chain = app_fifo_put
</UL>
<BR>[Calls]<UL><LI><a href="#[87]">&gt;&gt;</a>&nbsp;&nbsp;&nbsp;fifo_length
</UL>
<BR>[Called By]<UL><LI><a href="#[97]">&gt;&gt;</a>&nbsp;&nbsp;&nbsp;app_uart_put
<LI><a href="#[8]">&gt;&gt;</a>&nbsp;&nbsp;&nbsp;UART0_IRQHandler
</UL>

<P><STRONG><a name="[a6]"></a>app_timer_create</STRONG> (Thumb, 108 bytes, Stack size 16 bytes, app_timer.o(i.app_timer_create))
<BR><BR>[Stack]<UL><LI>Max Depth = 16<LI>Call Chain = app_timer_create
</UL>
<BR>[Called By]<UL><LI><a href="#[a5]">&gt;&gt;</a>&nbsp;&nbsp;&nbsp;ble_conn_params_init
<LI><a href="#[114]">&gt;&gt;</a>&nbsp;&nbsp;&nbsp;timers_init
</UL>

<P><STRONG><a name="[8b]"></a>app_timer_init</STRONG> (Thumb, 204 bytes, Stack size 40 bytes, app_timer.o(i.app_timer_init))
<BR><BR>[Stack]<UL><LI>Max Depth = 56<LI>Call Chain = app_timer_init &rArr; rtc1_init &rArr; NVIC_SetPriority
</UL>
<BR>[Calls]<UL><LI><a href="#[8c]">&gt;&gt;</a>&nbsp;&nbsp;&nbsp;rtc1_stop
<LI><a href="#[90]">&gt;&gt;</a>&nbsp;&nbsp;&nbsp;rtc1_init
<LI><a href="#[91]">&gt;&gt;</a>&nbsp;&nbsp;&nbsp;rtc1_counter_get
<LI><a href="#[8e]">&gt;&gt;</a>&nbsp;&nbsp;&nbsp;NVIC_SetPriority
<LI><a href="#[8f]">&gt;&gt;</a>&nbsp;&nbsp;&nbsp;NVIC_EnableIRQ
<LI><a href="#[8d]">&gt;&gt;</a>&nbsp;&nbsp;&nbsp;NVIC_ClearPendingIRQ
</UL>
<BR>[Called By]<UL><LI><a href="#[114]">&gt;&gt;</a>&nbsp;&nbsp;&nbsp;timers_init
</UL>

<P><STRONG><a name="[92]"></a>app_timer_start</STRONG> (Thumb, 98 bytes, Stack size 32 bytes, app_timer.o(i.app_timer_start))
<BR><BR>[Stack]<UL><LI>Max Depth = 88<LI>Call Chain = app_timer_start &rArr; timer_start_op_schedule &rArr; user_op_alloc
</UL>
<BR>[Calls]<UL><LI><a href="#[93]">&gt;&gt;</a>&nbsp;&nbsp;&nbsp;user_id_get
<LI><a href="#[94]">&gt;&gt;</a>&nbsp;&nbsp;&nbsp;timer_start_op_schedule
</UL>
<BR>[Called By]<UL><LI><a href="#[d7]">&gt;&gt;</a>&nbsp;&nbsp;&nbsp;conn_params_negotiation
<LI><a href="#[c2]">&gt;&gt;</a>&nbsp;&nbsp;&nbsp;bsp_led_indication
<LI><a href="#[99]">&gt;&gt;</a>&nbsp;&nbsp;&nbsp;application_timers_start
</UL>

<P><STRONG><a name="[95]"></a>app_timer_stop</STRONG> (Thumb, 60 bytes, Stack size 16 bytes, app_timer.o(i.app_timer_stop))
<BR><BR>[Stack]<UL><LI>Max Depth = 56<LI>Call Chain = app_timer_stop &rArr; timer_stop_op_schedule &rArr; user_op_alloc
</UL>
<BR>[Calls]<UL><LI><a href="#[93]">&gt;&gt;</a>&nbsp;&nbsp;&nbsp;user_id_get
<LI><a href="#[96]">&gt;&gt;</a>&nbsp;&nbsp;&nbsp;timer_stop_op_schedule
</UL>
<BR>[Called By]<UL><LI><a href="#[aa]">&gt;&gt;</a>&nbsp;&nbsp;&nbsp;on_write
<LI><a href="#[a9]">&gt;&gt;</a>&nbsp;&nbsp;&nbsp;on_disconnect
<LI><a href="#[c2]">&gt;&gt;</a>&nbsp;&nbsp;&nbsp;bsp_led_indication
</UL>

<P><STRONG><a name="[97]"></a>app_uart_put</STRONG> (Thumb, 24 bytes, Stack size 16 bytes, app_uart_fifo.o(i.app_uart_put))
<BR><BR>[Stack]<UL><LI>Max Depth = 64<LI>Call Chain = app_uart_put &rArr; on_uart_event &rArr; on_tx_ready &rArr; action_tx_ready &rArr; action_tx_send &rArr; app_fifo_get
</UL>
<BR>[Calls]<UL><LI><a href="#[6f]">&gt;&gt;</a>&nbsp;&nbsp;&nbsp;app_fifo_put
<LI><a href="#[71]">&gt;&gt;</a>&nbsp;&nbsp;&nbsp;on_uart_event
</UL>
<BR>[Called By]<UL><LI><a href="#[22]">&gt;&gt;</a>&nbsp;&nbsp;&nbsp;fputc
</UL>

<P><STRONG><a name="[9a]"></a>ble_advdata_set</STRONG> (Thumb, 122 bytes, Stack size 104 bytes, ble_advdata.o(i.ble_advdata_set))
<BR><BR>[Stack]<UL><LI>Max Depth = 232<LI>Call Chain = ble_advdata_set &rArr; adv_data_encode &rArr; uuid_list_encode &rArr; uuid_list_sized_encode
</UL>
<BR>[Calls]<UL><LI><a href="#[9c]">&gt;&gt;</a>&nbsp;&nbsp;&nbsp;srdata_check
<LI><a href="#[9b]">&gt;&gt;</a>&nbsp;&nbsp;&nbsp;advdata_check
<LI><a href="#[79]">&gt;&gt;</a>&nbsp;&nbsp;&nbsp;adv_data_encode
</UL>
<BR>[Called By]<UL><LI><a href="#[a0]">&gt;&gt;</a>&nbsp;&nbsp;&nbsp;ble_advertising_start
<LI><a href="#[85]">&gt;&gt;</a>&nbsp;&nbsp;&nbsp;ble_advertising_init
</UL>

<P><STRONG><a name="[85]"></a>ble_advertising_init</STRONG> (Thumb, 316 bytes, Stack size 24 bytes, ble_advertising.o(i.ble_advertising_init))
<BR><BR>[Stack]<UL><LI>Max Depth = 256<LI>Call Chain = ble_advertising_init &rArr; ble_advdata_set &rArr; adv_data_encode &rArr; uuid_list_encode &rArr; uuid_list_sized_encode
</UL>
<BR>[Calls]<UL><LI><a href="#[9e]">&gt;&gt;</a>&nbsp;&nbsp;&nbsp;ble_advertising_peer_address_clear
<LI><a href="#[9a]">&gt;&gt;</a>&nbsp;&nbsp;&nbsp;ble_advdata_set
<LI><a href="#[84]">&gt;&gt;</a>&nbsp;&nbsp;&nbsp;__aeabi_memclr4
<LI><a href="#[9d]">&gt;&gt;</a>&nbsp;&nbsp;&nbsp;__aeabi_memcpy4
</UL>
<BR>[Called By]<UL><LI><a href="#[83]">&gt;&gt;</a>&nbsp;&nbsp;&nbsp;advertising_init
</UL>

<P><STRONG><a name="[9f]"></a>ble_advertising_on_ble_evt</STRONG> (Thumb, 236 bytes, Stack size 16 bytes, ble_advertising.o(i.ble_advertising_on_ble_evt))
<BR><BR>[Stack]<UL><LI>Max Depth = 288<LI>Call Chain = ble_advertising_on_ble_evt &rArr; ble_advertising_start &rArr; ble_advdata_set &rArr; adv_data_encode &rArr; uuid_list_encode &rArr; uuid_list_sized_encode
</UL>
<BR>[Calls]<UL><LI><a href="#[a0]">&gt;&gt;</a>&nbsp;&nbsp;&nbsp;ble_advertising_start
</UL>
<BR>[Called By]<UL><LI><a href="#[26]">&gt;&gt;</a>&nbsp;&nbsp;&nbsp;ble_evt_dispatch
</UL>

<P><STRONG><a name="[a1]"></a>ble_advertising_on_sys_evt</STRONG> (Thumb, 70 bytes, Stack size 16 bytes, ble_advertising.o(i.ble_advertising_on_sys_evt))
<BR><BR>[Stack]<UL><LI>Max Depth = 288<LI>Call Chain = ble_advertising_on_sys_evt &rArr; ble_advertising_start &rArr; ble_advdata_set &rArr; adv_data_encode &rArr; uuid_list_encode &rArr; uuid_list_sized_encode
</UL>
<BR>[Calls]<UL><LI><a href="#[a0]">&gt;&gt;</a>&nbsp;&nbsp;&nbsp;ble_advertising_start
</UL>
<BR>[Called By]<UL><LI><a href="#[27]">&gt;&gt;</a>&nbsp;&nbsp;&nbsp;sys_evt_dispatch
</UL>

<P><STRONG><a name="[a0]"></a>ble_advertising_start</STRONG> (Thumb, 654 bytes, Stack size 40 bytes, ble_advertising.o(i.ble_advertising_start))
<BR><BR>[Stack]<UL><LI>Max Depth = 272<LI>Call Chain = ble_advertising_start &rArr; ble_advdata_set &rArr; adv_data_encode &rArr; uuid_list_encode &rArr; uuid_list_sized_encode
</UL>
<BR>[Calls]<UL><LI><a href="#[a2]">&gt;&gt;</a>&nbsp;&nbsp;&nbsp;pstorage_access_status_get
<LI><a href="#[a4]">&gt;&gt;</a>&nbsp;&nbsp;&nbsp;whitelist_has_entries
<LI><a href="#[a3]">&gt;&gt;</a>&nbsp;&nbsp;&nbsp;peer_address_exists
<LI><a href="#[9e]">&gt;&gt;</a>&nbsp;&nbsp;&nbsp;ble_advertising_peer_address_clear
<LI><a href="#[9a]">&gt;&gt;</a>&nbsp;&nbsp;&nbsp;ble_advdata_set
<LI><a href="#[84]">&gt;&gt;</a>&nbsp;&nbsp;&nbsp;__aeabi_memclr4
</UL>
<BR>[Called By]<UL><LI><a href="#[a1]">&gt;&gt;</a>&nbsp;&nbsp;&nbsp;ble_advertising_on_sys_evt
<LI><a href="#[9f]">&gt;&gt;</a>&nbsp;&nbsp;&nbsp;ble_advertising_on_ble_evt
<LI><a href="#[1f]">&gt;&gt;</a>&nbsp;&nbsp;&nbsp;main
</UL>

<P><STRONG><a name="[a5]"></a>ble_conn_params_init</STRONG> (Thumb, 90 bytes, Stack size 16 bytes, ble_conn_params.o(i.ble_conn_params_init))
<BR><BR>[Stack]<UL><LI>Max Depth = 32<LI>Call Chain = ble_conn_params_init &rArr; app_timer_create
</UL>
<BR>[Calls]<UL><LI><a href="#[a6]">&gt;&gt;</a>&nbsp;&nbsp;&nbsp;app_timer_create
<LI><a href="#[9d]">&gt;&gt;</a>&nbsp;&nbsp;&nbsp;__aeabi_memcpy4
<LI><a href="#[56]">&gt;&gt;</a>&nbsp;&nbsp;&nbsp;__aeabi_memcpy
</UL>
<BR>[Called By]<UL><LI><a href="#[d6]">&gt;&gt;</a>&nbsp;&nbsp;&nbsp;conn_params_init
</UL>

<P><STRONG><a name="[a7]"></a>ble_conn_params_on_ble_evt</STRONG> (Thumb, 62 bytes, Stack size 8 bytes, ble_conn_params.o(i.ble_conn_params_on_ble_evt))
<BR><BR>[Stack]<UL><LI>Max Depth = 128<LI>Call Chain = ble_conn_params_on_ble_evt &rArr; on_write &rArr; conn_params_negotiation &rArr; app_timer_start &rArr; timer_start_op_schedule &rArr; user_op_alloc
</UL>
<BR>[Calls]<UL><LI><a href="#[aa]">&gt;&gt;</a>&nbsp;&nbsp;&nbsp;on_write
<LI><a href="#[a9]">&gt;&gt;</a>&nbsp;&nbsp;&nbsp;on_disconnect
<LI><a href="#[a8]">&gt;&gt;</a>&nbsp;&nbsp;&nbsp;on_connect
<LI><a href="#[ab]">&gt;&gt;</a>&nbsp;&nbsp;&nbsp;on_conn_params_update
</UL>
<BR>[Called By]<UL><LI><a href="#[26]">&gt;&gt;</a>&nbsp;&nbsp;&nbsp;ble_evt_dispatch
</UL>

<P><STRONG><a name="[b4]"></a>ble_wechat_add_characteristics</STRONG> (Thumb, 110 bytes, Stack size 16 bytes, ble_wechat_service.o(i.ble_wechat_add_characteristics))
<BR><BR>[Stack]<UL><LI>Max Depth = 168<LI>Call Chain = ble_wechat_add_characteristics &rArr; app_error_handler &rArr; bsp_indication_set &rArr; bsp_led_indication &rArr; app_timer_start &rArr; timer_start_op_schedule &rArr; user_op_alloc
</UL>
<BR>[Calls]<UL><LI><a href="#[b6]">&gt;&gt;</a>&nbsp;&nbsp;&nbsp;ble_wechat_add_indicate_char
<LI><a href="#[b5]">&gt;&gt;</a>&nbsp;&nbsp;&nbsp;ble_wechat_add_write_char
<LI><a href="#[b7]">&gt;&gt;</a>&nbsp;&nbsp;&nbsp;ble_wechat_add_read_char
<LI><a href="#[6a]">&gt;&gt;</a>&nbsp;&nbsp;&nbsp;app_error_handler
</UL>
<BR>[Called By]<UL><LI><a href="#[115]">&gt;&gt;</a>&nbsp;&nbsp;&nbsp;services_init
</UL>

<P><STRONG><a name="[b6]"></a>ble_wechat_add_indicate_char</STRONG> (Thumb, 296 bytes, Stack size 72 bytes, ble_wechat_service.o(i.ble_wechat_add_indicate_char))
<BR><BR>[Stack]<UL><LI>Max Depth = 72<LI>Call Chain = ble_wechat_add_indicate_char
</UL>
<BR>[Calls]<UL><LI><a href="#[b8]">&gt;&gt;</a>&nbsp;&nbsp;&nbsp;strlen
<LI><a href="#[84]">&gt;&gt;</a>&nbsp;&nbsp;&nbsp;__aeabi_memclr4
</UL>
<BR>[Called By]<UL><LI><a href="#[b4]">&gt;&gt;</a>&nbsp;&nbsp;&nbsp;ble_wechat_add_characteristics
</UL>

<P><STRONG><a name="[134]"></a>ble_wechat_add_service</STRONG> (Thumb, 32 bytes, Stack size 16 bytes, ble_wechat_service.o(i.ble_wechat_add_service))
<BR><BR>[Stack]<UL><LI>Max Depth = 16<LI>Call Chain = ble_wechat_add_service
</UL>
<BR>[Called By]<UL><LI><a href="#[115]">&gt;&gt;</a>&nbsp;&nbsp;&nbsp;services_init
</UL>

<P><STRONG><a name="[b9]"></a>ble_wechat_indicate_data</STRONG> (Thumb, 40 bytes, Stack size 16 bytes, ble_wechat_service.o(i.ble_wechat_indicate_data))
<BR><BR>[Stack]<UL><LI>Max Depth = 56<LI>Call Chain = ble_wechat_indicate_data &rArr; ble_wechat_indicate_data_chunk &rArr; free
</UL>
<BR>[Calls]<UL><LI><a href="#[ba]">&gt;&gt;</a>&nbsp;&nbsp;&nbsp;ble_wechat_indicate_data_chunk
</UL>
<BR>[Called By]<UL><LI><a href="#[1f]">&gt;&gt;</a>&nbsp;&nbsp;&nbsp;main
</UL>

<P><STRONG><a name="[ac]"></a>ble_wechat_on_ble_evt</STRONG> (Thumb, 66 bytes, Stack size 16 bytes, ble_wechat_service.o(i.ble_wechat_on_ble_evt))
<BR><BR>[Stack]<UL><LI>Max Depth = 72<LI>Call Chain = ble_wechat_on_ble_evt &rArr; on_indicate_comfirm &rArr; ble_wechat_indicate_data_chunk &rArr; free
</UL>
<BR>[Calls]<UL><LI><a href="#[bd]">&gt;&gt;</a>&nbsp;&nbsp;&nbsp;on_indicate_comfirm
<LI><a href="#[bc]">&gt;&gt;</a>&nbsp;&nbsp;&nbsp;on_write
</UL>
<BR>[Called By]<UL><LI><a href="#[26]">&gt;&gt;</a>&nbsp;&nbsp;&nbsp;ble_evt_dispatch
</UL>

<P><STRONG><a name="[be]"></a>bond_data_load</STRONG> (Thumb, 62 bytes, Stack size 24 bytes, device_manager_peripheral.o(i.bond_data_load))
<BR><BR>[Stack]<UL><LI>Max Depth = 64<LI>Call Chain = bond_data_load &rArr; pstorage_load
</UL>
<BR>[Calls]<UL><LI><a href="#[c0]">&gt;&gt;</a>&nbsp;&nbsp;&nbsp;pstorage_load
<LI><a href="#[bf]">&gt;&gt;</a>&nbsp;&nbsp;&nbsp;pstorage_block_identifier_get
</UL>
<BR>[Called By]<UL><LI><a href="#[ad]">&gt;&gt;</a>&nbsp;&nbsp;&nbsp;dm_ble_evt_handler
</UL>

<P><STRONG><a name="[ae]"></a>bsp_btn_ble_on_ble_evt</STRONG> (Thumb, 122 bytes, Stack size 16 bytes, bsp_btn_ble.o(i.bsp_btn_ble_on_ble_evt))
<BR><BR>[Stack]<UL><LI>Max Depth = 36<LI>Call Chain = bsp_btn_ble_on_ble_evt &rArr; connection_buttons_configure &rArr; bsp_event_to_button_action_assign
</UL>
<BR>[Calls]<UL><LI><a href="#[c1]">&gt;&gt;</a>&nbsp;&nbsp;&nbsp;connection_buttons_configure
<LI><a href="#[81]">&gt;&gt;</a>&nbsp;&nbsp;&nbsp;advertising_buttons_configure
</UL>
<BR>[Called By]<UL><LI><a href="#[26]">&gt;&gt;</a>&nbsp;&nbsp;&nbsp;ble_evt_dispatch
</UL>

<P><STRONG><a name="[82]"></a>bsp_event_to_button_action_assign</STRONG> (Thumb, 88 bytes, Stack size 12 bytes, bsp.o(i.bsp_event_to_button_action_assign))
<BR><BR>[Stack]<UL><LI>Max Depth = 12<LI>Call Chain = bsp_event_to_button_action_assign
</UL>
<BR>[Called By]<UL><LI><a href="#[c1]">&gt;&gt;</a>&nbsp;&nbsp;&nbsp;connection_buttons_configure
<LI><a href="#[81]">&gt;&gt;</a>&nbsp;&nbsp;&nbsp;advertising_buttons_configure
</UL>

<P><STRONG><a name="[86]"></a>bsp_indication_set</STRONG> (Thumb, 30 bytes, Stack size 16 bytes, bsp.o(i.bsp_indication_set))
<BR><BR>[Stack]<UL><LI>Max Depth = 128<LI>Call Chain = bsp_indication_set &rArr; bsp_led_indication &rArr; app_timer_start &rArr; timer_start_op_schedule &rArr; user_op_alloc
</UL>
<BR>[Calls]<UL><LI><a href="#[c2]">&gt;&gt;</a>&nbsp;&nbsp;&nbsp;bsp_led_indication
</UL>
<BR>[Called By]<UL><LI><a href="#[6a]">&gt;&gt;</a>&nbsp;&nbsp;&nbsp;app_error_handler
<LI><a href="#[128]">&gt;&gt;</a>&nbsp;&nbsp;&nbsp;sleep_mode_enter
<LI><a href="#[af]">&gt;&gt;</a>&nbsp;&nbsp;&nbsp;on_ble_evt
<LI><a href="#[24]">&gt;&gt;</a>&nbsp;&nbsp;&nbsp;on_adv_evt
</UL>

<P><STRONG><a name="[105]"></a>compare_password</STRONG> (Thumb, 32 bytes, Stack size 8 bytes, key.o(i.compare_password))
<BR><BR>[Stack]<UL><LI>Max Depth = 8<LI>Call Chain = compare_password
</UL>
<BR>[Called By]<UL><LI><a href="#[10a]">&gt;&gt;</a>&nbsp;&nbsp;&nbsp;key_super_run
<LI><a href="#[103]">&gt;&gt;</a>&nbsp;&nbsp;&nbsp;key_run
</UL>

<P><STRONG><a name="[ad]"></a>dm_ble_evt_handler</STRONG> (Thumb, 1570 bytes, Stack size 80 bytes, device_manager_peripheral.o(i.dm_ble_evt_handler))
<BR><BR>[Stack]<UL><LI>Max Depth = 344<LI>Call Chain = dm_ble_evt_handler &rArr; device_instance_free &rArr; pstorage_clear &rArr; cmd_queue_enqueue &rArr; cmd_process &rArr; update_operation_execute &rArr; clear_operation_execute &rArr; sm_state_change &rArr; state_entry_action_run &rArr; state_store_entry_run &rArr; store_cmd_flash_write_execute &rArr; flash_write &rArr; flash_api_err_code_process &rArr; app_notify_error_state_transit &rArr;  sm_state_change (Cycle)
</UL>
<BR>[Calls]<UL><LI><a href="#[e2]">&gt;&gt;</a>&nbsp;&nbsp;&nbsp;device_instance_free
<LI><a href="#[e0]">&gt;&gt;</a>&nbsp;&nbsp;&nbsp;device_instance_find
<LI><a href="#[df]">&gt;&gt;</a>&nbsp;&nbsp;&nbsp;device_instance_allocate
<LI><a href="#[de]">&gt;&gt;</a>&nbsp;&nbsp;&nbsp;device_context_store
<LI><a href="#[d9]">&gt;&gt;</a>&nbsp;&nbsp;&nbsp;connection_instance_init
<LI><a href="#[ea]">&gt;&gt;</a>&nbsp;&nbsp;&nbsp;connection_instance_find
<LI><a href="#[eb]">&gt;&gt;</a>&nbsp;&nbsp;&nbsp;app_evt_notify
<LI><a href="#[6a]">&gt;&gt;</a>&nbsp;&nbsp;&nbsp;app_error_handler
<LI><a href="#[e9]">&gt;&gt;</a>&nbsp;&nbsp;&nbsp;dm_handle_initialize
<LI><a href="#[be]">&gt;&gt;</a>&nbsp;&nbsp;&nbsp;bond_data_load
<LI><a href="#[e4]">&gt;&gt;</a>&nbsp;&nbsp;&nbsp;peer_instance_init
<LI><a href="#[84]">&gt;&gt;</a>&nbsp;&nbsp;&nbsp;__aeabi_memclr4
<LI><a href="#[56]">&gt;&gt;</a>&nbsp;&nbsp;&nbsp;__aeabi_memcpy
</UL>
<BR>[Called By]<UL><LI><a href="#[26]">&gt;&gt;</a>&nbsp;&nbsp;&nbsp;ble_evt_dispatch
</UL>

<P><STRONG><a name="[e9]"></a>dm_handle_initialize</STRONG> (Thumb, 24 bytes, Stack size 0 bytes, device_manager_peripheral.o(i.dm_handle_initialize))
<BR><BR>[Called By]<UL><LI><a href="#[2e]">&gt;&gt;</a>&nbsp;&nbsp;&nbsp;dm_pstorage_cb_handler
<LI><a href="#[ad]">&gt;&gt;</a>&nbsp;&nbsp;&nbsp;dm_ble_evt_handler
</UL>

<P><STRONG><a name="[e7]"></a>dm_init</STRONG> (Thumb, 230 bytes, Stack size 32 bytes, device_manager_peripheral.o(i.dm_init))
<BR><BR>[Stack]<UL><LI>Max Depth = 272<LI>Call Chain = dm_init &rArr; pstorage_clear &rArr; cmd_queue_enqueue &rArr; cmd_process &rArr; update_operation_execute &rArr; clear_operation_execute &rArr; sm_state_change &rArr; state_entry_action_run &rArr; state_store_entry_run &rArr; store_cmd_flash_write_execute &rArr; flash_write &rArr; flash_api_err_code_process &rArr; app_notify_error_state_transit &rArr;  sm_state_change (Cycle)
</UL>
<BR>[Calls]<UL><LI><a href="#[d9]">&gt;&gt;</a>&nbsp;&nbsp;&nbsp;connection_instance_init
<LI><a href="#[ec]">&gt;&gt;</a>&nbsp;&nbsp;&nbsp;pstorage_register
<LI><a href="#[c0]">&gt;&gt;</a>&nbsp;&nbsp;&nbsp;pstorage_load
<LI><a href="#[bf]">&gt;&gt;</a>&nbsp;&nbsp;&nbsp;pstorage_block_identifier_get
<LI><a href="#[e3]">&gt;&gt;</a>&nbsp;&nbsp;&nbsp;pstorage_clear
<LI><a href="#[e4]">&gt;&gt;</a>&nbsp;&nbsp;&nbsp;peer_instance_init
<LI><a href="#[84]">&gt;&gt;</a>&nbsp;&nbsp;&nbsp;__aeabi_memclr4
</UL>
<BR>[Called By]<UL><LI><a href="#[e5]">&gt;&gt;</a>&nbsp;&nbsp;&nbsp;device_manager_init
</UL>

<P><STRONG><a name="[e8]"></a>dm_register</STRONG> (Thumb, 176 bytes, Stack size 16 bytes, device_manager_peripheral.o(i.dm_register))
<BR><BR>[Stack]<UL><LI>Max Depth = 16<LI>Call Chain = dm_register
</UL>
<BR>[Calls]<UL><LI><a href="#[56]">&gt;&gt;</a>&nbsp;&nbsp;&nbsp;__aeabi_memcpy
</UL>
<BR>[Called By]<UL><LI><a href="#[e5]">&gt;&gt;</a>&nbsp;&nbsp;&nbsp;device_manager_init
</UL>

<P><STRONG><a name="[2f]"></a>flash_callback</STRONG> (Thumb, 164 bytes, Stack size 24 bytes, flash.o(i.flash_callback))
<BR><BR>[Stack]<UL><LI>Max Depth = 48<LI>Call Chain = flash_callback &rArr; __2printf
</UL>
<BR>[Calls]<UL><LI><a href="#[f1]">&gt;&gt;</a>&nbsp;&nbsp;&nbsp;__2printf
</UL>
<BR>[Address Reference Count : 1]<UL><LI> flash.o(i.flash_init)
</UL>
<P><STRONG><a name="[f2]"></a>flash_init</STRONG> (Thumb, 58 bytes, Stack size 24 bytes, flash.o(i.flash_init))
<BR><BR>[Stack]<UL><LI>Max Depth = 176<LI>Call Chain = flash_init &rArr; app_error_handler &rArr; bsp_indication_set &rArr; bsp_led_indication &rArr; app_timer_start &rArr; timer_start_op_schedule &rArr; user_op_alloc
</UL>
<BR>[Calls]<UL><LI><a href="#[ec]">&gt;&gt;</a>&nbsp;&nbsp;&nbsp;pstorage_register
<LI><a href="#[6a]">&gt;&gt;</a>&nbsp;&nbsp;&nbsp;app_error_handler
</UL>
<BR>[Called By]<UL><LI><a href="#[1f]">&gt;&gt;</a>&nbsp;&nbsp;&nbsp;main
</UL>

<P><STRONG><a name="[22]"></a>fputc</STRONG> (Thumb, 16 bytes, Stack size 16 bytes, retarget.o(i.fputc))
<BR><BR>[Stack]<UL><LI>Max Depth = 80<LI>Call Chain = fputc &rArr; app_uart_put &rArr; on_uart_event &rArr; on_tx_ready &rArr; action_tx_ready &rArr; action_tx_send &rArr; app_fifo_get
</UL>
<BR>[Calls]<UL><LI><a href="#[97]">&gt;&gt;</a>&nbsp;&nbsp;&nbsp;app_uart_put
</UL>
<BR>[Address Reference Count : 1]<UL><LI> printf5.o(i.__0printf$5)
</UL>
<P><STRONG><a name="[bb]"></a>free</STRONG> (Thumb, 80 bytes, Stack size 8 bytes, malloc.o(i.free))
<BR><BR>[Stack]<UL><LI>Max Depth = 8<LI>Call Chain = free
</UL>
<BR>[Called By]<UL><LI><a href="#[ba]">&gt;&gt;</a>&nbsp;&nbsp;&nbsp;ble_wechat_indicate_data_chunk
<LI><a href="#[11f]">&gt;&gt;</a>&nbsp;&nbsp;&nbsp;send_data_Encrypt
<LI><a href="#[11b]">&gt;&gt;</a>&nbsp;&nbsp;&nbsp;receive_data_Decrypt
<LI><a href="#[fc]">&gt;&gt;</a>&nbsp;&nbsp;&nbsp;get_mac_addr
</UL>

<P><STRONG><a name="[fa]"></a>get_AES_KEY</STRONG> (Thumb, 90 bytes, Stack size 16 bytes, main.o(i.get_AES_KEY))
<BR><BR>[Stack]<UL><LI>Max Depth = 40<LI>Call Chain = get_AES_KEY &rArr; __2sprintf
</UL>
<BR>[Calls]<UL><LI><a href="#[fb]">&gt;&gt;</a>&nbsp;&nbsp;&nbsp;__2sprintf
</UL>
<BR>[Called By]<UL><LI><a href="#[1f]">&gt;&gt;</a>&nbsp;&nbsp;&nbsp;main
</UL>

<P><STRONG><a name="[fc]"></a>get_mac_addr</STRONG> (Thumb, 78 bytes, Stack size 24 bytes, ble_wechat_service.o(i.get_mac_addr))
<BR><BR>[Stack]<UL><LI>Max Depth = 176<LI>Call Chain = get_mac_addr &rArr; app_error_handler &rArr; bsp_indication_set &rArr; bsp_led_indication &rArr; app_timer_start &rArr; timer_start_op_schedule &rArr; user_op_alloc
</UL>
<BR>[Calls]<UL><LI><a href="#[6a]">&gt;&gt;</a>&nbsp;&nbsp;&nbsp;app_error_handler
<LI><a href="#[fd]">&gt;&gt;</a>&nbsp;&nbsp;&nbsp;malloc
<LI><a href="#[bb]">&gt;&gt;</a>&nbsp;&nbsp;&nbsp;free
</UL>
<BR>[Called By]<UL><LI><a href="#[1f]">&gt;&gt;</a>&nbsp;&nbsp;&nbsp;main
</UL>

<P><STRONG><a name="[fe]"></a>get_password</STRONG> (Thumb, 58 bytes, Stack size 40 bytes, data_processing.o(i.get_password))
<BR><BR>[Stack]<UL><LI>Max Depth = 68<LI>Call Chain = get_password &rArr; __aeabi_idivmod &rArr; __aeabi_uidivmod
</UL>
<BR>[Calls]<UL><LI><a href="#[4b]">&gt;&gt;</a>&nbsp;&nbsp;&nbsp;__aeabi_idivmod
</UL>
<BR>[Called By]<UL><LI><a href="#[1f]">&gt;&gt;</a>&nbsp;&nbsp;&nbsp;main
</UL>

<P><STRONG><a name="[ff]"></a>get_super_password</STRONG> (Thumb, 46 bytes, Stack size 24 bytes, data_processing.o(i.get_super_password))
<BR><BR>[Stack]<UL><LI>Max Depth = 52<LI>Call Chain = get_super_password &rArr; __aeabi_idivmod &rArr; __aeabi_uidivmod
</UL>
<BR>[Calls]<UL><LI><a href="#[4b]">&gt;&gt;</a>&nbsp;&nbsp;&nbsp;__aeabi_idivmod
</UL>
<BR>[Called By]<UL><LI><a href="#[1f]">&gt;&gt;</a>&nbsp;&nbsp;&nbsp;main
</UL>

<P><STRONG><a name="[6b]"></a>intern_softdevice_events_execute</STRONG> (Thumb, 168 bytes, Stack size 24 bytes, softdevice_handler.o(i.intern_softdevice_events_execute))
<BR><BR>[Stack]<UL><LI>Max Depth = 176<LI>Call Chain = intern_softdevice_events_execute &rArr; app_error_handler &rArr; bsp_indication_set &rArr; bsp_led_indication &rArr; app_timer_start &rArr; timer_start_op_schedule &rArr; user_op_alloc
</UL>
<BR>[Calls]<UL><LI><a href="#[6a]">&gt;&gt;</a>&nbsp;&nbsp;&nbsp;app_error_handler
</UL>
<BR>[Called By]<UL><LI><a href="#[1b]">&gt;&gt;</a>&nbsp;&nbsp;&nbsp;SWI2_IRQHandler
</UL>

<P><STRONG><a name="[101]"></a>key_init</STRONG> (Thumb, 54 bytes, Stack size 8 bytes, key.o(i.key_init))
<BR><BR>[Stack]<UL><LI>Max Depth = 20<LI>Call Chain = key_init &rArr; nrf_gpio_cfg_sense_input
</UL>
<BR>[Calls]<UL><LI><a href="#[102]">&gt;&gt;</a>&nbsp;&nbsp;&nbsp;nrf_gpio_cfg_sense_input
</UL>
<BR>[Called By]<UL><LI><a href="#[1f]">&gt;&gt;</a>&nbsp;&nbsp;&nbsp;main
</UL>

<P><STRONG><a name="[103]"></a>key_run</STRONG> (Thumb, 342 bytes, Stack size 8 bytes, key.o(i.key_run))
<BR><BR>[Stack]<UL><LI>Max Depth = 264<LI>Call Chain = key_run &rArr; receive_password_num_update &rArr; pstorage_update &rArr; cmd_queue_enqueue &rArr; cmd_process &rArr; update_operation_execute &rArr; clear_operation_execute &rArr; sm_state_change &rArr; state_entry_action_run &rArr; state_store_entry_run &rArr; store_cmd_flash_write_execute &rArr; flash_write &rArr; flash_api_err_code_process &rArr; app_notify_error_state_transit &rArr;  sm_state_change (Cycle)
</UL>
<BR>[Calls]<UL><LI><a href="#[107]">&gt;&gt;</a>&nbsp;&nbsp;&nbsp;key_scan
<LI><a href="#[105]">&gt;&gt;</a>&nbsp;&nbsp;&nbsp;compare_password
<LI><a href="#[109]">&gt;&gt;</a>&nbsp;&nbsp;&nbsp;nrf_gpio_pin_set
<LI><a href="#[104]">&gt;&gt;</a>&nbsp;&nbsp;&nbsp;nrf_gpio_pin_read
<LI><a href="#[108]">&gt;&gt;</a>&nbsp;&nbsp;&nbsp;nrf_gpio_pin_clear
<LI><a href="#[106]">&gt;&gt;</a>&nbsp;&nbsp;&nbsp;receive_password_num_update
<LI><a href="#[50]">&gt;&gt;</a>&nbsp;&nbsp;&nbsp;__aeabi_memset
<LI><a href="#[f1]">&gt;&gt;</a>&nbsp;&nbsp;&nbsp;__2printf
</UL>
<BR>[Called By]<UL><LI><a href="#[1f]">&gt;&gt;</a>&nbsp;&nbsp;&nbsp;main
</UL>

<P><STRONG><a name="[107]"></a>key_scan</STRONG> (Thumb, 220 bytes, Stack size 16 bytes, key.o(i.key_scan))
<BR><BR>[Stack]<UL><LI>Max Depth = 16<LI>Call Chain = key_scan
</UL>
<BR>[Calls]<UL><LI><a href="#[104]">&gt;&gt;</a>&nbsp;&nbsp;&nbsp;nrf_gpio_pin_read
</UL>
<BR>[Called By]<UL><LI><a href="#[10a]">&gt;&gt;</a>&nbsp;&nbsp;&nbsp;key_super_run
<LI><a href="#[103]">&gt;&gt;</a>&nbsp;&nbsp;&nbsp;key_run
</UL>

<P><STRONG><a name="[10a]"></a>key_super_run</STRONG> (Thumb, 330 bytes, Stack size 8 bytes, key.o(i.key_super_run))
<BR><BR>[Stack]<UL><LI>Max Depth = 32<LI>Call Chain = key_super_run &rArr; __2printf
</UL>
<BR>[Calls]<UL><LI><a href="#[107]">&gt;&gt;</a>&nbsp;&nbsp;&nbsp;key_scan
<LI><a href="#[105]">&gt;&gt;</a>&nbsp;&nbsp;&nbsp;compare_password
<LI><a href="#[109]">&gt;&gt;</a>&nbsp;&nbsp;&nbsp;nrf_gpio_pin_set
<LI><a href="#[104]">&gt;&gt;</a>&nbsp;&nbsp;&nbsp;nrf_gpio_pin_read
<LI><a href="#[108]">&gt;&gt;</a>&nbsp;&nbsp;&nbsp;nrf_gpio_pin_clear
<LI><a href="#[f1]">&gt;&gt;</a>&nbsp;&nbsp;&nbsp;__2printf
</UL>
<BR>[Called By]<UL><LI><a href="#[1f]">&gt;&gt;</a>&nbsp;&nbsp;&nbsp;main
</UL>

<P><STRONG><a name="[1f]"></a>main</STRONG> (Thumb, 1822 bytes, Stack size 56 bytes, main.o(i.main))
<BR><BR>[Stack]<UL><LI>Max Depth = 424<LI>Call Chain = main &rArr; advertising_init &rArr; ble_advertising_init &rArr; ble_advdata_set &rArr; adv_data_encode &rArr; uuid_list_encode &rArr; uuid_list_sized_encode
</UL>
<BR>[Calls]<UL><LI><a href="#[117]">&gt;&gt;</a>&nbsp;&nbsp;&nbsp;wdt_start
<LI><a href="#[116]">&gt;&gt;</a>&nbsp;&nbsp;&nbsp;wdt_init
<LI><a href="#[11a]">&gt;&gt;</a>&nbsp;&nbsp;&nbsp;wdt_feed
<LI><a href="#[11f]">&gt;&gt;</a>&nbsp;&nbsp;&nbsp;send_data_Encrypt
<LI><a href="#[120]">&gt;&gt;</a>&nbsp;&nbsp;&nbsp;receive_phone_num_update
<LI><a href="#[118]">&gt;&gt;</a>&nbsp;&nbsp;&nbsp;receive_phone_num_read
<LI><a href="#[106]">&gt;&gt;</a>&nbsp;&nbsp;&nbsp;receive_password_num_update
<LI><a href="#[119]">&gt;&gt;</a>&nbsp;&nbsp;&nbsp;receive_password_num_read
<LI><a href="#[11b]">&gt;&gt;</a>&nbsp;&nbsp;&nbsp;receive_data_Decrypt
<LI><a href="#[11d]">&gt;&gt;</a>&nbsp;&nbsp;&nbsp;nrf_adc_read
<LI><a href="#[121]">&gt;&gt;</a>&nbsp;&nbsp;&nbsp;motor_key_state
<LI><a href="#[113]">&gt;&gt;</a>&nbsp;&nbsp;&nbsp;motor_init
<LI><a href="#[10a]">&gt;&gt;</a>&nbsp;&nbsp;&nbsp;key_super_run
<LI><a href="#[103]">&gt;&gt;</a>&nbsp;&nbsp;&nbsp;key_run
<LI><a href="#[101]">&gt;&gt;</a>&nbsp;&nbsp;&nbsp;key_init
<LI><a href="#[ff]">&gt;&gt;</a>&nbsp;&nbsp;&nbsp;get_super_password
<LI><a href="#[fe]">&gt;&gt;</a>&nbsp;&nbsp;&nbsp;get_password
<LI><a href="#[fc]">&gt;&gt;</a>&nbsp;&nbsp;&nbsp;get_mac_addr
<LI><a href="#[f2]">&gt;&gt;</a>&nbsp;&nbsp;&nbsp;flash_init
<LI><a href="#[b9]">&gt;&gt;</a>&nbsp;&nbsp;&nbsp;ble_wechat_indicate_data
<LI><a href="#[a0]">&gt;&gt;</a>&nbsp;&nbsp;&nbsp;ble_advertising_start
<LI><a href="#[6a]">&gt;&gt;</a>&nbsp;&nbsp;&nbsp;app_error_handler
<LI><a href="#[11c]">&gt;&gt;</a>&nbsp;&nbsp;&nbsp;adc_enable
<LI><a href="#[fa]">&gt;&gt;</a>&nbsp;&nbsp;&nbsp;get_AES_KEY
<LI><a href="#[66]">&gt;&gt;</a>&nbsp;&nbsp;&nbsp;Holzer_init
<LI><a href="#[114]">&gt;&gt;</a>&nbsp;&nbsp;&nbsp;timers_init
<LI><a href="#[115]">&gt;&gt;</a>&nbsp;&nbsp;&nbsp;services_init
<LI><a href="#[122]">&gt;&gt;</a>&nbsp;&nbsp;&nbsp;power_manage
<LI><a href="#[11e]">&gt;&gt;</a>&nbsp;&nbsp;&nbsp;nrf_gpio_pin_read
<LI><a href="#[10b]">&gt;&gt;</a>&nbsp;&nbsp;&nbsp;leds_init
<LI><a href="#[f9]">&gt;&gt;</a>&nbsp;&nbsp;&nbsp;gap_params_init
<LI><a href="#[e5]">&gt;&gt;</a>&nbsp;&nbsp;&nbsp;device_manager_init
<LI><a href="#[d6]">&gt;&gt;</a>&nbsp;&nbsp;&nbsp;conn_params_init
<LI><a href="#[b0]">&gt;&gt;</a>&nbsp;&nbsp;&nbsp;ble_stack_init
<LI><a href="#[99]">&gt;&gt;</a>&nbsp;&nbsp;&nbsp;application_timers_start
<LI><a href="#[83]">&gt;&gt;</a>&nbsp;&nbsp;&nbsp;advertising_init
<LI><a href="#[84]">&gt;&gt;</a>&nbsp;&nbsp;&nbsp;__aeabi_memclr4
<LI><a href="#[4f]">&gt;&gt;</a>&nbsp;&nbsp;&nbsp;__aeabi_memclr
<LI><a href="#[4d]">&gt;&gt;</a>&nbsp;&nbsp;&nbsp;__aeabi_ldivmod
<LI><a href="#[4b]">&gt;&gt;</a>&nbsp;&nbsp;&nbsp;__aeabi_idivmod
<LI><a href="#[f1]">&gt;&gt;</a>&nbsp;&nbsp;&nbsp;__2printf
</UL>
<BR>[Address Reference Count : 1]<UL><LI> entry9a.o(.ARM.Collect$$$$0000000B)
</UL>
<P><STRONG><a name="[fd]"></a>malloc</STRONG> (Thumb, 92 bytes, Stack size 20 bytes, malloc.o(i.malloc))
<BR><BR>[Stack]<UL><LI>Max Depth = 20<LI>Call Chain = malloc
</UL>
<BR>[Called By]<UL><LI><a href="#[11f]">&gt;&gt;</a>&nbsp;&nbsp;&nbsp;send_data_Encrypt
<LI><a href="#[11b]">&gt;&gt;</a>&nbsp;&nbsp;&nbsp;receive_data_Decrypt
<LI><a href="#[fc]">&gt;&gt;</a>&nbsp;&nbsp;&nbsp;get_mac_addr
</UL>

<P><STRONG><a name="[113]"></a>motor_init</STRONG> (Thumb, 40 bytes, Stack size 8 bytes, motor.o(i.motor_init))
<BR><BR>[Stack]<UL><LI>Max Depth = 8<LI>Call Chain = motor_init
</UL>
<BR>[Calls]<UL><LI><a href="#[124]">&gt;&gt;</a>&nbsp;&nbsp;&nbsp;nrf_gpio_pin_clear
<LI><a href="#[123]">&gt;&gt;</a>&nbsp;&nbsp;&nbsp;nrf_gpio_cfg_output
</UL>
<BR>[Called By]<UL><LI><a href="#[1f]">&gt;&gt;</a>&nbsp;&nbsp;&nbsp;main
</UL>

<P><STRONG><a name="[121]"></a>motor_key_state</STRONG> (Thumb, 504 bytes, Stack size 8 bytes, motor.o(i.motor_key_state))
<BR><BR>[Stack]<UL><LI>Max Depth = 32<LI>Call Chain = motor_key_state &rArr; __2printf
</UL>
<BR>[Calls]<UL><LI><a href="#[126]">&gt;&gt;</a>&nbsp;&nbsp;&nbsp;nrf_gpio_pin_set
<LI><a href="#[125]">&gt;&gt;</a>&nbsp;&nbsp;&nbsp;nrf_gpio_pin_read
<LI><a href="#[124]">&gt;&gt;</a>&nbsp;&nbsp;&nbsp;nrf_gpio_pin_clear
<LI><a href="#[f1]">&gt;&gt;</a>&nbsp;&nbsp;&nbsp;__2printf
</UL>
<BR>[Called By]<UL><LI><a href="#[1f]">&gt;&gt;</a>&nbsp;&nbsp;&nbsp;main
</UL>

<P><STRONG><a name="[11d]"></a>nrf_adc_read</STRONG> (Thumb, 30 bytes, Stack size 0 bytes, ad.o(i.nrf_adc_read))
<BR><BR>[Called By]<UL><LI><a href="#[1f]">&gt;&gt;</a>&nbsp;&nbsp;&nbsp;main
</UL>

<P><STRONG><a name="[bd]"></a>on_indicate_comfirm</STRONG> (Thumb, 14 bytes, Stack size 16 bytes, ble_wechat_service.o(i.on_indicate_comfirm))
<BR><BR>[Stack]<UL><LI>Max Depth = 56<LI>Call Chain = on_indicate_comfirm &rArr; ble_wechat_indicate_data_chunk &rArr; free
</UL>
<BR>[Calls]<UL><LI><a href="#[ba]">&gt;&gt;</a>&nbsp;&nbsp;&nbsp;ble_wechat_indicate_data_chunk
</UL>
<BR>[Called By]<UL><LI><a href="#[ac]">&gt;&gt;</a>&nbsp;&nbsp;&nbsp;ble_wechat_on_ble_evt
</UL>

<P><STRONG><a name="[a2]"></a>pstorage_access_status_get</STRONG> (Thumb, 40 bytes, Stack size 0 bytes, pstorage.o(i.pstorage_access_status_get))
<BR><BR>[Called By]<UL><LI><a href="#[a0]">&gt;&gt;</a>&nbsp;&nbsp;&nbsp;ble_advertising_start
</UL>

<P><STRONG><a name="[bf]"></a>pstorage_block_identifier_get</STRONG> (Thumb, 154 bytes, Stack size 20 bytes, pstorage.o(i.pstorage_block_identifier_get))
<BR><BR>[Stack]<UL><LI>Max Depth = 20<LI>Call Chain = pstorage_block_identifier_get
</UL>
<BR>[Called By]<UL><LI><a href="#[2e]">&gt;&gt;</a>&nbsp;&nbsp;&nbsp;dm_pstorage_cb_handler
<LI><a href="#[e2]">&gt;&gt;</a>&nbsp;&nbsp;&nbsp;device_instance_free
<LI><a href="#[de]">&gt;&gt;</a>&nbsp;&nbsp;&nbsp;device_context_store
<LI><a href="#[120]">&gt;&gt;</a>&nbsp;&nbsp;&nbsp;receive_phone_num_update
<LI><a href="#[118]">&gt;&gt;</a>&nbsp;&nbsp;&nbsp;receive_phone_num_read
<LI><a href="#[106]">&gt;&gt;</a>&nbsp;&nbsp;&nbsp;receive_password_num_update
<LI><a href="#[119]">&gt;&gt;</a>&nbsp;&nbsp;&nbsp;receive_password_num_read
<LI><a href="#[e7]">&gt;&gt;</a>&nbsp;&nbsp;&nbsp;dm_init
<LI><a href="#[be]">&gt;&gt;</a>&nbsp;&nbsp;&nbsp;bond_data_load
</UL>

<P><STRONG><a name="[e3]"></a>pstorage_clear</STRONG> (Thumb, 270 bytes, Stack size 32 bytes, pstorage.o(i.pstorage_clear))
<BR><BR>[Stack]<UL><LI>Max Depth = 240<LI>Call Chain = pstorage_clear &rArr; cmd_queue_enqueue &rArr; cmd_process &rArr; update_operation_execute &rArr; clear_operation_execute &rArr; sm_state_change &rArr; state_entry_action_run &rArr; state_store_entry_run &rArr; store_cmd_flash_write_execute &rArr; flash_write &rArr; flash_api_err_code_process &rArr; app_notify_error_state_transit &rArr;  sm_state_change (Cycle)
</UL>
<BR>[Calls]<UL><LI><a href="#[12f]">&gt;&gt;</a>&nbsp;&nbsp;&nbsp;is_word_aligned
<LI><a href="#[cd]">&gt;&gt;</a>&nbsp;&nbsp;&nbsp;cmd_queue_enqueue
<LI><a href="#[4b]">&gt;&gt;</a>&nbsp;&nbsp;&nbsp;__aeabi_idivmod
<LI><a href="#[4c]">&gt;&gt;</a>&nbsp;&nbsp;&nbsp;__aeabi_uidivmod
</UL>
<BR>[Called By]<UL><LI><a href="#[e2]">&gt;&gt;</a>&nbsp;&nbsp;&nbsp;device_instance_free
<LI><a href="#[e7]">&gt;&gt;</a>&nbsp;&nbsp;&nbsp;dm_init
</UL>

<P><STRONG><a name="[e6]"></a>pstorage_init</STRONG> (Thumb, 104 bytes, Stack size 8 bytes, pstorage.o(i.pstorage_init))
<BR><BR>[Stack]<UL><LI>Max Depth = 36<LI>Call Chain = pstorage_init &rArr; pstorage_flash_page_end &rArr; __aeabi_uidivmod
</UL>
<BR>[Calls]<UL><LI><a href="#[c5]">&gt;&gt;</a>&nbsp;&nbsp;&nbsp;pstorage_flash_page_size
<LI><a href="#[130]">&gt;&gt;</a>&nbsp;&nbsp;&nbsp;pstorage_flash_page_end
<LI><a href="#[ce]">&gt;&gt;</a>&nbsp;&nbsp;&nbsp;cmd_queue_init
</UL>
<BR>[Called By]<UL><LI><a href="#[e5]">&gt;&gt;</a>&nbsp;&nbsp;&nbsp;device_manager_init
</UL>

<P><STRONG><a name="[c0]"></a>pstorage_load</STRONG> (Thumb, 242 bytes, Stack size 40 bytes, pstorage.o(i.pstorage_load))
<BR><BR>[Stack]<UL><LI>Max Depth = 40<LI>Call Chain = pstorage_load
</UL>
<BR>[Calls]<UL><LI><a href="#[12f]">&gt;&gt;</a>&nbsp;&nbsp;&nbsp;is_word_aligned
<LI><a href="#[56]">&gt;&gt;</a>&nbsp;&nbsp;&nbsp;__aeabi_memcpy
</UL>
<BR>[Called By]<UL><LI><a href="#[118]">&gt;&gt;</a>&nbsp;&nbsp;&nbsp;receive_phone_num_read
<LI><a href="#[119]">&gt;&gt;</a>&nbsp;&nbsp;&nbsp;receive_password_num_read
<LI><a href="#[e7]">&gt;&gt;</a>&nbsp;&nbsp;&nbsp;dm_init
<LI><a href="#[be]">&gt;&gt;</a>&nbsp;&nbsp;&nbsp;bond_data_load
<LI><a href="#[37]">&gt;&gt;</a>&nbsp;&nbsp;&nbsp;gatts_context_load
</UL>

<P><STRONG><a name="[ec]"></a>pstorage_register</STRONG> (Thumb, 262 bytes, Stack size 24 bytes, pstorage.o(i.pstorage_register))
<BR><BR>[Stack]<UL><LI>Max Depth = 52<LI>Call Chain = pstorage_register &rArr; pstorage_flash_page_end &rArr; __aeabi_uidivmod
</UL>
<BR>[Calls]<UL><LI><a href="#[c5]">&gt;&gt;</a>&nbsp;&nbsp;&nbsp;pstorage_flash_page_size
<LI><a href="#[130]">&gt;&gt;</a>&nbsp;&nbsp;&nbsp;pstorage_flash_page_end
<LI><a href="#[4b]">&gt;&gt;</a>&nbsp;&nbsp;&nbsp;__aeabi_idivmod
</UL>
<BR>[Called By]<UL><LI><a href="#[f2]">&gt;&gt;</a>&nbsp;&nbsp;&nbsp;flash_init
<LI><a href="#[e7]">&gt;&gt;</a>&nbsp;&nbsp;&nbsp;dm_init
</UL>

<P><STRONG><a name="[2b]"></a>pstorage_store</STRONG> (Thumb, 216 bytes, Stack size 24 bytes, pstorage.o(i.pstorage_store))
<BR><BR>[Stack]<UL><LI>Max Depth = 232<LI>Call Chain = pstorage_store &rArr; cmd_queue_enqueue &rArr; cmd_process &rArr; update_operation_execute &rArr; clear_operation_execute &rArr; sm_state_change &rArr; state_entry_action_run &rArr; state_store_entry_run &rArr; store_cmd_flash_write_execute &rArr; flash_write &rArr; flash_api_err_code_process &rArr; app_notify_error_state_transit &rArr;  sm_state_change (Cycle)
</UL>
<BR>[Calls]<UL><LI><a href="#[12f]">&gt;&gt;</a>&nbsp;&nbsp;&nbsp;is_word_aligned
<LI><a href="#[cd]">&gt;&gt;</a>&nbsp;&nbsp;&nbsp;cmd_queue_enqueue
</UL>
<BR>[Address Reference Count : 2]<UL><LI> device_manager_peripheral.o(i.device_context_store)
<LI> device_manager_peripheral.o(i.gatts_context_store)
</UL>
<P><STRONG><a name="[131]"></a>pstorage_sys_event_handler</STRONG> (Thumb, 66 bytes, Stack size 8 bytes, pstorage.o(i.pstorage_sys_event_handler))
<BR><BR>[Stack]<UL><LI>Max Depth = 144<LI>Call Chain = pstorage_sys_event_handler &rArr; flash_operation_success_run &rArr; erase_sub_state_sm_run &rArr; clear_post_processing_run &rArr; store_operation_execute &rArr; sm_state_change &rArr; state_entry_action_run &rArr; state_store_entry_run &rArr; store_cmd_flash_write_execute &rArr; flash_write &rArr; flash_api_err_code_process &rArr; app_notify_error_state_transit &rArr;  sm_state_change (Cycle)
</UL>
<BR>[Calls]<UL><LI><a href="#[f4]">&gt;&gt;</a>&nbsp;&nbsp;&nbsp;flash_operation_success_run
<LI><a href="#[f3]">&gt;&gt;</a>&nbsp;&nbsp;&nbsp;flash_operation_failure_run
</UL>
<BR>[Called By]<UL><LI><a href="#[27]">&gt;&gt;</a>&nbsp;&nbsp;&nbsp;sys_evt_dispatch
</UL>

<P><STRONG><a name="[2a]"></a>pstorage_update</STRONG> (Thumb, 216 bytes, Stack size 24 bytes, pstorage.o(i.pstorage_update))
<BR><BR>[Stack]<UL><LI>Max Depth = 232<LI>Call Chain = pstorage_update &rArr; cmd_queue_enqueue &rArr; cmd_process &rArr; update_operation_execute &rArr; clear_operation_execute &rArr; sm_state_change &rArr; state_entry_action_run &rArr; state_store_entry_run &rArr; store_cmd_flash_write_execute &rArr; flash_write &rArr; flash_api_err_code_process &rArr; app_notify_error_state_transit &rArr;  sm_state_change (Cycle)
</UL>
<BR>[Calls]<UL><LI><a href="#[12f]">&gt;&gt;</a>&nbsp;&nbsp;&nbsp;is_word_aligned
<LI><a href="#[cd]">&gt;&gt;</a>&nbsp;&nbsp;&nbsp;cmd_queue_enqueue
</UL>
<BR>[Called By]<UL><LI><a href="#[120]">&gt;&gt;</a>&nbsp;&nbsp;&nbsp;receive_phone_num_update
<LI><a href="#[106]">&gt;&gt;</a>&nbsp;&nbsp;&nbsp;receive_password_num_update
</UL>
<BR>[Address Reference Count : 2]<UL><LI> device_manager_peripheral.o(i.device_context_store)
<LI> device_manager_peripheral.o(i.gatts_context_store)
</UL>
<P><STRONG><a name="[11b]"></a>receive_data_Decrypt</STRONG> (Thumb, 122 bytes, Stack size 40 bytes, data_processing.o(i.receive_data_Decrypt))
<BR><BR>[Stack]<UL><LI>Max Depth = 120<LI>Call Chain = receive_data_Decrypt &rArr; AES_Decrypt &rArr; BlockDecrypt &rArr; MixColumns
</UL>
<BR>[Calls]<UL><LI><a href="#[132]">&gt;&gt;</a>&nbsp;&nbsp;&nbsp;Base64decode
<LI><a href="#[5a]">&gt;&gt;</a>&nbsp;&nbsp;&nbsp;AES_Init
<LI><a href="#[55]">&gt;&gt;</a>&nbsp;&nbsp;&nbsp;AES_Decrypt
<LI><a href="#[fd]">&gt;&gt;</a>&nbsp;&nbsp;&nbsp;malloc
<LI><a href="#[bb]">&gt;&gt;</a>&nbsp;&nbsp;&nbsp;free
</UL>
<BR>[Called By]<UL><LI><a href="#[1f]">&gt;&gt;</a>&nbsp;&nbsp;&nbsp;main
</UL>

<P><STRONG><a name="[119]"></a>receive_password_num_read</STRONG> (Thumb, 80 bytes, Stack size 24 bytes, flash.o(i.receive_password_num_read))
<BR><BR>[Stack]<UL><LI>Max Depth = 176<LI>Call Chain = receive_password_num_read &rArr; app_error_handler &rArr; bsp_indication_set &rArr; bsp_led_indication &rArr; app_timer_start &rArr; timer_start_op_schedule &rArr; user_op_alloc
</UL>
<BR>[Calls]<UL><LI><a href="#[c0]">&gt;&gt;</a>&nbsp;&nbsp;&nbsp;pstorage_load
<LI><a href="#[bf]">&gt;&gt;</a>&nbsp;&nbsp;&nbsp;pstorage_block_identifier_get
<LI><a href="#[6a]">&gt;&gt;</a>&nbsp;&nbsp;&nbsp;app_error_handler
</UL>
<BR>[Called By]<UL><LI><a href="#[1f]">&gt;&gt;</a>&nbsp;&nbsp;&nbsp;main
</UL>

<P><STRONG><a name="[106]"></a>receive_password_num_update</STRONG> (Thumb, 96 bytes, Stack size 24 bytes, flash.o(i.receive_password_num_update))
<BR><BR>[Stack]<UL><LI>Max Depth = 256<LI>Call Chain = receive_password_num_update &rArr; pstorage_update &rArr; cmd_queue_enqueue &rArr; cmd_process &rArr; update_operation_execute &rArr; clear_operation_execute &rArr; sm_state_change &rArr; state_entry_action_run &rArr; state_store_entry_run &rArr; store_cmd_flash_write_execute &rArr; flash_write &rArr; flash_api_err_code_process &rArr; app_notify_error_state_transit &rArr;  sm_state_change (Cycle)
</UL>
<BR>[Calls]<UL><LI><a href="#[2a]">&gt;&gt;</a>&nbsp;&nbsp;&nbsp;pstorage_update
<LI><a href="#[bf]">&gt;&gt;</a>&nbsp;&nbsp;&nbsp;pstorage_block_identifier_get
<LI><a href="#[6a]">&gt;&gt;</a>&nbsp;&nbsp;&nbsp;app_error_handler
</UL>
<BR>[Called By]<UL><LI><a href="#[103]">&gt;&gt;</a>&nbsp;&nbsp;&nbsp;key_run
<LI><a href="#[1f]">&gt;&gt;</a>&nbsp;&nbsp;&nbsp;main
</UL>

<P><STRONG><a name="[118]"></a>receive_phone_num_read</STRONG> (Thumb, 80 bytes, Stack size 24 bytes, flash.o(i.receive_phone_num_read))
<BR><BR>[Stack]<UL><LI>Max Depth = 176<LI>Call Chain = receive_phone_num_read &rArr; app_error_handler &rArr; bsp_indication_set &rArr; bsp_led_indication &rArr; app_timer_start &rArr; timer_start_op_schedule &rArr; user_op_alloc
</UL>
<BR>[Calls]<UL><LI><a href="#[c0]">&gt;&gt;</a>&nbsp;&nbsp;&nbsp;pstorage_load
<LI><a href="#[bf]">&gt;&gt;</a>&nbsp;&nbsp;&nbsp;pstorage_block_identifier_get
<LI><a href="#[6a]">&gt;&gt;</a>&nbsp;&nbsp;&nbsp;app_error_handler
</UL>
[...]
<LI><a href="#[dc]">&gt;&gt;</a>&nbsp;&nbsp;&nbsp;swap_sub_sm_exit_action_run
</UL>
<BR>[Address Reference Count : 1]<UL><LI> pstorage.o(.constdata)
</UL>
<P><STRONG><a name="[c6]"></a>tail_word_size_calculate</STRONG> (Thumb, 84 bytes, Stack size 32 bytes, pstorage.o(i.tail_word_size_calculate))
<BR><BR>[Stack]<UL><LI>Max Depth = 60<LI>Call Chain = tail_word_size_calculate &rArr; __aeabi_idivmod &rArr; __aeabi_uidivmod
</UL>
<BR>[Calls]<UL><LI><a href="#[c5]">&gt;&gt;</a>&nbsp;&nbsp;&nbsp;pstorage_flash_page_size
<LI><a href="#[4b]">&gt;&gt;</a>&nbsp;&nbsp;&nbsp;__aeabi_idivmod
</UL>
<BR>[Called By]<UL><LI><a href="#[c4]">&gt;&gt;</a>&nbsp;&nbsp;&nbsp;clear_operation_execute
</UL>

<P><STRONG><a name="[cb]"></a>update_operation_execute</STRONG> (Thumb, 8 bytes, Stack size 8 bytes, pstorage.o(i.update_operation_execute))
<BR><BR>[Stack]<UL><LI>Max Depth = 160<LI>Call Chain = update_operation_execute &rArr; clear_operation_execute &rArr; sm_state_change &rArr; state_entry_action_run &rArr; state_store_entry_run &rArr; store_cmd_flash_write_execute &rArr; flash_write &rArr; flash_api_err_code_process &rArr; app_notify_error_state_transit &rArr;  sm_state_change (Cycle)
</UL>
<BR>[Calls]<UL><LI><a href="#[c4]">&gt;&gt;</a>&nbsp;&nbsp;&nbsp;clear_operation_execute
</UL>
<BR>[Called By]<UL><LI><a href="#[ca]">&gt;&gt;</a>&nbsp;&nbsp;&nbsp;cmd_process
</UL>

<P><STRONG><a name="[75]"></a>action_tx_ready</STRONG> (Thumb, 24 bytes, Stack size 8 bytes, app_uart_fifo.o(i.action_tx_ready))
<BR><BR>[Stack]<UL><LI>Max Depth = 32<LI>Call Chain = action_tx_ready &rArr; action_tx_send &rArr; app_fifo_get
</UL>
<BR>[Calls]<UL><LI><a href="#[77]">&gt;&gt;</a>&nbsp;&nbsp;&nbsp;action_tx_stop
<LI><a href="#[70]">&gt;&gt;</a>&nbsp;&nbsp;&nbsp;fifo_length
<LI><a href="#[76]">&gt;&gt;</a>&nbsp;&nbsp;&nbsp;action_tx_send
</UL>
<BR>[Called By]<UL><LI><a href="#[12c]">&gt;&gt;</a>&nbsp;&nbsp;&nbsp;on_tx_ready
</UL>

<P><STRONG><a name="[76]"></a>action_tx_send</STRONG> (Thumb, 64 bytes, Stack size 8 bytes, app_uart_fifo.o(i.action_tx_send))
<BR><BR>[Stack]<UL><LI>Max Depth = 24<LI>Call Chain = action_tx_send &rArr; app_fifo_get
</UL>
<BR>[Calls]<UL><LI><a href="#[78]">&gt;&gt;</a>&nbsp;&nbsp;&nbsp;app_fifo_get
<LI><a href="#[77]">&gt;&gt;</a>&nbsp;&nbsp;&nbsp;action_tx_stop
</UL>
<BR>[Called By]<UL><LI><a href="#[12e]">&gt;&gt;</a>&nbsp;&nbsp;&nbsp;on_uart_put
<LI><a href="#[12b]">&gt;&gt;</a>&nbsp;&nbsp;&nbsp;on_cts_low
<LI><a href="#[75]">&gt;&gt;</a>&nbsp;&nbsp;&nbsp;action_tx_ready
</UL>

<P><STRONG><a name="[12a]"></a>action_uart_deactivate</STRONG> (Thumb, 22 bytes, Stack size 0 bytes, app_uart_fifo.o(i.action_uart_deactivate))
<BR><BR>[Called By]<UL><LI><a href="#[12d]">&gt;&gt;</a>&nbsp;&nbsp;&nbsp;on_uart_close
<LI><a href="#[12c]">&gt;&gt;</a>&nbsp;&nbsp;&nbsp;on_tx_ready
<LI><a href="#[129]">&gt;&gt;</a>&nbsp;&nbsp;&nbsp;on_cts_high
</UL>

<P><STRONG><a name="[70]"></a>fifo_length</STRONG> (Thumb, 10 bytes, Stack size 0 bytes, app_uart_fifo.o(i.fifo_length))
<BR><BR>[Called By]<UL><LI><a href="#[8]">&gt;&gt;</a>&nbsp;&nbsp;&nbsp;UART0_IRQHandler
<LI><a href="#[12b]">&gt;&gt;</a>&nbsp;&nbsp;&nbsp;on_cts_low
<LI><a href="#[75]">&gt;&gt;</a>&nbsp;&nbsp;&nbsp;action_tx_ready
</UL>

<P><STRONG><a name="[129]"></a>on_cts_high</STRONG> (Thumb, 36 bytes, Stack size 8 bytes, app_uart_fifo.o(i.on_cts_high))
<BR><BR>[Stack]<UL><LI>Max Depth = 8<LI>Call Chain = on_cts_high
</UL>
<BR>[Calls]<UL><LI><a href="#[12a]">&gt;&gt;</a>&nbsp;&nbsp;&nbsp;action_uart_deactivate
</UL>
<BR>[Called By]<UL><LI><a href="#[71]">&gt;&gt;</a>&nbsp;&nbsp;&nbsp;on_uart_event
</UL>

<P><STRONG><a name="[12b]"></a>on_cts_low</STRONG> (Thumb, 66 bytes, Stack size 8 bytes, app_uart_fifo.o(i.on_cts_low))
<BR><BR>[Stack]<UL><LI>Max Depth = 32<LI>Call Chain = on_cts_low &rArr; action_tx_send &rArr; app_fifo_get
</UL>
<BR>[Calls]<UL><LI><a href="#[70]">&gt;&gt;</a>&nbsp;&nbsp;&nbsp;fifo_length
<LI><a href="#[76]">&gt;&gt;</a>&nbsp;&nbsp;&nbsp;action_tx_send
</UL>
<BR>[Called By]<UL><LI><a href="#[71]">&gt;&gt;</a>&nbsp;&nbsp;&nbsp;on_uart_event
</UL>

<P><STRONG><a name="[12c]"></a>on_tx_ready</STRONG> (Thumb, 38 bytes, Stack size 8 bytes, app_uart_fifo.o(i.on_tx_ready))
<BR><BR>[Stack]<UL><LI>Max Depth = 40<LI>Call Chain = on_tx_ready &rArr; action_tx_ready &rArr; action_tx_send &rArr; app_fifo_get
</UL>
<BR>[Calls]<UL><LI><a href="#[12a]">&gt;&gt;</a>&nbsp;&nbsp;&nbsp;action_uart_deactivate
<LI><a href="#[75]">&gt;&gt;</a>&nbsp;&nbsp;&nbsp;action_tx_ready
</UL>
<BR>[Called By]<UL><LI><a href="#[71]">&gt;&gt;</a>&nbsp;&nbsp;&nbsp;on_uart_event
</UL>

<P><STRONG><a name="[12d]"></a>on_uart_close</STRONG> (Thumb, 8 bytes, Stack size 8 bytes, app_uart_fifo.o(i.on_uart_close))
<BR><BR>[Stack]<UL><LI>Max Depth = 8<LI>Call Chain = on_uart_close
</UL>
<BR>[Calls]<UL><LI><a href="#[12a]">&gt;&gt;</a>&nbsp;&nbsp;&nbsp;action_uart_deactivate
</UL>
<BR>[Called By]<UL><LI><a href="#[71]">&gt;&gt;</a>&nbsp;&nbsp;&nbsp;on_uart_event
</UL>

<P><STRONG><a name="[71]"></a>on_uart_event</STRONG> (Thumb, 54 bytes, Stack size 8 bytes, app_uart_fifo.o(i.on_uart_event))
<BR><BR>[Stack]<UL><LI>Max Depth = 48<LI>Call Chain = on_uart_event &rArr; on_tx_ready &rArr; action_tx_ready &rArr; action_tx_send &rArr; app_fifo_get
</UL>
<BR>[Calls]<UL><LI><a href="#[c3]">&gt;&gt;</a>&nbsp;&nbsp;&nbsp;__ARM_common_switch8
<LI><a href="#[12e]">&gt;&gt;</a>&nbsp;&nbsp;&nbsp;on_uart_put
<LI><a href="#[12d]">&gt;&gt;</a>&nbsp;&nbsp;&nbsp;on_uart_close
<LI><a href="#[12c]">&gt;&gt;</a>&nbsp;&nbsp;&nbsp;on_tx_ready
<LI><a href="#[12b]">&gt;&gt;</a>&nbsp;&nbsp;&nbsp;on_cts_low
<LI><a href="#[129]">&gt;&gt;</a>&nbsp;&nbsp;&nbsp;on_cts_high
</UL>
<BR>[Called By]<UL><LI><a href="#[97]">&gt;&gt;</a>&nbsp;&nbsp;&nbsp;app_uart_put
<LI><a href="#[8]">&gt;&gt;</a>&nbsp;&nbsp;&nbsp;UART0_IRQHandler
</UL>

<P><STRONG><a name="[12e]"></a>on_uart_put</STRONG> (Thumb, 16 bytes, Stack size 8 bytes, app_uart_fifo.o(i.on_uart_put))
<BR><BR>[Stack]<UL><LI>Max Depth = 32<LI>Call Chain = on_uart_put &rArr; action_tx_send &rArr; app_fifo_get
</UL>
<BR>[Calls]<UL><LI><a href="#[76]">&gt;&gt;</a>&nbsp;&nbsp;&nbsp;action_tx_send
</UL>
<BR>[Called By]<UL><LI><a href="#[71]">&gt;&gt;</a>&nbsp;&nbsp;&nbsp;on_uart_event
</UL>

<P><STRONG><a name="[8d]"></a>NVIC_ClearPendingIRQ</STRONG> (Thumb, 14 bytes, Stack size 0 bytes, app_timer.o(i.NVIC_ClearPendingIRQ))
<BR><BR>[Called By]<UL><LI><a href="#[8b]">&gt;&gt;</a>&nbsp;&nbsp;&nbsp;app_timer_init
<LI><a href="#[d3]">&gt;&gt;</a>&nbsp;&nbsp;&nbsp;rtc1_start
</UL>

<P><STRONG><a name="[8f]"></a>NVIC_EnableIRQ</STRONG> (Thumb, 14 bytes, Stack size 0 bytes, app_timer.o(i.NVIC_EnableIRQ))
<BR><BR>[Called By]<UL><LI><a href="#[8b]">&gt;&gt;</a>&nbsp;&nbsp;&nbsp;app_timer_init
<LI><a href="#[d3]">&gt;&gt;</a>&nbsp;&nbsp;&nbsp;rtc1_start
</UL>

<P><STRONG><a name="[140]"></a>NVIC_SetPendingIRQ</STRONG> (Thumb, 14 bytes, Stack size 0 bytes, app_timer.o(i.NVIC_SetPendingIRQ))
<BR><BR>[Called By]<UL><LI><a href="#[d4]">&gt;&gt;</a>&nbsp;&nbsp;&nbsp;timer_timeouts_check_sched
<LI><a href="#[13f]">&gt;&gt;</a>&nbsp;&nbsp;&nbsp;timer_list_handler_sched
</UL>

<P><STRONG><a name="[8e]"></a>NVIC_SetPriority</STRONG> (Thumb, 110 bytes, Stack size 8 bytes, app_timer.o(i.NVIC_SetPriority))
<BR><BR>[Stack]<UL><LI>Max Depth = 8<LI>Call Chain = NVIC_SetPriority
</UL>
<BR>[Called By]<UL><LI><a href="#[8b]">&gt;&gt;</a>&nbsp;&nbsp;&nbsp;app_timer_init
<LI><a href="#[90]">&gt;&gt;</a>&nbsp;&nbsp;&nbsp;rtc1_init
</UL>

<P><STRONG><a name="[d1]"></a>compare_reg_update</STRONG> (Thumb, 124 bytes, Stack size 32 bytes, app_timer.o(i.compare_reg_update))
<BR><BR>[Stack]<UL><LI>Max Depth = 40<LI>Call Chain = compare_reg_update &rArr; timer_timeouts_check_sched
</UL>
<BR>[Calls]<UL><LI><a href="#[d4]">&gt;&gt;</a>&nbsp;&nbsp;&nbsp;timer_timeouts_check_sched
<LI><a href="#[d2]">&gt;&gt;</a>&nbsp;&nbsp;&nbsp;ticks_diff_get
<LI><a href="#[8c]">&gt;&gt;</a>&nbsp;&nbsp;&nbsp;rtc1_stop
<LI><a href="#[d3]">&gt;&gt;</a>&nbsp;&nbsp;&nbsp;rtc1_start
<LI><a href="#[91]">&gt;&gt;</a>&nbsp;&nbsp;&nbsp;rtc1_counter_get
</UL>
<BR>[Called By]<UL><LI><a href="#[69]">&gt;&gt;</a>&nbsp;&nbsp;&nbsp;timer_list_handler
</UL>

<P><STRONG><a name="[143]"></a>current_int_priority_get</STRONG> (Thumb, 84 bytes, Stack size 8 bytes, app_timer.o(i.current_int_priority_get))
<BR><BR>[Stack]<UL><LI>Max Depth = 8<LI>Call Chain = current_int_priority_get
</UL>
<BR>[Called By]<UL><LI><a href="#[93]">&gt;&gt;</a>&nbsp;&nbsp;&nbsp;user_id_get
</UL>

<P><STRONG><a name="[13d]"></a>elapsed_ticks_acquire</STRONG> (Thumb, 82 bytes, Stack size 0 bytes, app_timer.o(i.elapsed_ticks_acquire))
<BR><BR>[Called By]<UL><LI><a href="#[69]">&gt;&gt;</a>&nbsp;&nbsp;&nbsp;timer_list_handler
</UL>

<P><STRONG><a name="[13e]"></a>expired_timers_handler</STRONG> (Thumb, 100 bytes, Stack size 20 bytes, app_timer.o(i.expired_timers_handler))
<BR><BR>[Stack]<UL><LI>Max Depth = 20<LI>Call Chain = expired_timers_handler
</UL>
<BR>[Called By]<UL><LI><a href="#[69]">&gt;&gt;</a>&nbsp;&nbsp;&nbsp;timer_list_handler
</UL>

<P><STRONG><a name="[10f]"></a>list_deletions_handler</STRONG> (Thumb, 176 bytes, Stack size 32 bytes, app_timer.o(i.list_deletions_handler))
<BR><BR>[Stack]<UL><LI>Max Depth = 48<LI>Call Chain = list_deletions_handler &rArr; timer_list_remove
</UL>
<BR>[Calls]<UL><LI><a href="#[110]">&gt;&gt;</a>&nbsp;&nbsp;&nbsp;timer_list_remove
</UL>
<BR>[Called By]<UL><LI><a href="#[69]">&gt;&gt;</a>&nbsp;&nbsp;&nbsp;timer_list_handler
</UL>

<P><STRONG><a name="[111]"></a>list_insertions_handler</STRONG> (Thumb, 276 bytes, Stack size 32 bytes, app_timer.o(i.list_insertions_handler))
<BR><BR>[Stack]<UL><LI>Max Depth = 52<LI>Call Chain = list_insertions_handler &rArr; timer_list_insert
</UL>
<BR>[Calls]<UL><LI><a href="#[112]">&gt;&gt;</a>&nbsp;&nbsp;&nbsp;timer_list_insert
<LI><a href="#[d2]">&gt;&gt;</a>&nbsp;&nbsp;&nbsp;ticks_diff_get
</UL>
<BR>[Called By]<UL><LI><a href="#[69]">&gt;&gt;</a>&nbsp;&nbsp;&nbsp;timer_list_handler
</UL>

<P><STRONG><a name="[91]"></a>rtc1_counter_get</STRONG> (Thumb, 6 bytes, Stack size 0 bytes, app_timer.o(i.rtc1_counter_get))
<BR><BR>[Called By]<UL><LI><a href="#[8b]">&gt;&gt;</a>&nbsp;&nbsp;&nbsp;app_timer_init
<LI><a href="#[68]">&gt;&gt;</a>&nbsp;&nbsp;&nbsp;timer_timeouts_check
<LI><a href="#[94]">&gt;&gt;</a>&nbsp;&nbsp;&nbsp;timer_start_op_schedule
<LI><a href="#[d1]">&gt;&gt;</a>&nbsp;&nbsp;&nbsp;compare_reg_update
</UL>

<P><STRONG><a name="[90]"></a>rtc1_init</STRONG> (Thumb, 18 bytes, Stack size 8 bytes, app_timer.o(i.rtc1_init))
<BR><BR>[Stack]<UL><LI>Max Depth = 16<LI>Call Chain = rtc1_init &rArr; NVIC_SetPriority
</UL>
<BR>[Calls]<UL><LI><a href="#[8e]">&gt;&gt;</a>&nbsp;&nbsp;&nbsp;NVIC_SetPriority
</UL>
<BR>[Called By]<UL><LI><a href="#[8b]">&gt;&gt;</a>&nbsp;&nbsp;&nbsp;app_timer_init
</UL>

<P><STRONG><a name="[d3]"></a>rtc1_start</STRONG> (Thumb, 48 bytes, Stack size 8 bytes, app_timer.o(i.rtc1_start))
<BR><BR>[Stack]<UL><LI>Max Depth = 8<LI>Call Chain = rtc1_start
</UL>
<BR>[Calls]<UL><LI><a href="#[4a]">&gt;&gt;</a>&nbsp;&nbsp;&nbsp;__asm___11_app_timer_c_cd27f9c3__nrf_delay_us
<LI><a href="#[8f]">&gt;&gt;</a>&nbsp;&nbsp;&nbsp;NVIC_EnableIRQ
<LI><a href="#[8d]">&gt;&gt;</a>&nbsp;&nbsp;&nbsp;NVIC_ClearPendingIRQ
</UL>
<BR>[Called By]<UL><LI><a href="#[d1]">&gt;&gt;</a>&nbsp;&nbsp;&nbsp;compare_reg_update
</UL>

<P><STRONG><a name="[8c]"></a>rtc1_stop</STRONG> (Thumb, 66 bytes, Stack size 8 bytes, app_timer.o(i.rtc1_stop))
<BR><BR>[Stack]<UL><LI>Max Depth = 8<LI>Call Chain = rtc1_stop
</UL>
<BR>[Calls]<UL><LI><a href="#[4a]">&gt;&gt;</a>&nbsp;&nbsp;&nbsp;__asm___11_app_timer_c_cd27f9c3__nrf_delay_us
</UL>
<BR>[Called By]<UL><LI><a href="#[8b]">&gt;&gt;</a>&nbsp;&nbsp;&nbsp;app_timer_init
<LI><a href="#[d1]">&gt;&gt;</a>&nbsp;&nbsp;&nbsp;compare_reg_update
</UL>

<P><STRONG><a name="[d2]"></a>ticks_diff_get</STRONG> (Thumb, 10 bytes, Stack size 0 bytes, app_timer.o(i.ticks_diff_get))
<BR><BR>[Called By]<UL><LI><a href="#[68]">&gt;&gt;</a>&nbsp;&nbsp;&nbsp;timer_timeouts_check
<LI><a href="#[111]">&gt;&gt;</a>&nbsp;&nbsp;&nbsp;list_insertions_handler
<LI><a href="#[d1]">&gt;&gt;</a>&nbsp;&nbsp;&nbsp;compare_reg_update
</UL>

<P><STRONG><a name="[13c]"></a>timeout_handler_exec</STRONG> (Thumb, 60 bytes, Stack size 16 bytes, app_timer.o(i.timeout_handler_exec))
<BR><BR>[Stack]<UL><LI>Max Depth = 168<LI>Call Chain = timeout_handler_exec &rArr; app_error_handler &rArr; bsp_indication_set &rArr; bsp_led_indication &rArr; app_timer_start &rArr; timer_start_op_schedule &rArr; user_op_alloc
</UL>
<BR>[Calls]<UL><LI><a href="#[6a]">&gt;&gt;</a>&nbsp;&nbsp;&nbsp;app_error_handler
</UL>
<BR>[Called By]<UL><LI><a href="#[68]">&gt;&gt;</a>&nbsp;&nbsp;&nbsp;timer_timeouts_check
</UL>

<P><STRONG><a name="[69]"></a>timer_list_handler</STRONG> (Thumb, 76 bytes, Stack size 32 bytes, app_timer.o(i.timer_list_handler))
<BR><BR>[Stack]<UL><LI>Max Depth = 84<LI>Call Chain = timer_list_handler &rArr; list_insertions_handler &rArr; timer_list_insert
</UL>
<BR>[Calls]<UL><LI><a href="#[111]">&gt;&gt;</a>&nbsp;&nbsp;&nbsp;list_insertions_handler
<LI><a href="#[10f]">&gt;&gt;</a>&nbsp;&nbsp;&nbsp;list_deletions_handler
<LI><a href="#[13e]">&gt;&gt;</a>&nbsp;&nbsp;&nbsp;expired_timers_handler
<LI><a href="#[13d]">&gt;&gt;</a>&nbsp;&nbsp;&nbsp;elapsed_ticks_acquire
<LI><a href="#[d1]">&gt;&gt;</a>&nbsp;&nbsp;&nbsp;compare_reg_update
</UL>
<BR>[Called By]<UL><LI><a href="#[19]">&gt;&gt;</a>&nbsp;&nbsp;&nbsp;SWI0_IRQHandler
</UL>

<P><STRONG><a name="[13f]"></a>timer_list_handler_sched</STRONG> (Thumb, 10 bytes, Stack size 8 bytes, app_timer.o(i.timer_list_handler_sched))
<BR><BR>[Stack]<UL><LI>Max Depth = 8<LI>Call Chain = timer_list_handler_sched
</UL>
<BR>[Calls]<UL><LI><a href="#[140]">&gt;&gt;</a>&nbsp;&nbsp;&nbsp;NVIC_SetPendingIRQ
</UL>
<BR>[Called By]<UL><LI><a href="#[68]">&gt;&gt;</a>&nbsp;&nbsp;&nbsp;timer_timeouts_check
<LI><a href="#[96]">&gt;&gt;</a>&nbsp;&nbsp;&nbsp;timer_stop_op_schedule
<LI><a href="#[94]">&gt;&gt;</a>&nbsp;&nbsp;&nbsp;timer_start_op_schedule
</UL>

<P><STRONG><a name="[112]"></a>timer_list_insert</STRONG> (Thumb, 212 bytes, Stack size 20 bytes, app_timer.o(i.timer_list_insert))
<BR><BR>[Stack]<UL><LI>Max Depth = 20<LI>Call Chain = timer_list_insert
</UL>
<BR>[Called By]<UL><LI><a href="#[111]">&gt;&gt;</a>&nbsp;&nbsp;&nbsp;list_insertions_handler
</UL>

<P><STRONG><a name="[110]"></a>timer_list_remove</STRONG> (Thumb, 184 bytes, Stack size 16 bytes, app_timer.o(i.timer_list_remove))
<BR><BR>[Stack]<UL><LI>Max Depth = 16<LI>Call Chain = timer_list_remove
</UL>
<BR>[Called By]<UL><LI><a href="#[10f]">&gt;&gt;</a>&nbsp;&nbsp;&nbsp;list_deletions_handler
</UL>

<P><STRONG><a name="[94]"></a>timer_start_op_schedule</STRONG> (Thumb, 80 bytes, Stack size 40 bytes, app_timer.o(i.timer_start_op_schedule))
<BR><BR>[Stack]<UL><LI>Max Depth = 56<LI>Call Chain = timer_start_op_schedule &rArr; user_op_alloc
</UL>
<BR>[Calls]<UL><LI><a href="#[142]">&gt;&gt;</a>&nbsp;&nbsp;&nbsp;user_op_enque
<LI><a href="#[141]">&gt;&gt;</a>&nbsp;&nbsp;&nbsp;user_op_alloc
<LI><a href="#[13f]">&gt;&gt;</a>&nbsp;&nbsp;&nbsp;timer_list_handler_sched
<LI><a href="#[91]">&gt;&gt;</a>&nbsp;&nbsp;&nbsp;rtc1_counter_get
</UL>
<BR>[Called By]<UL><LI><a href="#[92]">&gt;&gt;</a>&nbsp;&nbsp;&nbsp;app_timer_start
</UL>

<P><STRONG><a name="[96]"></a>timer_stop_op_schedule</STRONG> (Thumb, 58 bytes, Stack size 24 bytes, app_timer.o(i.timer_stop_op_schedule))
<BR><BR>[Stack]<UL><LI>Max Depth = 40<LI>Call Chain = timer_stop_op_schedule &rArr; user_op_alloc
</UL>
<BR>[Calls]<UL><LI><a href="#[142]">&gt;&gt;</a>&nbsp;&nbsp;&nbsp;user_op_enque
<LI><a href="#[141]">&gt;&gt;</a>&nbsp;&nbsp;&nbsp;user_op_alloc
<LI><a href="#[13f]">&gt;&gt;</a>&nbsp;&nbsp;&nbsp;timer_list_handler_sched
</UL>
<BR>[Called By]<UL><LI><a href="#[95]">&gt;&gt;</a>&nbsp;&nbsp;&nbsp;app_timer_stop
</UL>

<P><STRONG><a name="[68]"></a>timer_timeouts_check</STRONG> (Thumb, 132 bytes, Stack size 24 bytes, app_timer.o(i.timer_timeouts_check))
<BR><BR>[Stack]<UL><LI>Max Depth = 192<LI>Call Chain = timer_timeouts_check &rArr; timeout_handler_exec &rArr; app_error_handler &rArr; bsp_indication_set &rArr; bsp_led_indication &rArr; app_timer_start &rArr; timer_start_op_schedule &rArr; user_op_alloc
</UL>
<BR>[Calls]<UL><LI><a href="#[13f]">&gt;&gt;</a>&nbsp;&nbsp;&nbsp;timer_list_handler_sched
<LI><a href="#[13c]">&gt;&gt;</a>&nbsp;&nbsp;&nbsp;timeout_handler_exec
<LI><a href="#[d2]">&gt;&gt;</a>&nbsp;&nbsp;&nbsp;ticks_diff_get
<LI><a href="#[91]">&gt;&gt;</a>&nbsp;&nbsp;&nbsp;rtc1_counter_get
</UL>
<BR>[Called By]<UL><LI><a href="#[16]">&gt;&gt;</a>&nbsp;&nbsp;&nbsp;RTC1_IRQHandler
</UL>

<P><STRONG><a name="[d4]"></a>timer_timeouts_check_sched</STRONG> (Thumb, 10 bytes, Stack size 8 bytes, app_timer.o(i.timer_timeouts_check_sched))
<BR><BR>[Stack]<UL><LI>Max Depth = 8<LI>Call Chain = timer_timeouts_check_sched
</UL>
<BR>[Calls]<UL><LI><a href="#[140]">&gt;&gt;</a>&nbsp;&nbsp;&nbsp;NVIC_SetPendingIRQ
</UL>
<BR>[Called By]<UL><LI><a href="#[d1]">&gt;&gt;</a>&nbsp;&nbsp;&nbsp;compare_reg_update
</UL>

<P><STRONG><a name="[93]"></a>user_id_get</STRONG> (Thumb, 34 bytes, Stack size 8 bytes, app_timer.o(i.user_id_get))
<BR><BR>[Stack]<UL><LI>Max Depth = 16<LI>Call Chain = user_id_get &rArr; current_int_priority_get
</UL>
<BR>[Calls]<UL><LI><a href="#[143]">&gt;&gt;</a>&nbsp;&nbsp;&nbsp;current_int_priority_get
</UL>
<BR>[Called By]<UL><LI><a href="#[95]">&gt;&gt;</a>&nbsp;&nbsp;&nbsp;app_timer_stop
<LI><a href="#[92]">&gt;&gt;</a>&nbsp;&nbsp;&nbsp;app_timer_start
</UL>

<P><STRONG><a name="[141]"></a>user_op_alloc</STRONG> (Thumb, 44 bytes, Stack size 16 bytes, app_timer.o(i.user_op_alloc))
<BR><BR>[Stack]<UL><LI>Max Depth = 16<LI>Call Chain = user_op_alloc
</UL>
<BR>[Called By]<UL><LI><a href="#[96]">&gt;&gt;</a>&nbsp;&nbsp;&nbsp;timer_stop_op_schedule
<LI><a href="#[94]">&gt;&gt;</a>&nbsp;&nbsp;&nbsp;timer_start_op_schedule
</UL>

<P><STRONG><a name="[142]"></a>user_op_enque</STRONG> (Thumb, 4 bytes, Stack size 0 bytes, app_timer.o(i.user_op_enque))
<BR><BR>[Called By]<UL><LI><a href="#[96]">&gt;&gt;</a>&nbsp;&nbsp;&nbsp;timer_stop_op_schedule
<LI><a href="#[94]">&gt;&gt;</a>&nbsp;&nbsp;&nbsp;timer_start_op_schedule
</UL>

<P><STRONG><a name="[87]"></a>fifo_length</STRONG> (Thumb, 10 bytes, Stack size 0 bytes, app_fifo.o(i.fifo_length))
<BR><BR>[Called By]<UL><LI><a href="#[6f]">&gt;&gt;</a>&nbsp;&nbsp;&nbsp;app_fifo_put
<LI><a href="#[78]">&gt;&gt;</a>&nbsp;&nbsp;&nbsp;app_fifo_get
</UL>

<P><STRONG><a name="[6d]"></a>is_disabled_in_debug_needed</STRONG> (Thumb, 52 bytes, Stack size 0 bytes, system_nrf51.o(i.is_disabled_in_debug_needed))
<BR><BR>[Called By]<UL><LI><a href="#[20]">&gt;&gt;</a>&nbsp;&nbsp;&nbsp;SystemInit
</UL>

<P><STRONG><a name="[6c]"></a>is_manual_peripheral_setup_needed</STRONG> (Thumb, 104 bytes, Stack size 0 bytes, system_nrf51.o(i.is_manual_peripheral_setup_needed))
<BR><BR>[Called By]<UL><LI><a href="#[20]">&gt;&gt;</a>&nbsp;&nbsp;&nbsp;SystemInit
</UL>

<P><STRONG><a name="[6e]"></a>is_peripheral_domain_setup_needed</STRONG> (Thumb, 78 bytes, Stack size 0 bytes, system_nrf51.o(i.is_peripheral_domain_setup_needed))
<BR><BR>[Called By]<UL><LI><a href="#[20]">&gt;&gt;</a>&nbsp;&nbsp;&nbsp;SystemInit
</UL>

<P><STRONG><a name="[73]"></a>_printf_core</STRONG> (Thumb, 688 bytes, Stack size 96 bytes, printf5.o(i._printf_core), UNUSED)
<BR><BR>[Calls]<UL><LI><a href="#[4e]">&gt;&gt;</a>&nbsp;&nbsp;&nbsp;__aeabi_uldivmod
</UL>
<BR>[Called By]<UL><LI><a href="#[74]">&gt;&gt;</a>&nbsp;&nbsp;&nbsp;__0sprintf$5
<LI><a href="#[72]">&gt;&gt;</a>&nbsp;&nbsp;&nbsp;__0printf$5
</UL>

<P><STRONG><a name="[23]"></a>_sputc</STRONG> (Thumb, 10 bytes, Stack size 0 bytes, printf5.o(i._sputc))
<BR><BR>[Called By]<UL><LI><a href="#[74]">&gt;&gt;</a>&nbsp;&nbsp;&nbsp;__0sprintf$5
</UL>
<BR>[Address Reference Count : 1]<UL><LI> printf5.o(i.__0sprintf$5)
</UL><P>
<H3>
Undefined Global Symbols
</H3><HR></body></html>
