<html>
<body>
<pre>
<h1>礦ision Build Log</h1>
<h2>Tool Versions:</h2>
IDE-Version: μVision V5.14.0.0
Copyright (C) 2015 ARM Ltd and ARM Germany GmbH. All rights reserved.
License Information: Microsoft, Microsoft, LIC=PE7Z9-47P52-T3VMI-T3GXJ-YTS5A-6K3DB
 
Tool Versions:
Toolchain:       MDK-ARM Standard  Version: 5.14.0.0
Toolchain Path:  D:\Program Files (x86)\Keil5\ARM\ARMCC\Bin
C Compiler:      Armcc.exe V5.05 update 1 (build 106)
Assembler:       Armasm.exe V5.05 update 1 (build 106)
Linker/Locator:  ArmLink.exe V5.05 update 1 (build 106)
Library Manager: ArmAr.exe V5.05 update 1 (build 106)
Hex Converter:   FromElf.exe V5.05 update 1 (build 106)
CPU DLL:         
Dialog DLL:      
Target DLL:      Segger\JL2CM3.dll V2.99.13.0
Dialog DLL:      TARMCM1.DLL V1.9.0.0
 
<h2>Project:</h2>
C:\Users\Administrator\Desktop\nRF51_SDK_9.0.0_锁生活_7-2 - 副本\examples\ble_peripheral\ble_app_template\pca10028\s110\arm5_no_packs\ble_app_template_s110_pca10028.uvprojx
Project File Date:  04/20/2018

<h2>Output:</h2>
Build target 'nrf51422_xxac_s110'
compiling main.c...
..\..\..\main.c(767): warning:  #177-D: function "uart_init" was declared but never referenced
  static void uart_init(void)
..\..\..\main.c: 1 warning, 0 errors
linking...
Program Size: Code=31478 RO-data=1458 RW-data=660 ZI-data=7012  
FromELF: creating hex file...
".\_build\nrf51422_xxac_s110.axf" - 0 Error(s), 1 Warning(s).

<h2>Software Packages used:</h2>

Package Vendor: ARM
                http://www.keil.com/pack/ARM.CMSIS.4.5.0.pack
                ARM::CMSIS:CORE:4.3.0
                CMSIS (Cortex Microcontroller Software Interface Standard)
   * Component: CORE Version: 4.3.0

Package Vendor: NordicSemiconductor
                http://developer.nordicsemi.com/nRF5_SDK/pieces/nRF_DeviceFamilyPack/NordicSemiconductor.nRF_DeviceFamilyPack.8.14.1.pack
                NordicSemiconductor::Device:Startup:8.14.1
                Nordic Semiconductor nRF ARM devices Device Family Pack.
   * Component: Startup Version: 8.14.1

<h2>Collection of Component include folders:</h2>
  C:\Users\Administrator\Desktop\nRF51_SDK_9.0.0_锁生活_7-2 - 副本\examples\ble_peripheral\ble_app_template\pca10028\s110\arm5_no_packs\RTE
  D:\Program Files (x86)\Keil5\ARM\PACK\ARM\CMSIS\4.5.0\CMSIS\Include
  D:\Program Files (x86)\Keil5\ARM\PACK\NordicSemiconductor\nRF_DeviceFamilyPack\8.14.1\Device\Include

<h2>Collection of Component Files used:</h2>

   * Component: ARM::CMSIS:CORE:4.3.0

   * Component: NordicSemiconductor::Device:Startup:8.14.1
      Source file:   Device\Source\arm\arm_startup_nrf51.s
      Source file:   Device\Source\system_nrf51.c
      Include file:  Device\Include\system_nrf51.h
</pre>
</body>
</html>
