Component: ARM Compiler 5.05 update 1 (build 106) Tool: armlink [4d0efa]

==============================================================================

Section Cross References

    main.o(i.Holzer_init) refers to main.o(i.nrf_gpio_cfg_sense_input) for nrf_gpio_cfg_sense_input
    main.o(i.advertising_init) refers to memseta.o(.text) for __aeabi_memclr4
    main.o(i.advertising_init) refers to ble_advertising.o(i.ble_advertising_init) for ble_advertising_init
    main.o(i.advertising_init) refers to app_error.o(i.app_error_handler) for app_error_handler
    main.o(i.advertising_init) refers to ble_wechat_service.o(.data) for m_addl_adv_manuf_data
    main.o(i.advertising_init) refers to main.o(.data) for m_adv_uuids
    main.o(i.advertising_init) refers to main.o(i.on_adv_evt) for on_adv_evt
    main.o(i.application_timers_start) refers to app_timer.o(i.app_timer_start) for app_timer_start
    main.o(i.application_timers_start) refers to app_error.o(i.app_error_handler) for app_error_handler
    main.o(i.application_timers_start) refers to main.o(.data) for m_app_timer_id
    main.o(i.assert_nrf_callback) refers to app_error.o(i.app_error_handler) for app_error_handler
    main.o(i.ble_evt_dispatch) refers to ble_wechat_service.o(i.ble_wechat_on_ble_evt) for ble_wechat_on_ble_evt
    main.o(i.ble_evt_dispatch) refers to device_manager_peripheral.o(i.dm_ble_evt_handler) for dm_ble_evt_handler
    main.o(i.ble_evt_dispatch) refers to ble_conn_params.o(i.ble_conn_params_on_ble_evt) for ble_conn_params_on_ble_evt
    main.o(i.ble_evt_dispatch) refers to bsp_btn_ble.o(i.bsp_btn_ble_on_ble_evt) for bsp_btn_ble_on_ble_evt
    main.o(i.ble_evt_dispatch) refers to main.o(i.on_ble_evt) for on_ble_evt
    main.o(i.ble_evt_dispatch) refers to ble_advertising.o(i.ble_advertising_on_ble_evt) for ble_advertising_on_ble_evt
    main.o(i.ble_evt_dispatch) refers to main.o(.bss) for m_ble_wechat
    main.o(i.ble_stack_init) refers to softdevice_handler.o(i.softdevice_handler_init) for softdevice_handler_init
    main.o(i.ble_stack_init) refers to app_error.o(i.app_error_handler) for app_error_handler
    main.o(i.ble_stack_init) refers to softdevice_handler.o(i.softdevice_ble_evt_handler_set) for softdevice_ble_evt_handler_set
    main.o(i.ble_stack_init) refers to softdevice_handler.o(i.softdevice_sys_evt_handler_set) for softdevice_sys_evt_handler_set
    main.o(i.ble_stack_init) refers to main.o(.bss) for BLE_EVT_BUFFER
    main.o(i.ble_stack_init) refers to main.o(i.ble_evt_dispatch) for ble_evt_dispatch
    main.o(i.ble_stack_init) refers to main.o(i.sys_evt_dispatch) for sys_evt_dispatch
    main.o(i.conn_params_error_handler) refers to app_error.o(i.app_error_handler) for app_error_handler
    main.o(i.conn_params_init) refers to memseta.o(.text) for __aeabi_memclr4
    main.o(i.conn_params_init) refers to ble_conn_params.o(i.ble_conn_params_init) for ble_conn_params_init
    main.o(i.conn_params_init) refers to app_error.o(i.app_error_handler) for app_error_handler
    main.o(i.conn_params_init) refers to main.o(i.on_conn_params_evt) for on_conn_params_evt
    main.o(i.conn_params_init) refers to main.o(i.conn_params_error_handler) for conn_params_error_handler
    main.o(i.device_manager_evt_handler) refers to app_error.o(i.app_error_handler) for app_error_handler
    main.o(i.device_manager_init) refers to pstorage.o(i.pstorage_init) for pstorage_init
    main.o(i.device_manager_init) refers to app_error.o(i.app_error_handler) for app_error_handler
    main.o(i.device_manager_init) refers to device_manager_peripheral.o(i.dm_init) for dm_init
    main.o(i.device_manager_init) refers to memseta.o(.text) for __aeabi_memclr
    main.o(i.device_manager_init) refers to device_manager_peripheral.o(i.dm_register) for dm_register
    main.o(i.device_manager_init) refers to main.o(i.device_manager_evt_handler) for device_manager_evt_handler
    main.o(i.device_manager_init) refers to main.o(.data) for m_app_handle
    main.o(i.gap_params_init) refers to app_error.o(i.app_error_handler) for app_error_handler
    main.o(i.get_AES_KEY) refers to printf5.o(i.__0sprintf$5) for __2sprintf
    main.o(i.get_AES_KEY) refers to ble_wechat_service.o(.data) for m_addl_adv_manuf_data
    main.o(i.leds_init) refers to main.o(i.nrf_gpio_cfg_output) for nrf_gpio_cfg_output
    main.o(i.leds_init) refers to main.o(i.nrf_gpio_pin_set) for nrf_gpio_pin_set
    main.o(i.leds_init) refers to main.o(i.nrf_gpio_pin_clear) for nrf_gpio_pin_clear
    main.o(i.main) refers to main.o(i.leds_init) for leds_init
    main.o(i.main) refers to main.o(i.Holzer_init) for Holzer_init
    main.o(i.main) refers to printf5.o(i.__0printf$5) for __2printf
    main.o(i.main) refers to key.o(i.key_init) for key_init
    main.o(i.main) refers to motor.o(i.motor_init) for motor_init
    main.o(i.main) refers to main.o(i.timers_init) for timers_init
    main.o(i.main) refers to main.o(i.ble_stack_init) for ble_stack_init
[...]
    i.state_data_erase_entry_run             0x0001eed8   Section        0  pstorage.o(i.state_data_erase_entry_run)
    state_data_erase_entry_run               0x0001eed9   Thumb Code    12  pstorage.o(i.state_data_erase_entry_run)
    i.state_data_erase_swap_entry_run        0x0001eee8   Section        0  pstorage.o(i.state_data_erase_swap_entry_run)
    state_data_erase_swap_entry_run          0x0001eee9   Thumb Code   136  pstorage.o(i.state_data_erase_swap_entry_run)
    i.state_entry_action_run                 0x0001ef80   Section        0  pstorage.o(i.state_entry_action_run)
    state_entry_action_run                   0x0001ef81   Thumb Code    54  pstorage.o(i.state_entry_action_run)
    i.state_erase_data_page_entry_run        0x0001efbc   Section        0  pstorage.o(i.state_erase_data_page_entry_run)
    state_erase_data_page_entry_run          0x0001efbd   Thumb Code    12  pstorage.o(i.state_erase_data_page_entry_run)
    i.state_idle_entry_run                   0x0001efcc   Section        0  pstorage.o(i.state_idle_entry_run)
    state_idle_entry_run                     0x0001efcd   Thumb Code    18  pstorage.o(i.state_idle_entry_run)
    i.state_restore_head_entry_run           0x0001efe8   Section        0  pstorage.o(i.state_restore_head_entry_run)
    state_restore_head_entry_run             0x0001efe9   Thumb Code    44  pstorage.o(i.state_restore_head_entry_run)
    i.state_restore_tail_entry_run           0x0001f01c   Section        0  pstorage.o(i.state_restore_tail_entry_run)
    state_restore_tail_entry_run             0x0001f01d   Thumb Code    76  pstorage.o(i.state_restore_tail_entry_run)
    i.state_store_entry_run                  0x0001f070   Section        0  pstorage.o(i.state_store_entry_run)
    state_store_entry_run                    0x0001f071   Thumb Code     8  pstorage.o(i.state_store_entry_run)
    i.state_swap_erase_entry_run             0x0001f078   Section        0  pstorage.o(i.state_swap_erase_entry_run)
    state_swap_erase_entry_run               0x0001f079   Thumb Code    38  pstorage.o(i.state_swap_erase_entry_run)
    i.state_write_data_swap_entry_run        0x0001f0a0   Section        0  pstorage.o(i.state_write_data_swap_entry_run)
    state_write_data_swap_entry_run          0x0001f0a1   Thumb Code    46  pstorage.o(i.state_write_data_swap_entry_run)
    i.storage_operation_dummy_handler        0x0001f0d4   Section        0  device_manager_peripheral.o(i.storage_operation_dummy_handler)
    storage_operation_dummy_handler          0x0001f0d5   Thumb Code     8  device_manager_peripheral.o(i.storage_operation_dummy_handler)
    i.store_cmd_flash_write_execute          0x0001f0dc   Section        0  pstorage.o(i.store_cmd_flash_write_execute)
    store_cmd_flash_write_execute            0x0001f0dd   Thumb Code    92  pstorage.o(i.store_cmd_flash_write_execute)
    i.store_operation_execute                0x0001f140   Section        0  pstorage.o(i.store_operation_execute)
    store_operation_execute                  0x0001f141   Thumb Code    10  pstorage.o(i.store_operation_execute)
    i.store_sub_state_sm_run                 0x0001f14c   Section        0  pstorage.o(i.store_sub_state_sm_run)
    store_sub_state_sm_run                   0x0001f14d   Thumb Code    62  pstorage.o(i.store_sub_state_sm_run)
    i.swap_erase_state_run                   0x0001f198   Section        0  pstorage.o(i.swap_erase_state_run)
    swap_erase_state_run                     0x0001f199   Thumb Code    28  pstorage.o(i.swap_erase_state_run)
    i.swap_sub_sm_exit_action_run            0x0001f1b8   Section        0  pstorage.o(i.swap_sub_sm_exit_action_run)
    swap_sub_sm_exit_action_run              0x0001f1b9   Thumb Code     8  pstorage.o(i.swap_sub_sm_exit_action_run)
    i.swap_sub_state_entry_action_run        0x0001f1c0   Section        0  pstorage.o(i.swap_sub_state_entry_action_run)
    swap_sub_state_entry_action_run          0x0001f1c1   Thumb Code    16  pstorage.o(i.swap_sub_state_entry_action_run)
    i.swap_sub_state_err_busy_process        0x0001f1d8   Section        0  pstorage.o(i.swap_sub_state_err_busy_process)
    swap_sub_state_err_busy_process          0x0001f1d9   Thumb Code    24  pstorage.o(i.swap_sub_state_err_busy_process)
    i.swap_sub_state_sm_run                  0x0001f1f8   Section        0  pstorage.o(i.swap_sub_state_sm_run)
    swap_sub_state_sm_run                    0x0001f1f9   Thumb Code    16  pstorage.o(i.swap_sub_state_sm_run)
    i.swap_sub_state_state_change            0x0001f210   Section        0  pstorage.o(i.swap_sub_state_state_change)
    swap_sub_state_state_change              0x0001f211   Thumb Code    14  pstorage.o(i.swap_sub_state_state_change)
    i.sys_evt_dispatch                       0x0001f224   Section        0  main.o(i.sys_evt_dispatch)
    sys_evt_dispatch                         0x0001f225   Thumb Code    18  main.o(i.sys_evt_dispatch)
    i.tail_restore_state_run                 0x0001f238   Section        0  pstorage.o(i.tail_restore_state_run)
    tail_restore_state_run                   0x0001f239   Thumb Code    26  pstorage.o(i.tail_restore_state_run)
    i.tail_word_size_calculate               0x0001f258   Section        0  pstorage.o(i.tail_word_size_calculate)
    tail_word_size_calculate                 0x0001f259   Thumb Code    84  pstorage.o(i.tail_word_size_calculate)
    i.ticks_diff_get                         0x0001f2b0   Section        0  app_timer.o(i.ticks_diff_get)
    ticks_diff_get                           0x0001f2b1   Thumb Code    10  app_timer.o(i.ticks_diff_get)
    i.timeout_handler_exec                   0x0001f2bc   Section        0  app_timer.o(i.timeout_handler_exec)
    timeout_handler_exec                     0x0001f2bd   Thumb Code    60  app_timer.o(i.timeout_handler_exec)
    i.timer_list_handler                     0x0001f338   Section        0  app_timer.o(i.timer_list_handler)
    timer_list_handler                       0x0001f339   Thumb Code    76  app_timer.o(i.timer_list_handler)
    i.timer_list_handler_sched               0x0001f390   Section        0  app_timer.o(i.timer_list_handler_sched)
    timer_list_handler_sched                 0x0001f391   Thumb Code    10  app_timer.o(i.timer_list_handler_sched)
    i.timer_list_insert                      0x0001f39c   Section        0  app_timer.o(i.timer_list_insert)
    timer_list_insert                        0x0001f39d   Thumb Code   212  app_timer.o(i.timer_list_insert)
    i.timer_list_remove                      0x0001f478   Section        0  app_timer.o(i.timer_list_remove)
    timer_list_remove                        0x0001f479   Thumb Code   184  app_timer.o(i.timer_list_remove)
    i.timer_start_op_schedule                0x0001f544   Section        0  app_timer.o(i.timer_start_op_schedule)
    timer_start_op_schedule                  0x0001f545   Thumb Code    80  app_timer.o(i.timer_start_op_schedule)
    i.timer_stop_op_schedule                 0x0001f598   Section        0  app_timer.o(i.timer_stop_op_schedule)
    timer_stop_op_schedule                   0x0001f599   Thumb Code    58  app_timer.o(i.timer_stop_op_schedule)
    i.timer_timeout_handler                  0x0001f5d8   Section        0  main.o(i.timer_timeout_handler)
    timer_timeout_handler                    0x0001f5d9   Thumb Code   356  main.o(i.timer_timeout_handler)
    i.timer_timeouts_check                   0x0001f7b0   Section        0  app_timer.o(i.timer_timeouts_check)
    timer_timeouts_check                     0x0001f7b1   Thumb Code   132  app_timer.o(i.timer_timeouts_check)
    i.timer_timeouts_check_sched             0x0001f84c   Section        0  app_timer.o(i.timer_timeouts_check_sched)
    timer_timeouts_check_sched               0x0001f84d   Thumb Code    10  app_timer.o(i.timer_timeouts_check_sched)
    i.timers_init                            0x0001f858   Section        0  main.o(i.timers_init)
    timers_init                              0x0001f859   Thumb Code    86  main.o(i.timers_init)
    i.tx_power_level_encode                  0x0001f8cc   Section        0  ble_advdata.o(i.tx_power_level_encode)
    tx_power_level_encode                    0x0001f8cd   Thumb Code    48  ble_advdata.o(i.tx_power_level_encode)
    i.uint16_encode                          0x0001f8fc   Section        0  ble_advdata.o(i.uint16_encode)
    uint16_encode                            0x0001f8fd   Thumb Code    18  ble_advdata.o(i.uint16_encode)
    i.update_operation_execute               0x0001f90e   Section        0  pstorage.o(i.update_operation_execute)
    update_operation_execute                 0x0001f90f   Thumb Code     8  pstorage.o(i.update_operation_execute)
    i.update_status_bit_reset                0x0001f918   Section        0  device_manager_peripheral.o(i.update_status_bit_reset)
    update_status_bit_reset                  0x0001f919   Thumb Code    16  device_manager_peripheral.o(i.update_status_bit_reset)
    i.update_timeout_handler                 0x0001f92c   Section        0  ble_conn_params.o(i.update_timeout_handler)
    update_timeout_handler                   0x0001f92d   Thumb Code   136  ble_conn_params.o(i.update_timeout_handler)
    i.user_id_get                            0x0001f9c8   Section        0  app_timer.o(i.user_id_get)
    user_id_get                              0x0001f9c9   Thumb Code    34  app_timer.o(i.user_id_get)
    i.user_op_alloc                          0x0001f9ea   Section        0  app_timer.o(i.user_op_alloc)
    user_op_alloc                            0x0001f9eb   Thumb Code    44  app_timer.o(i.user_op_alloc)
    i.user_op_enque                          0x0001fa16   Section        0  app_timer.o(i.user_op_enque)
    user_op_enque                            0x0001fa17   Thumb Code     4  app_timer.o(i.user_op_enque)
    i.uuid_list_encode                       0x0001fa1a   Section        0  ble_advdata.o(i.uuid_list_encode)
    uuid_list_encode                         0x0001fa1b   Thumb Code    64  ble_advdata.o(i.uuid_list_encode)
    i.uuid_list_sized_encode                 0x0001fa5a   Section        0  ble_advdata.o(i.uuid_list_sized_encode)
    uuid_list_sized_encode                   0x0001fa5b   Thumb Code   196  ble_advdata.o(i.uuid_list_sized_encode)
    i.wdt_feed                               0x0001fb20   Section        0  wdt.o(i.wdt_feed)
    i.wdt_init                               0x0001fb40   Section        0  wdt.o(i.wdt_init)
    i.wdt_start                              0x0001fb94   Section        0  wdt.o(i.wdt_start)
    i.whitelist_has_entries                  0x0001fba0   Section        0  ble_advertising.o(i.whitelist_has_entries)
    whitelist_has_entries                    0x0001fba1   Thumb Code    22  ble_advertising.o(i.whitelist_has_entries)
    .constdata                               0x0001fbb6   Section      512  aes.o(.constdata)
    SBox                                     0x0001fbb6   Data         256  aes.o(.constdata)
    InvSBox                                  0x0001fcb6   Data         256  aes.o(.constdata)
    .constdata                               0x0001fdb6   Section      321  base64.o(.constdata)
    pr2six                                   0x0001fdb6   Data         256  base64.o(.constdata)
    basis_64                                 0x0001feb6   Data          65  base64.o(.constdata)
    .constdata                               0x0001fef8   Section       52  device_manager_peripheral.o(.constdata)
    .constdata                               0x0001ff2c   Section       40  pstorage.o(.constdata)
    swap_sub_state_sm_lut                    0x0001ff2c   Data          20  pstorage.o(.constdata)
    swap_sub_state_sm_lut                    0x0001ff40   Data          20  pstorage.o(.constdata)
    .conststring                             0x0001ff54   Section       76  ble_wechat_service.o(.conststring)
    .conststring                             0x0001ffa0   Section       65  key.o(.conststring)
    .conststring                             0x0001ffe4   Section       76  device_manager_peripheral.o(.conststring)
    .conststring                             0x00020030   Section       87  softdevice_handler.o(.conststring)
    .data                                    0x20002000   Section      316  main.o(.data)
    m_app_handle                             0x20002000   Data           1  main.o(.data)
    m_conn_handle                            0x20002004   Data           4  main.o(.data)
    m_adv_uuids                              0x20002108   Data           4  main.o(.data)
    m_app_timer_id                           0x20002138   Data           4  main.o(.data)
    .data                                    0x2000213c   Section       32  ble_wechat_service.o(.data)
    .data                                    0x2000215c   Section       13  key.o(.data)
    key1_flag                                0x20002166   Data           1  key.o(.data)
    key2_flag                                0x20002167   Data           1  key.o(.data)
    key3_flag                                0x20002168   Data           1  key.o(.data)
    .data                                    0x20002169   Section        3  motor.o(.data)
    motor_key_on_time_num                    0x20002169   Data           1  motor.o(.data)
    motor_key_off_time_num                   0x2000216a   Data           1  motor.o(.data)
    motor_key_error_time_num                 0x2000216b   Data           1  motor.o(.data)
    .data                                    0x2000216c   Section       20  flash.o(.data)
    .data                                    0x20002180   Section       33  bsp.o(.data)
    m_stable_state                           0x20002180   Data           1  bsp.o(.data)
    m_app_ticks_per_100ms                    0x20002184   Data           4  bsp.o(.data)
    m_indication_type                        0x20002188   Data           4  bsp.o(.data)
    m_leds_timer_id                          0x2000218c   Data           4  bsp.o(.data)
    m_alert_timer_id                         0x20002190   Data           4  bsp.o(.data)
    m_registered_callback                    0x20002194   Data           4  bsp.o(.data)
    m_button_timer_id                        0x20002198   Data           4  bsp.o(.data)
    current_long_push_pin_no                 0x2000219c   Data           1  bsp.o(.data)
    release_event_at_push                    0x2000219d   Data           4  bsp.o(.data)
    .data                                    0x200021a4   Section        8  bsp_btn_ble.o(.data)
    m_error_handler                          0x200021a4   Data           4  bsp_btn_ble.o(.data)
    m_num_connections                        0x200021a8   Data           4  bsp_btn_ble.o(.data)
    .data                                    0x200021ac   Section       32  ble_advertising.o(.data)
    m_advertising_start_pending              0x200021ac   Data           1  ble_advertising.o(.data)
    m_peer_address                           0x200021ad   Data           7  ble_advertising.o(.data)
    m_adv_evt                                0x200021b4   Data           1  ble_advertising.o(.data)
    m_evt_handler                            0x200021b8   Data           4  ble_advertising.o(.data)
    m_error_handler                          0x200021bc   Data           4  ble_advertising.o(.data)
    m_adv_mode_current                       0x200021c0   Data           1  ble_advertising.o(.data)
    m_whitelist_temporarily_disabled         0x200021c1   Data           1  ble_advertising.o(.data)
    m_whitelist_reply_expected               0x200021c2   Data           1  ble_advertising.o(.data)
    m_peer_addr_reply_expected               0x200021c3   Data           1  ble_advertising.o(.data)
    m_slave_conn_int                         0x200021c4   Data           4  ble_advertising.o(.data)
    m_tx_power_level                         0x200021c8   Data           1  ble_advertising.o(.data)
    current_slave_link_conn_handle           0x200021ca   Data           2  ble_advertising.o(.data)
    .data                                    0x200021cc   Section       25  ble_conn_params.o(.data)
    m_preferred_conn_params                  0x200021cc   Data           8  ble_conn_params.o(.data)
    m_update_count                           0x200021d4   Data           1  ble_conn_params.o(.data)
    m_conn_handle                            0x200021d6   Data           2  ble_conn_params.o(.data)
    m_current_conn_params                    0x200021d8   Data           8  ble_conn_params.o(.data)
    m_conn_params_timer_id                   0x200021e0   Data           4  ble_conn_params.o(.data)
    m_change_param                           0x200021e4   Data           1  ble_conn_params.o(.data)
    .data                                    0x200021e8   Section       20  device_manager_peripheral.o(.data)
    m_storage_handle                         0x200021e8   Data           8  device_manager_peripheral.o(.data)
    m_peer_addr_update                       0x200021f0   Data           4  device_manager_peripheral.o(.data)
    m_module_initialized                     0x200021f4   Data           1  device_manager_peripheral.o(.data)
    m_irk_index_table                        0x200021f5   Data           7  device_manager_peripheral.o(.data)
    .data                                    0x200021fc   Section       40  pstorage.o(.data)
    m_next_app_instance                      0x200021fc   Data           2  pstorage.o(.data)
    m_next_page_addr                         0x20002200   Data           4  pstorage.o(.data)
    m_state                                  0x20002204   Data           1  pstorage.o(.data)
    m_swap_sub_state                         0x20002205   Data           1  pstorage.o(.data)
    m_head_word_size                         0x20002208   Data           4  pstorage.o(.data)
    m_tail_word_size                         0x2000220c   Data           4  pstorage.o(.data)
    m_current_page_id                        0x20002210   Data           4  pstorage.o(.data)
    m_num_of_command_retries                 0x20002214   Data           4  pstorage.o(.data)
    m_num_of_bytes_written                   0x20002218   Data           4  pstorage.o(.data)
    m_app_data_size                          0x2000221c   Data           4  pstorage.o(.data)
    m_flags                                  0x20002220   Data           4  pstorage.o(.data)
    .data                                    0x20002224   Section        9  app_uart_fifo.o(.data)
    m_instance_counter                       0x20002224   Data           1  app_uart_fifo.o(.data)
    m_event_handler                          0x20002228   Data           4  app_uart_fifo.o(.data)
    m_current_state                          0x2000222c   Data           1  app_uart_fifo.o(.data)
    .data                                    0x20002230   Section       12  app_error.o(.data)
    .data                                    0x2000223c   Section       42  app_timer.o(.data)
    m_node_array_size                        0x2000223c   Data           1  app_timer.o(.data)
    mp_nodes                                 0x20002240   Data           4  app_timer.o(.data)
    m_user_array_size                        0x20002244   Data           1  app_timer.o(.data)
    mp_users                                 0x20002248   Data           4  app_timer.o(.data)
    m_timer_id_head                          0x2000224c   Data           4  app_timer.o(.data)
    m_ticks_latest                           0x20002250   Data           4  app_timer.o(.data)
    m_ticks_elapsed                          0x20002254   Data           8  app_timer.o(.data)
    m_ticks_elapsed_q_read_ind               0x2000225c   Data           1  app_timer.o(.data)
    m_ticks_elapsed_q_write_ind              0x2000225d   Data           1  app_timer.o(.data)
    m_evt_schedule_func                      0x20002260   Data           4  app_timer.o(.data)
    m_rtc1_running                           0x20002264   Data           1  app_timer.o(.data)
    m_rtc1_reset                             0x20002265   Data           1  app_timer.o(.data)
    .data                                    0x20002268   Section        8  retarget.o(.data)
    .data                                    0x20002270   Section       24  softdevice_handler.o(.data)
    m_evt_schedule_func                      0x20002270   Data           4  softdevice_handler.o(.data)
    m_softdevice_enabled                     0x20002274   Data           1  softdevice_handler.o(.data)
    mp_ble_evt_buffer                        0x20002278   Data           4  softdevice_handler.o(.data)
    m_ble_evt_buffer_size                    0x2000227c   Data           2  softdevice_handler.o(.data)
    m_ble_evt_handler                        0x20002280   Data           4  softdevice_handler.o(.data)
    m_sys_evt_handler                        0x20002284   Data           4  softdevice_handler.o(.data)
    .data                                    0x20002288   Section        4  system_nrf51.o(.data)
    __tagsym$$used                           0x20002288   Number         0  system_nrf51.o(.data)
    .data                                    0x2000228c   Section        4  mvars.o(.data)
    .data                                    0x20002290   Section        4  mvars.o(.data)
    .bss                                     0x20002294   Section     1632  main.o(.bss)
    m_ble_wechat                             0x20002294   Data          28  main.o(.bss)
    APP_TIMER_BUF                            0x2000237c   Data         816  main.o(.bss)
    BLE_EVT_BUFFER                           0x200026ac   Data          72  main.o(.bss)
    rx_buf                                   0x200026f4   Data         256  main.o(.bss)
    tx_buf                                   0x200027f4   Data         256  main.o(.bss)
    .bss                                     0x200028f4   Section      120  ble_wechat_service.o(.bss)
    .bss                                     0x2000296c   Section      176  aes.o(.bss)
    g_roundKeyTable                          0x2000296c   Data         176  aes.o(.bss)
    .bss                                     0x20002a1c   Section       20  key.o(.bss)
    .bss                                     0x20002a30   Section       12  bsp.o(.bss)
    m_events_list                            0x20002a30   Data          12  bsp.o(.bss)
    .bss                                     0x20002a3c   Section      251  ble_advertising.o(.bss)
    m_advdata                                0x20002a3c   Data          48  ble_advertising.o(.bss)
    m_adv_modes_config                       0x20002a6c   Data          36  ble_advertising.o(.bss)
    m_whitelist                              0x20002a90   Data          16  ble_advertising.o(.bss)
    mp_whitelist_addr                        0x20002aa0   Data          32  ble_advertising.o(.bss)
    mp_whitelist_irk                         0x20002ac0   Data          32  ble_advertising.o(.bss)
    m_manuf_specific_data                    0x20002ae0   Data          12  ble_advertising.o(.bss)
    m_manuf_data_array                       0x20002aec   Data          31  ble_advertising.o(.bss)
    m_service_data                           0x20002b0c   Data          12  ble_advertising.o(.bss)
    m_service_data_array                     0x20002b18   Data          31  ble_advertising.o(.bss)
    .bss                                     0x20002b38   Section       28  ble_conn_params.o(.bss)
    m_conn_params_config                     0x20002b38   Data          28  ble_conn_params.o(.bss)
    .bss                                     0x20002b54   Section      335  device_manager_peripheral.o(.bss)
    m_app_context_table                      0x20002b54   Data          28  device_manager_peripheral.o(.bss)
    m_peer_table                             0x20002b70   Data         196  device_manager_peripheral.o(.bss)
    m_bond_table                             0x20002c34   Data          28  device_manager_peripheral.o(.bss)
    m_gatts_table                            0x20002c50   Data          36  device_manager_peripheral.o(.bss)
    m_connection_table                       0x20002c74   Data          12  device_manager_peripheral.o(.bss)
    m_application_table                      0x20002c80   Data          12  device_manager_peripheral.o(.bss)
    m_local_id_info                          0x20002c8c   Data          23  device_manager_peripheral.o(.bss)
    .bss                                     0x20002ca4   Section       76  nrf_drv_gpiote.o(.bss)
    m_cb                                     0x20002ca4   Data          76  nrf_drv_gpiote.o(.bss)
    .bss                                     0x20002cf0   Section      228  pstorage.o(.bss)
    m_cmd_queue                              0x20002cf0   Data         204  pstorage.o(.bss)
    m_app_table                              0x20002dbc   Data          24  pstorage.o(.bss)
    .bss                                     0x20002dd4   Section       32  app_uart_fifo.o(.bss)
    m_rx_fifo                                0x20002dd4   Data          16  app_uart_fifo.o(.bss)
    m_tx_fifo                                0x20002de4   Data          16  app_uart_fifo.o(.bss)
    HEAP                                     0x20002df8   Section     2048  arm_startup_nrf51.o(HEAP)
    STACK                                    0x200035f8   Section     2048  arm_startup_nrf51.o(STACK)

    Global Symbols

    Symbol Name                              Value     Ov Type        Size  Object(Section)

    BuildAttributes$$THM_ISAv3M$S$PE$A:L22$X:L11$S22$IEEE1$IW$USESV6$~STKCKD$USESV7$~SHL$OSPACE$ROPI$EBA8$MICROLIB$REQ8$PRES8$EABIv2 0x00000000   Number         0  anon$$obj.o ABSOLUTE
    __ARM_use_no_argv                        0x00000000   Number         0  main.o ABSOLUTE
    _printf_a                                0x00000000   Number         0  stubs.o ABSOLUTE
    _printf_c                                0x00000000   Number         0  stubs.o ABSOLUTE
    _printf_charcount                        0x00000000   Number         0  stubs.o ABSOLUTE
    _printf_d                                0x00000000   Number         0  stubs.o ABSOLUTE
    _printf_e                                0x00000000   Number         0  stubs.o ABSOLUTE
    _printf_f                                0x00000000   Number         0  stubs.o ABSOLUTE
    _printf_flags                            0x00000000   Number         0  stubs.o ABSOLUTE
    _printf_fp_dec                           0x00000000   Number         0  stubs.o ABSOLUTE
    _printf_fp_hex                           0x00000000   Number         0  stubs.o ABSOLUTE
    _printf_g                                0x00000000   Number         0  stubs.o ABSOLUTE
    _printf_i                                0x00000000   Number         0  stubs.o ABSOLUTE
    _printf_int_dec                          0x00000000   Number         0  stubs.o ABSOLUTE
    _printf_l                                0x00000000   Number         0  stubs.o ABSOLUTE
    _printf_lc                               0x00000000   Number         0  stubs.o ABSOLUTE
    _printf_ll                               0x00000000   Number         0  stubs.o ABSOLUTE
    _printf_lld                              0x00000000   Number         0  stubs.o ABSOLUTE
    _printf_lli                              0x00000000   Number         0  stubs.o ABSOLUTE
    _printf_llo                              0x00000000   Number         0  stubs.o ABSOLUTE
    _printf_llu                              0x00000000   Number         0  stubs.o ABSOLUTE
    _printf_llx                              0x00000000   Number         0  stubs.o ABSOLUTE
    _printf_longlong_dec                     0x00000000   Number         0  stubs.o ABSOLUTE
    _printf_longlong_hex                     0x00000000   Number         0  stubs.o ABSOLUTE
    _printf_longlong_oct                     0x00000000   Number         0  stubs.o ABSOLUTE
    _printf_ls                               0x00000000   Number         0  stubs.o ABSOLUTE
    _printf_mbtowc                           0x00000000   Number         0  stubs.o ABSOLUTE
    _printf_n                                0x00000000   Number         0  stubs.o ABSOLUTE
    _printf_o                                0x00000000   Number         0  stubs.o ABSOLUTE
    _printf_p                                0x00000000   Number         0  stubs.o ABSOLUTE
    _printf_percent                          0x00000000   Number         0  stubs.o ABSOLUTE
    _printf_pre_padding                      0x00000000   Number         0  stubs.o ABSOLUTE
    _printf_return_value                     0x00000000   Number         0  stubs.o ABSOLUTE
    _printf_s                                0x00000000   Number         0  stubs.o ABSOLUTE
    _printf_sizespec                         0x00000000   Number         0  stubs.o ABSOLUTE
    _printf_str                              0x00000000   Number         0  stubs.o ABSOLUTE
    _printf_truncate_signed                  0x00000000   Number         0  stubs.o ABSOLUTE
    _printf_truncate_unsigned                0x00000000   Number         0  stubs.o ABSOLUTE
    _printf_u                                0x00000000   Number         0  stubs.o ABSOLUTE
    _printf_wc                               0x00000000   Number         0  stubs.o ABSOLUTE
    _printf_wctomb                           0x00000000   Number         0  stubs.o ABSOLUTE
    _printf_widthprec                        0x00000000   Number         0  stubs.o ABSOLUTE
    _printf_x                                0x00000000   Number         0  stubs.o ABSOLUTE
    __cpp_initialize__aeabi_                  - Undefined Weak Reference
    __cxa_finalize                            - Undefined Weak Reference
    _clock_init                               - Undefined Weak Reference
    _microlib_exit                            - Undefined Weak Reference
    __Vectors_Size                           0x000000c0   Number         0  arm_startup_nrf51.o ABSOLUTE
    __Vectors                                0x00018000   Data           4  arm_startup_nrf51.o(RESET)
    __Vectors_End                            0x000180c0   Data           0  arm_startup_nrf51.o(RESET)
    __main                                   0x000180c1   Thumb Code     0  entry.o(.ARM.Collect$$$$00000000)
    _main_stk                                0x000180c1   Thumb Code     0  entry2.o(.ARM.Collect$$$$00000001)
    _main_scatterload                        0x000180c5   Thumb Code     0  entry5.o(.ARM.Collect$$$$00000004)
    __main_after_scatterload                 0x000180c9   Thumb Code     0  entry5.o(.ARM.Collect$$$$00000004)
    _main_clock                              0x000180c9   Thumb Code     0  entry7b.o(.ARM.Collect$$$$00000008)
    _main_cpp_init                           0x000180c9   Thumb Code     0  entry8b.o(.ARM.Collect$$$$0000000A)
    _main_init                               0x000180c9   Thumb Code     0  entry9a.o(.ARM.Collect$$$$0000000B)
    __rt_final_cpp                           0x000180d1   Thumb Code     0  entry10a.o(.ARM.Collect$$$$0000000D)
    __rt_final_exit                          0x000180d1   Thumb Code     0  entry11a.o(.ARM.Collect$$$$0000000F)
    __asm___11_app_timer_c_cd27f9c3__nrf_delay_us 0x000180d5   Thumb Code    30  app_timer.o(.emb_text)
    Reset_Handler                            0x000180f5   Thumb Code    26  arm_startup_nrf51.o(.text)
    NMI_Handler                              0x0001810f   Thumb Code     2  arm_startup_nrf51.o(.text)
    HardFault_Handler                        0x00018111   Thumb Code     2  arm_startup_nrf51.o(.text)
    SVC_Handler                              0x00018113   Thumb Code     2  arm_startup_nrf51.o(.text)
    PendSV_Handler                           0x00018115   Thumb Code     2  arm_startup_nrf51.o(.text)
    SysTick_Handler                          0x00018117   Thumb Code     2  arm_startup_nrf51.o(.text)
    ADC_IRQHandler                           0x00018119   Thumb Code     0  arm_startup_nrf51.o(.text)
    CCM_AAR_IRQHandler                       0x00018119   Thumb Code     0  arm_startup_nrf51.o(.text)
    ECB_IRQHandler                           0x00018119   Thumb Code     0  arm_startup_nrf51.o(.text)
    LPCOMP_IRQHandler                        0x00018119   Thumb Code     0  arm_startup_nrf51.o(.text)
    POWER_CLOCK_IRQHandler                   0x00018119   Thumb Code     0  arm_startup_nrf51.o(.text)
    QDEC_IRQHandler                          0x00018119   Thumb Code     0  arm_startup_nrf51.o(.text)
    RADIO_IRQHandler                         0x00018119   Thumb Code     0  arm_startup_nrf51.o(.text)
    RNG_IRQHandler                           0x00018119   Thumb Code     0  arm_startup_nrf51.o(.text)
    RTC0_IRQHandler                          0x00018119   Thumb Code     0  arm_startup_nrf51.o(.text)
    SPI0_TWI0_IRQHandler                     0x00018119   Thumb Code     0  arm_startup_nrf51.o(.text)
    SPI1_TWI1_IRQHandler                     0x00018119   Thumb Code     0  arm_startup_nrf51.o(.text)
    SWI1_IRQHandler                          0x00018119   Thumb Code     0  arm_startup_nrf51.o(.text)
    SWI3_IRQHandler                          0x00018119   Thumb Code     0  arm_startup_nrf51.o(.text)
    SWI4_IRQHandler                          0x00018119   Thumb Code     0  arm_startup_nrf51.o(.text)
    SWI5_IRQHandler                          0x00018119   Thumb Code     0  arm_startup_nrf51.o(.text)
    TEMP_IRQHandler                          0x00018119   Thumb Code     0  arm_startup_nrf51.o(.text)
    TIMER0_IRQHandler                        0x00018119   Thumb Code     0  arm_startup_nrf51.o(.text)
    TIMER1_IRQHandler                        0x00018119   Thumb Code     0  arm_startup_nrf51.o(.text)
    TIMER2_IRQHandler                        0x00018119   Thumb Code     0  arm_startup_nrf51.o(.text)
    WDT_IRQHandler                           0x00018119   Thumb Code     0  arm_startup_nrf51.o(.text)
    __aeabi_uidiv                            0x0001812d   Thumb Code     0  uidiv.o(.text)
    __aeabi_uidivmod                         0x0001812d   Thumb Code    44  uidiv.o(.text)
    __aeabi_idiv                             0x00018159   Thumb Code     0  idiv.o(.text)
    __aeabi_idivmod                          0x00018159   Thumb Code    40  idiv.o(.text)
    __aeabi_ldivmod                          0x00018181   Thumb Code    76  ldiv.o(.text)
    __aeabi_memcpy                           0x000181cd   Thumb Code    36  memcpya.o(.text)
    __aeabi_memcpy4                          0x000181cd   Thumb Code     0  memcpya.o(.text)
    __aeabi_memcpy8                          0x000181cd   Thumb Code     0  memcpya.o(.text)
    __aeabi_memset                           0x000181f1   Thumb Code    14  memseta.o(.text)
    __aeabi_memset4                          0x000181f1   Thumb Code     0  memseta.o(.text)
    __aeabi_memset8                          0x000181f1   Thumb Code     0  memseta.o(.text)
    __aeabi_memclr                           0x000181ff   Thumb Code     4  memseta.o(.text)
    __aeabi_memclr4                          0x000181ff   Thumb Code     0  memseta.o(.text)
    __aeabi_memclr8                          0x000181ff   Thumb Code     0  memseta.o(.text)
    _memset$wrapper                          0x00018203   Thumb Code    18  memseta.o(.text)
    strlen                                   0x00018215   Thumb Code    14  strlen.o(.text)
    memcmp                                   0x00018223   Thumb Code    26  memcmp.o(.text)
    __aeabi_uldivmod                         0x0001823d   Thumb Code    96  uldiv.o(.text)
    __scatterload                            0x0001829d   Thumb Code    28  init.o(.text)
    __scatterload_rt2                        0x0001829d   Thumb Code     0  init.o(.text)
    __aeabi_llsl                             0x000182c1   Thumb Code    32  llshl.o(.text)
    _ll_shift_l                              0x000182c1   Thumb Code     0  llshl.o(.text)
    __aeabi_llsr                             0x000182e1   Thumb Code    34  llushr.o(.text)
    _ll_ushift_r                             0x000182e1   Thumb Code     0  llushr.o(.text)
    __decompress                             0x00018303   Thumb Code     0  __dczerorl2.o(.text)
    __decompress1                            0x00018303   Thumb Code    86  __dczerorl2.o(.text)
    AES_Decrypt                              0x00018359   Thumb Code    48  aes.o(i.AES_Decrypt)
    AES_Encrypt_PKCS7                        0x00018389   Thumb Code   114  aes.o(i.AES_Encrypt_PKCS7)
    AES_Init                                 0x000183fd   Thumb Code   120  aes.o(i.AES_Init)
    Base64decode                             0x0001847d   Thumb Code   206  base64.o(i.Base64decode)
    Base64encode                             0x00018551   Thumb Code   200  base64.o(i.Base64encode)
    GPIOTE_IRQHandler                        0x000186b9   Thumb Code   378  nrf_drv_gpiote.o(i.GPIOTE_IRQHandler)
    Holzer_init                              0x0001885d   Thumb Code    24  main.o(i.Holzer_init)
    RTC1_IRQHandler                          0x00018aa1   Thumb Code    34  app_timer.o(i.RTC1_IRQHandler)
    SWI0_IRQHandler                          0x00018adb   Thumb Code     8  app_timer.o(i.SWI0_IRQHandler)
    SWI2_IRQHandler                          0x00018ae5   Thumb Code    52  softdevice_handler.o(i.SWI2_IRQHandler)
    SystemInit                               0x00018ba9   Thumb Code    76  system_nrf51.o(i.SystemInit)
    UART0_IRQHandler                         0x00018c0d   Thumb Code   142  app_uart_fifo.o(i.UART0_IRQHandler)
    __0printf$5                              0x00018cc9   Thumb Code    24  printf5.o(i.__0printf$5)
    __1printf$5                              0x00018cc9   Thumb Code     0  printf5.o(i.__0printf$5)
    __2printf                                0x00018cc9   Thumb Code     0  printf5.o(i.__0printf$5)
    __0sprintf$5                             0x00018ce9   Thumb Code    36  printf5.o(i.__0sprintf$5)
    __1sprintf$5                             0x00018ce9   Thumb Code     0  printf5.o(i.__0sprintf$5)
    __2sprintf                               0x00018ce9   Thumb Code     0  printf5.o(i.__0sprintf$5)
    __ARM_common_switch8                     0x00018d11   Thumb Code    28  bsp.o(i.__ARM_common_switch8)
    __scatterload_copy                       0x00018d2d   Thumb Code    14  handlers.o(i.__scatterload_copy)
    __scatterload_null                       0x00018d3b   Thumb Code     2  handlers.o(i.__scatterload_null)
    __scatterload_zeroinit                   0x00018d3d   Thumb Code    14  handlers.o(i.__scatterload_zeroinit)
    action_tx_stop                           0x000190a5   Thumb Code    28  app_uart_fifo.o(i.action_tx_stop)
    adc_enable                               0x000190f1   Thumb Code    48  ad.o(i.adc_enable)
    app_error_handler                        0x00019365   Thumb Code    48  app_error.o(i.app_error_handler)
    app_fifo_get                             0x000193bd   Thumb Code    42  app_fifo.o(i.app_fifo_get)
    app_fifo_put                             0x000193e7   Thumb Code    42  app_fifo.o(i.app_fifo_put)
    app_timer_create                         0x00019465   Thumb Code   108  app_timer.o(i.app_timer_create)
    app_timer_init                           0x000194d9   Thumb Code   204  app_timer.o(i.app_timer_init)
    app_timer_start                          0x000195c9   Thumb Code    98  app_timer.o(i.app_timer_start)
    app_timer_stop                           0x00019635   Thumb Code    60  app_timer.o(i.app_timer_stop)
    app_uart_put                             0x00019679   Thumb Code    24  app_uart_fifo.o(i.app_uart_put)
    ble_advdata_set                          0x00019725   Thumb Code   122  ble_advdata.o(i.ble_advdata_set)
    ble_advertising_init                     0x000197a1   Thumb Code   316  ble_advertising.o(i.ble_advertising_init)
    ble_advertising_on_ble_evt               0x00019915   Thumb Code   236  ble_advertising.o(i.ble_advertising_on_ble_evt)
    ble_advertising_on_sys_evt               0x00019a19   Thumb Code    70  ble_advertising.o(i.ble_advertising_on_sys_evt)
    ble_advertising_start                    0x00019a7d   Thumb Code   654  ble_advertising.o(i.ble_advertising_start)
    ble_conn_params_init                     0x00019d39   Thumb Code    90  ble_conn_params.o(i.ble_conn_params_init)
    ble_conn_params_on_ble_evt               0x00019db1   Thumb Code    62  ble_conn_params.o(i.ble_conn_params_on_ble_evt)
    ble_wechat_add_characteristics           0x00019ee1   Thumb Code   110  ble_wechat_service.o(i.ble_wechat_add_characteristics)
    ble_wechat_add_indicate_char             0x00019f55   Thumb Code   296  ble_wechat_service.o(i.ble_wechat_add_indicate_char)
    ble_wechat_add_service                   0x0001a171   Thumb Code    32  ble_wechat_service.o(i.ble_wechat_add_service)
    ble_wechat_indicate_data                 0x0001a291   Thumb Code    40  ble_wechat_service.o(i.ble_wechat_indicate_data)
    ble_wechat_on_ble_evt                    0x0001a351   Thumb Code    66  ble_wechat_service.o(i.ble_wechat_on_ble_evt)
    bond_data_load                           0x0001a395   Thumb Code    62  device_manager_peripheral.o(i.bond_data_load)
    bsp_btn_ble_on_ble_evt                   0x0001a3e5   Thumb Code   122  bsp_btn_ble.o(i.bsp_btn_ble_on_ble_evt)
    bsp_event_to_button_action_assign        0x0001a469   Thumb Code    88  bsp.o(i.bsp_event_to_button_action_assign)
    bsp_indication_set                       0x0001a4c5   Thumb Code    30  bsp.o(i.bsp_indication_set)
    compare_password                         0x0001acbd   Thumb Code    32  key.o(i.compare_password)
    dm_ble_evt_handler                       0x0001b429   Thumb Code  1570  device_manager_peripheral.o(i.dm_ble_evt_handler)
    dm_handle_initialize                     0x0001ba69   Thumb Code    24  device_manager_peripheral.o(i.dm_handle_initialize)
    dm_init                                  0x0001ba85   Thumb Code   230  device_manager_peripheral.o(i.dm_init)
    dm_register                              0x0001bdd9   Thumb Code   176  device_manager_peripheral.o(i.dm_register)
    flash_callback                           0x0001bfed   Thumb Code   164  flash.o(i.flash_callback)
    flash_init                               0x0001c145   Thumb Code    58  flash.o(i.flash_init)
    fputc                                    0x0001c235   Thumb Code    16  retarget.o(i.fputc)
    free                                     0x0001c245   Thumb Code    80  malloc.o(i.free)
    get_AES_KEY                              0x0001c5b5   Thumb Code    90  main.o(i.get_AES_KEY)
    get_mac_addr                             0x0001c619   Thumb Code    78  ble_wechat_service.o(i.get_mac_addr)
    get_password                             0x0001c66d   Thumb Code    58  data_processing.o(i.get_password)
    get_super_password                       0x0001c6a7   Thumb Code    46  data_processing.o(i.get_super_password)
    intern_softdevice_events_execute         0x0001c745   Thumb Code   168  softdevice_handler.o(i.intern_softdevice_events_execute)
    key_init                                 0x0001c9db   Thumb Code    54  key.o(i.key_init)
    key_run                                  0x0001ca11   Thumb Code   342  key.o(i.key_run)
    key_scan                                 0x0001cbf1   Thumb Code   220  key.o(i.key_scan)
    key_super_run                            0x0001ccdd   Thumb Code   330  key.o(i.key_super_run)
    main                                     0x0001d0a9   Thumb Code  1822  main.o(i.main)
    malloc                                   0x0001d889   Thumb Code    92  malloc.o(i.malloc)
    motor_init                               0x0001d95f   Thumb Code    40  motor.o(i.motor_init)
    motor_key_state                          0x0001d989   Thumb Code   504  motor.o(i.motor_key_state)
    nrf_adc_read                             0x0001dc81   Thumb Code    30  ad.o(i.nrf_adc_read)
    on_indicate_comfirm                      0x0001e065   Thumb Code    14  ble_wechat_service.o(i.on_indicate_comfirm)
    pstorage_access_status_get               0x0001e295   Thumb Code    40  pstorage.o(i.pstorage_access_status_get)
    pstorage_block_identifier_get            0x0001e2c5   Thumb Code   154  pstorage.o(i.pstorage_block_identifier_get)
    pstorage_clear                           0x0001e369   Thumb Code   270  pstorage.o(i.pstorage_clear)
    pstorage_init                            0x0001e4b5   Thumb Code   104  pstorage.o(i.pstorage_init)
    pstorage_load                            0x0001e53d   Thumb Code   242  pstorage.o(i.pstorage_load)
    pstorage_register                        0x0001e639   Thumb Code   262  pstorage.o(i.pstorage_register)
    pstorage_store                           0x0001e751   Thumb Code   216  pstorage.o(i.pstorage_store)
    pstorage_sys_event_handler               0x0001e831   Thumb Code    66  pstorage.o(i.pstorage_sys_event_handler)
    pstorage_update                          0x0001e87d   Thumb Code   216  pstorage.o(i.pstorage_update)
    receive_data_Decrypt                     0x0001e95d   Thumb Code   122  data_processing.o(i.receive_data_Decrypt)
    receive_password_num_read                0x0001e9dd   Thumb Code    80  flash.o(i.receive_password_num_read)
    receive_password_num_update              0x0001ea45   Thumb Code    96  flash.o(i.receive_password_num_update)
    receive_phone_num_read                   0x0001eac1   Thumb Code    80  flash.o(i.receive_phone_num_read)
    receive_phone_num_update                 0x0001eb29   Thumb Code    80  flash.o(i.receive_phone_num_update)
    send_data_Encrypt                        0x0001ec49   Thumb Code   126  data_processing.o(i.send_data_Encrypt)
    softdevice_assertion_handler             0x0001ee1d   Thumb Code    18  softdevice_handler.o(i.softdevice_assertion_handler)
    softdevice_ble_evt_handler_set           0x0001ee31   Thumb Code    18  softdevice_handler.o(i.softdevice_ble_evt_handler_set)
    softdevice_handler_init                  0x0001ee49   Thumb Code    84  softdevice_handler.o(i.softdevice_handler_init)
    softdevice_sys_evt_handler_set           0x0001eeb1   Thumb Code    18  softdevice_handler.o(i.softdevice_sys_evt_handler_set)
    wdt_feed                                 0x0001fb21   Thumb Code    20  wdt.o(i.wdt_feed)
    wdt_init                                 0x0001fb41   Thumb Code    58  wdt.o(i.wdt_init)
    wdt_start                                0x0001fb95   Thumb Code     8  wdt.o(i.wdt_start)
    m_service_context_store                  0x0001fef8   Data          16  device_manager_peripheral.o(.constdata)
    m_service_context_load                   0x0001ff08   Data          16  device_manager_peripheral.o(.constdata)
    m_service_context_apply                  0x0001ff18   Data          16  device_manager_peripheral.o(.constdata)
    m_context_init_len                       0x0001ff28   Data           4  device_manager_peripheral.o(.constdata)
    Region$$Table$$Base                      0x00020088   Number         0  anon$$obj.o(Region$$Table)
    Region$$Table$$Limit                     0x000200a8   Number         0  anon$$obj.o(Region$$Table)
    time_num                                 0x20002008   Data           4  main.o(.data)
    password_num                             0x2000200c   Data           8  main.o(.data)
    super_password_num                       0x20002014   Data           8  main.o(.data)
    flash_phone_num                          0x2000201c   Data          12  main.o(.data)
    receive_data_12_flag                     0x20002028   Data           1  main.o(.data)
    receive_data_13_flag                     0x20002029   Data           1  main.o(.data)
    send_Plaindata11                         0x2000202a   Data          50  main.o(.data)
    send_Plaindata12                         0x2000205c   Data          50  main.o(.data)
    send_Plaindata13                         0x2000208e   Data          50  main.o(.data)
    send_Plaindata14                         0x200020c0   Data          50  main.o(.data)
    ad_num                                   0x200020f2   Data           2  main.o(.data)
    start_string                             0x200020f4   Data          20  main.o(.data)
    key_time_flag                            0x2000210c   Data           1  main.o(.data)
    motor_time_flag                          0x2000210d   Data           1  main.o(.data)
    disconnect_delay_flag                    0x2000210e   Data           1  main.o(.data)
    motor_delay_flag                         0x2000210f   Data           1  main.o(.data)
    KEY_OPEN_dleay_flag                      0x20002110   Data           1  main.o(.data)
    KEY_OPEN_flag                            0x20002111   Data           1  main.o(.data)
    DEEP_OPEN_dleay_flag                     0x20002112   Data           1  main.o(.data)
    LOCK_status_flag                         0x20002113   Data           1  main.o(.data)
    KEY_OPEN_dleay_one_flag                  0x20002114   Data           1  main.o(.data)
    LOCK_status_use                          0x20002115   Data           1  main.o(.data)
    receive_delay_flag                       0x20002118   Data           4  main.o(.data)
    receive_delay_num                        0x2000211c   Data           4  main.o(.data)
    disconnect_delay_num                     0x20002120   Data           4  main.o(.data)
    motor_delay_num                          0x20002124   Data           4  main.o(.data)
    KEY_OPEN_dleay_num                       0x20002128   Data           4  main.o(.data)
    DEEP_OPEN_dleay_num                      0x2000212c   Data           4  main.o(.data)
    use_time_num                             0x20002130   Data           8  main.o(.data)
    send_end_flag                            0x2000213c   Data           1  ble_wechat_service.o(.data)
    m_addl_adv_manuf_data                    0x2000213d   Data           6  ble_wechat_service.o(.data)
    g_send_data                              0x20002144   Data           8  ble_wechat_service.o(.data)
    g_rcv_data                               0x2000214c   Data           8  ble_wechat_service.o(.data)
    receive_data                             0x20002154   Data           8  ble_wechat_service.o(.data)
    key_flag                                 0x2000215c   Data           1  key.o(.data)
    motor_state_key_flag                     0x2000215d   Data           1  key.o(.data)
    key_count                                0x2000215e   Data           1  key.o(.data)
    key_reset_num                            0x2000215f   Data           1  key.o(.data)
    key_reset_flag                           0x20002160   Data           1  key.o(.data)
    read_time_flag                           0x20002161   Data           1  key.o(.data)
    super_key_count                          0x20002162   Data           1  key.o(.data)
    super_key_reset_num                      0x20002163   Data           1  key.o(.data)
    super_key_reset_flag                     0x20002164   Data           1  key.o(.data)
    super_read_time_flag                     0x20002165   Data           1  key.o(.data)
    m_data_num_handle                        0x2000216c   Data           8  flash.o(.data)
    advertising_num                          0x20002174   Data           4  flash.o(.data)
    flash_store_flag                         0x20002178   Data           1  flash.o(.data)
    flash_load_flag                          0x20002179   Data           1  flash.o(.data)
    flash_clear_flag                         0x2000217a   Data           1  flash.o(.data)
    flash_update_flag                        0x2000217b   Data           1  flash.o(.data)
    flash_callback_store_flag                0x2000217c   Data           1  flash.o(.data)
    flash_callback_load_flag                 0x2000217d   Data           1  flash.o(.data)
    flash_callback_clear_flag                0x2000217e   Data           1  flash.o(.data)
    flash_callback_update_flag               0x2000217f   Data           1  flash.o(.data)
    m_error_code                             0x20002230   Data           4  app_error.o(.data)
    m_line_num                               0x20002234   Data           4  app_error.o(.data)
    m_p_file_name                            0x20002238   Data           4  app_error.o(.data)
    __stdout                                 0x20002268   Data           4  retarget.o(.data)
    __stdin                                  0x2000226c   Data           4  retarget.o(.data)
    SystemCoreClock                          0x20002288   Data           4  system_nrf51.o(.data)
    __microlib_freelist                      0x2000228c   Data           4  mvars.o(.data)
    __microlib_freelist_initialised          0x20002290   Data           4  mvars.o(.data)
    session_key                              0x200022b0   Data          16  main.o(.bss)
    receive_Plaindata                        0x200022c0   Data          50  main.o(.bss)
    receive_phone_num                        0x200022f2   Data          11  main.o(.bss)
    receive_time_num                         0x200022fd   Data          13  main.o(.bss)
    receive_super_time_num                   0x2000230a   Data          13  main.o(.bss)
    aaas                                     0x20002317   Data         100  main.o(.bss)
    g_rcv_data_data                          0x200028f4   Data         120  ble_wechat_service.o(.bss)
    read_password                            0x20002a1c   Data          10  key.o(.bss)
    read_super_password                      0x20002a26   Data          10  key.o(.bss)
    __heap_base                              0x20002df8   Data           0  arm_startup_nrf51.o(HEAP)
    __heap_limit                             0x200035f8   Data           0  arm_startup_nrf51.o(HEAP)
    __initial_sp                             0x20003df8   Data           0  arm_startup_nrf51.o(STACK)



==============================================================================

Memory Map of the image

  Image Entry point : 0x000180c1

  Load Region LR_IROM1 (Base: 0x00018000, Size: 0x0000833c, Max: 0x00028000, ABSOLUTE, COMPRESSED[0x00008108])

    Execution Region ER_IROM1 (Base: 0x00018000, Size: 0x000080a8, Max: 0x00028000, ABSOLUTE)

    Base Addr    Size         Type   Attr      Idx    E Section Name        Object

    0x00018000   0x000000c0   Data   RO         2943    RESET               arm_startup_nrf51.o
    0x000180c0   0x00000000   Code   RO         2995  * .ARM.Collect$$$$00000000  mc_p.l(entry.o)
    0x000180c0   0x00000004   Code   RO         3303    .ARM.Collect$$$$00000001  mc_p.l(entry2.o)
    0x000180c4   0x00000004   Code   RO         3306    .ARM.Collect$$$$00000004  mc_p.l(entry5.o)
    0x000180c8   0x00000000   Code   RO         3308    .ARM.Collect$$$$00000008  mc_p.l(entry7b.o)
    0x000180c8   0x00000000   Code   RO         3310    .ARM.Collect$$$$0000000A  mc_p.l(entry8b.o)
    0x000180c8   0x00000008   Code   RO         3311    .ARM.Collect$$$$0000000B  mc_p.l(entry9a.o)
    0x000180d0   0x00000000   Code   RO         3313    .ARM.Collect$$$$0000000D  mc_p.l(entry10a.o)
    0x000180d0   0x00000000   Code   RO         3315    .ARM.Collect$$$$0000000F  mc_p.l(entry11a.o)
    0x000180d0   0x00000004   Code   RO         3304    .ARM.Collect$$$$00002712  mc_p.l(entry2.o)
    0x000180d4   0x0000001e   Code   RO         2565    .emb_text           app_timer.o
    0x000180f2   0x00000002   PAD
    0x000180f4   0x00000038   Code   RO         2944    .text               arm_startup_nrf51.o
    0x0001812c   0x0000002c   Code   RO         2998    .text               mc_p.l(uidiv.o)
    0x00018158   0x00000028   Code   RO         3000    .text               mc_p.l(idiv.o)
    0x00018180   0x0000004c   Code   RO         3002    .text               mc_p.l(ldiv.o)
    0x000181cc   0x00000024   Code   RO         3004    .text               mc_p.l(memcpya.o)
    0x000181f0   0x00000024   Code   RO         3006    .text               mc_p.l(memseta.o)
    0x00018214   0x0000000e   Code   RO         3008    .text               mc_p.l(strlen.o)
    0x00018222   0x0000001a   Code   RO         3010    .text               mc_p.l(memcmp.o)
    0x0001823c   0x00000060   Code   RO         3317    .text               mc_p.l(uldiv.o)
    0x0001829c   0x00000024   Code   RO         3332    .text               mc_p.l(init.o)
    0x000182c0   0x00000020   Code   RO         3334    .text               mc_p.l(llshl.o)
    0x000182e0   0x00000022   Code   RO         3336    .text               mc_p.l(llushr.o)
    0x00018302   0x00000056   Code   RO         3352    .text               mc_p.l(__dczerorl2.o)
    0x00018358   0x00000030   Code   RO          549    i.AES_Decrypt       aes.o
    0x00018388   0x00000072   Code   RO          550    i.AES_Encrypt_PKCS7  aes.o
    0x000183fa   0x00000002   PAD
    0x000183fc   0x00000080   Code   RO          551    i.AES_Init          aes.o
    0x0001847c   0x000000d4   Code   RO          622    i.Base64decode      base64.o
    0x00018550   0x000000cc   Code   RO          624    i.Base64encode      base64.o
    0x0001861c   0x00000050   Code   RO          553    i.BlockDecrypt      aes.o
    0x0001866c   0x0000004c   Code   RO          554    i.BlockEncrypt      aes.o
    0x000186b8   0x0000018c   Code   RO         1783    i.GPIOTE_IRQHandler  nrf_drv_gpiote.o
    0x00018844   0x00000018   Code   RO          555    i.GfMultBy02        aes.o
    0x0001885c   0x00000018   Code   RO            3    i.Holzer_init       main.o
    0x00018874   0x000000fe   Code   RO          556    i.MixColumns        aes.o
    0x00018972   0x00000002   PAD
    0x00018974   0x00000014   Code   RO         2566    i.NVIC_ClearPendingIRQ  app_timer.o
    0x00018988   0x00000014   Code   RO         2567    i.NVIC_EnableIRQ    app_timer.o
    0x0001899c   0x00000014   Code   RO         2568    i.NVIC_SetPendingIRQ  app_timer.o
    0x000189b0   0x00000078   Code   RO          941    i.NVIC_SetPriority  wdt.o
    0x00018a28   0x00000078   Code   RO         2569    i.NVIC_SetPriority  app_timer.o
    0x00018aa0   0x00000028   Code   RO         2570    i.RTC1_IRQHandler   app_timer.o
    0x00018ac8   0x00000012   Code   RO          557    i.RotationWord      aes.o
    0x00018ada   0x00000008   Code   RO         2571    i.SWI0_IRQHandler   app_timer.o
    0x00018ae2   0x00000002   PAD
    0x00018ae4   0x0000003c   Code   RO         2878    i.SWI2_IRQHandler   softdevice_handler.o
    0x00018b20   0x0000005c   Code   RO          558    i.ShiftRows         aes.o
    0x00018b7c   0x0000002c   Code   RO          559    i.SubBytes          aes.o
    0x00018ba8   0x00000064   Code   RO         2951    i.SystemInit        system_nrf51.o
    0x00018c0c   0x000000a0   Code   RO         2335    i.UART0_IRQHandler  app_uart_fifo.o
    0x00018cac   0x0000001a   Code   RO          560    i.XorBytes          aes.o
    0x00018cc6   0x00000002   PAD
    0x00018cc8   0x00000020   Code   RO         3147    i.__0printf$5       mc_p.l(printf5.o)
    0x00018ce8   0x00000028   Code   RO         3149    i.__0sprintf$5      mc_p.l(printf5.o)
    0x00018d10   0x0000001c   Code   RO         1103    i.__ARM_common_switch8  bsp.o
    0x00018d2c   0x0000000e   Code   RO         3346    i.__scatterload_copy  mc_p.l(handlers.o)
    0x00018d3a   0x00000002   Code   RO         3347    i.__scatterload_null  mc_p.l(handlers.o)
    0x00018d3c   0x0000000e   Code   RO         3348    i.__scatterload_zeroinit  mc_p.l(handlers.o)
    0x00018d4a   0x00000002   PAD
    0x00018d4c   0x000002dc   Code   RO         3154    i._printf_core      mc_p.l(printf5.o)
    0x00019028   0x0000000a   Code   RO         3156    i._sputc            mc_p.l(printf5.o)
    0x00019032   0x00000002   PAD
    0x00019034   0x0000001c   Code   RO         2336    i.action_tx_ready   app_uart_fifo.o
    0x00019050   0x00000054   Code   RO         2337    i.action_tx_send    app_uart_fifo.o
    0x000190a4   0x00000028   Code   RO         2338    i.action_tx_stop    app_uart_fifo.o
    0x000190cc   0x00000024   Code   RO         2339    i.action_uart_deactivate  app_uart_fifo.o
    0x000190f0   0x00000034   Code   RO          907    i.adc_enable        ad.o
    0x00019124   0x00000136   Code   RO         1173    i.adv_data_encode   ble_advdata.o
    0x0001925a   0x00000014   Code   RO         1174    i.advdata_check     ble_advdata.o
    0x0001926e   0x0000005a   Code   RO         1123    i.advertising_buttons_configure  bsp_btn_ble.o
    0x000192c8   0x0000009c   Code   RO            4    i.advertising_init  main.o
    0x00019364   0x0000003c   Code   RO         2542    i.app_error_handler  app_error.o
    0x000193a0   0x0000001c   Code   RO         1448    i.app_evt_notify    device_manager_peripheral.o
    0x000193bc   0x0000002a   Code   RO         2842    i.app_fifo_get      app_fifo.o
    0x000193e6   0x0000002a   Code   RO         2844    i.app_fifo_put      app_fifo.o
    0x00019410   0x00000030   Code   RO         2008    i.app_notify        pstorage.o
    0x00019440   0x00000024   Code   RO         2009    i.app_notify_error_state_transit  pstorage.o
    0x00019464   0x00000074   Code   RO         2574    i.app_timer_create  app_timer.o
    0x000194d8   0x000000f0   Code   RO         2575    i.app_timer_init    app_timer.o
    0x000195c8   0x0000006c   Code   RO         2576    i.app_timer_start   app_timer.o
    0x00019634   0x00000044   Code   RO         2577    i.app_timer_stop    app_timer.o
    0x00019678   0x0000001c   Code   RO         2345    i.app_uart_put      app_uart_fifo.o
    0x00019694   0x0000004a   Code   RO         1175    i.appearance_encode  ble_advdata.o
    0x000196de   0x00000002   PAD
    0x000196e0   0x00000044   Code   RO            5    i.application_timers_start  main.o
    0x00019724   0x0000007a   Code   RO         1176    i.ble_advdata_set   ble_advdata.o
    0x0001979e   0x00000002   PAD
    0x000197a0   0x00000174   Code   RO         1258    i.ble_advertising_init  ble_advertising.o
    0x00019914   0x00000104   Code   RO         1259    i.ble_advertising_on_ble_evt  ble_advertising.o
    0x00019a18   0x00000054   Code   RO         1260    i.ble_advertising_on_sys_evt  ble_advertising.o
    0x00019a6c   0x00000010   Code   RO         1262    i.ble_advertising_peer_address_clear  ble_advertising.o
    0x00019a7c   0x000002bc   Code   RO         1264    i.ble_advertising_start  ble_advertising.o
    0x00019d38   0x00000078   Code   RO         1337    i.ble_conn_params_init  ble_conn_params.o
    0x00019db0   0x0000003e   Code   RO         1338    i.ble_conn_params_on_ble_evt  ble_conn_params.o
    0x00019dee   0x00000002   PAD
    0x00019df0   0x00000030   Code   RO            7    i.ble_evt_dispatch  main.o
    0x00019e20   0x000000c0   Code   RO            8    i.ble_stack_init    main.o
    0x00019ee0   0x00000074   Code   RO          406    i.ble_wechat_add_characteristics  ble_wechat_service.o
    0x00019f54   0x0000013c   Code   RO          407    i.ble_wechat_add_indicate_char  ble_wechat_service.o
    0x0001a090   0x000000e0   Code   RO          408    i.ble_wechat_add_read_char  ble_wechat_service.o
    0x0001a170   0x00000024   Code   RO          409    i.ble_wechat_add_service  ble_wechat_service.o
    0x0001a194   0x000000fc   Code   RO          410    i.ble_wechat_add_write_char  ble_wechat_service.o
    0x0001a290   0x0000002c   Code   RO          411    i.ble_wechat_indicate_data  ble_wechat_service.o
    0x0001a2bc   0x00000094   Code   RO          412    i.ble_wechat_indicate_data_chunk  ble_wechat_service.o
    0x0001a350   0x00000042   Code   RO          413    i.ble_wechat_on_ble_evt  ble_wechat_service.o
    0x0001a392   0x00000002   PAD
    0x0001a394   0x00000050   Code   RO         1449    i.bond_data_load    device_manager_peripheral.o
    0x0001a3e4   0x00000084   Code   RO         1125    i.bsp_btn_ble_on_ble_evt  bsp_btn_ble.o
    0x0001a468   0x0000005c   Code   RO         1017    i.bsp_event_to_button_action_assign  bsp.o
    0x0001a4c4   0x00000024   Code   RO         1018    i.bsp_indication_set  bsp.o
    0x0001a4e8   0x000004ec   Code   RO         1021    i.bsp_led_indication  bsp.o
    0x0001a9d4   0x00000010   Code   RO         1785    i.channel_handler_get  nrf_drv_gpiote.o
    0x0001a9e4   0x0000000c   Code   RO         1787    i.channel_port_get  nrf_drv_gpiote.o
    0x0001a9f0   0x00000114   Code   RO         2010    i.clear_operation_execute  pstorage.o
    0x0001ab04   0x00000028   Code   RO         2011    i.clear_post_processing_run  pstorage.o
    0x0001ab2c   0x00000048   Code   RO         2012    i.cmd_process       pstorage.o
    0x0001ab74   0x00000014   Code   RO         2013    i.cmd_queue_dequeue  pstorage.o
    0x0001ab88   0x0000003c   Code   RO         2014    i.cmd_queue_element_init  pstorage.o
    0x0001abc4   0x00000084   Code   RO         2015    i.cmd_queue_enqueue  pstorage.o
    0x0001ac48   0x00000020   Code   RO         2016    i.cmd_queue_init    pstorage.o
    0x0001ac68   0x00000028   Code   RO         2017    i.command_end_procedure_run  pstorage.o
    0x0001ac90   0x0000002c   Code   RO         2018    i.command_queue_element_consume  pstorage.o
    0x0001acbc   0x00000020   Code   RO          703    i.compare_password  key.o
    0x0001acdc   0x00000090   Code   RO         2579    i.compare_reg_update  app_timer.o
    0x0001ad6c   0x0000005c   Code   RO         1177    i.conn_int_check    ble_advdata.o
    0x0001adc8   0x0000005c   Code   RO         1178    i.conn_int_encode   ble_advdata.o
    0x0001ae24   0x00000028   Code   RO            9    i.conn_params_error_handler  main.o
    0x0001ae4c   0x00000070   Code   RO           10    i.conn_params_init  main.o
    0x0001aebc   0x00000094   Code   RO         1340    i.conn_params_negotiation  ble_conn_params.o
    0x0001af50   0x0000005a   Code   RO         1127    i.connection_buttons_configure  bsp_btn_ble.o
    0x0001afaa   0x00000002   PAD
    0x0001afac   0x00000048   Code   RO         1450    i.connection_instance_find  device_manager_peripheral.o
    0x0001aff4   0x00000038   Code   RO         1451    i.connection_instance_init  device_manager_peripheral.o
    0x0001b02c   0x0000005c   Code   RO         2580    i.current_int_priority_get  app_timer.o
    0x0001b088   0x00000084   Code   RO         2019    i.data_page_erase_state_run  pstorage.o
    0x0001b10c   0x00000038   Code   RO         2020    i.data_to_swap_write_state_run  pstorage.o
    0x0001b144   0x000000d0   Code   RO         1452    i.device_context_store  device_manager_peripheral.o
    0x0001b214   0x0000007c   Code   RO         1453    i.device_instance_allocate  device_manager_peripheral.o
    0x0001b290   0x00000058   Code   RO         1454    i.device_instance_find  device_manager_peripheral.o
    0x0001b2e8   0x00000030   Code   RO         1455    i.device_instance_free  device_manager_peripheral.o
    0x0001b318   0x00000038   Code   RO           11    i.device_manager_evt_handler  main.o
    0x0001b350   0x000000d8   Code   RO           12    i.device_manager_init  main.o
    0x0001b428   0x00000640   Code   RO         1460    i.dm_ble_evt_handler  device_manager_peripheral.o
    0x0001ba68   0x0000001c   Code   RO         1466    i.dm_handle_initialize  device_manager_peripheral.o
    0x0001ba84   0x00000108   Code   RO         1467    i.dm_init           device_manager_peripheral.o
    0x0001bb8c   0x0000024c   Code   RO         1470    i.dm_pstorage_cb_handler  device_manager_peripheral.o
    0x0001bdd8   0x000000bc   Code   RO         1471    i.dm_register       device_manager_peripheral.o
    0x0001be94   0x00000064   Code   RO         2581    i.elapsed_ticks_acquire  app_timer.o
    0x0001bef8   0x00000044   Code   RO         2021    i.erase_sub_state_sm_run  pstorage.o
    0x0001bf3c   0x0000006c   Code   RO         2582    i.expired_timers_handler  app_timer.o
    0x0001bfa8   0x0000000a   Code   RO         2346    i.fifo_length       app_uart_fifo.o
    0x0001bfb2   0x0000000a   Code   RO         2845    i.fifo_length       app_fifo.o
    0x0001bfbc   0x00000030   Code   RO         2022    i.flash_api_err_code_process  pstorage.o
    0x0001bfec   0x00000158   Code   RO          834    i.flash_callback    flash.o
    0x0001c144   0x00000058   Code   RO          835    i.flash_init        flash.o
    0x0001c19c   0x00000040   Code   RO         2023    i.flash_operation_failure_run  pstorage.o
    0x0001c1dc   0x00000030   Code   RO         2024    i.flash_operation_success_run  pstorage.o
    0x0001c20c   0x00000010   Code   RO         2025    i.flash_page_erase  pstorage.o
    0x0001c21c   0x00000018   Code   RO         2026    i.flash_write       pstorage.o
    0x0001c234   0x00000010   Code   RO         2811    i.fputc             retarget.o
    0x0001c244   0x00000054   Code   RO         3275    i.free              mc_p.l(malloc.o)
    0x0001c298   0x00000098   Code   RO           13    i.gap_params_init   main.o
    0x0001c330   0x00000006   Code   RO         1478    i.gattc_context_apply  device_manager_peripheral.o
    0x0001c336   0x00000006   Code   RO         1479    i.gattc_context_load  device_manager_peripheral.o
    0x0001c33c   0x00000006   Code   RO         1480    i.gattc_context_store  device_manager_peripheral.o
    0x0001c342   0x00000002   PAD
    0x0001c344   0x000000f4   Code   RO         1481    i.gatts_context_apply  device_manager_peripheral.o
    0x0001c438   0x00000048   Code   RO         1482    i.gatts_context_load  device_manager_peripheral.o
    0x0001c480   0x000000dc   Code   RO         1483    i.gatts_context_store  device_manager_peripheral.o
    0x0001c55c   0x0000001a   Code   RO         1484    i.gattsc_context_apply  device_manager_peripheral.o
    0x0001c576   0x0000001e   Code   RO         1485    i.gattsc_context_load  device_manager_peripheral.o
    0x0001c594   0x0000001e   Code   RO         1486    i.gattsc_context_store  device_manager_peripheral.o
    0x0001c5b2   0x00000002   PAD
    0x0001c5b4   0x00000064   Code   RO           14    i.get_AES_KEY       main.o
    0x0001c618   0x00000054   Code   RO          414    i.get_mac_addr      ble_wechat_service.o
    0x0001c66c   0x0000003a   Code   RO          657    i.get_password      data_processing.o
    0x0001c6a6   0x0000002e   Code   RO          658    i.get_super_password  data_processing.o
    0x0001c6d4   0x00000070   Code   RO         2027    i.head_restore_state_run  pstorage.o
    0x0001c744   0x000000c0   Code   RO         2879    i.intern_softdevice_events_execute  softdevice_handler.o
    0x0001c804   0x00000024   Code   RO         1341    i.is_conn_params_ok  ble_conn_params.o
    0x0001c828   0x00000038   Code   RO         2952    i.is_disabled_in_debug_needed  system_nrf51.o
    0x0001c860   0x0000006c   Code   RO         2953    i.is_manual_peripheral_setup_needed  system_nrf51.o
    0x0001c8cc   0x00000058   Code   RO         2028    i.is_page_erase_required  pstorage.o
    0x0001c924   0x00000054   Code   RO         2954    i.is_peripheral_domain_setup_needed  system_nrf51.o
    0x0001c978   0x00000050   Code   RO         2029    i.is_tail_data_page_swap_required  pstorage.o
    0x0001c9c8   0x00000012   Code   RO         2030    i.is_word_aligned   pstorage.o
    0x0001c9da   0x00000036   Code   RO          704    i.key_init          key.o
    0x0001ca10   0x000001e0   Code   RO          705    i.key_run           key.o
    0x0001cbf0   0x000000ec   Code   RO          706    i.key_scan          key.o
    0x0001ccdc   0x000001b4   Code   RO          707    i.key_super_run     key.o
    0x0001ce90   0x00000028   Code   RO           15    i.leds_init         main.o
    0x0001ceb8   0x000000c0   Code   RO         2583    i.list_deletions_handler  app_timer.o
    0x0001cf78   0x00000130   Code   RO         2584    i.list_insertions_handler  app_timer.o
    0x0001d0a8   0x000007c0   Code   RO           16    i.main              main.o
    0x0001d868   0x00000020   Code   RO         2031    i.main_state_err_busy_process  pstorage.o
    0x0001d888   0x0000006c   Code   RO         3276    i.malloc            mc_p.l(malloc.o)
    0x0001d8f4   0x0000006a   Code   RO         1179    i.manuf_specific_data_encode  ble_advdata.o
    0x0001d95e   0x00000028   Code   RO          782    i.motor_init        motor.o
    0x0001d986   0x00000002   PAD
    0x0001d988   0x00000250   Code   RO          783    i.motor_key_state   motor.o
    0x0001dbd8   0x00000096   Code   RO         1180    i.name_encode       ble_advdata.o
    0x0001dc6e   0x00000006   Code   RO         1487    i.no_service_context_apply  device_manager_peripheral.o
    0x0001dc74   0x00000006   Code   RO         1488    i.no_service_context_load  device_manager_peripheral.o
    0x0001dc7a   0x00000006   Code   RO         1489    i.no_service_context_store  device_manager_peripheral.o
    0x0001dc80   0x0000002c   Code   RO          908    i.nrf_adc_read      ad.o
    0x0001dcac   0x00000012   Code   RO           17    i.nrf_gpio_cfg_output  main.o
    0x0001dcbe   0x00000012   Code   RO          784    i.nrf_gpio_cfg_output  motor.o
    0x0001dcd0   0x00000018   Code   RO           18    i.nrf_gpio_cfg_sense_input  main.o
    0x0001dce8   0x00000018   Code   RO          708    i.nrf_gpio_cfg_sense_input  key.o
    0x0001dd00   0x00000046   Code   RO         1808    i.nrf_gpio_cfg_sense_set  nrf_drv_gpiote.o
    0x0001dd46   0x00000002   PAD
    0x0001dd48   0x00000010   Code   RO           19    i.nrf_gpio_pin_clear  main.o
    0x0001dd58   0x00000010   Code   RO          709    i.nrf_gpio_pin_clear  key.o
    0x0001dd68   0x00000010   Code   RO          785    i.nrf_gpio_pin_clear  motor.o
    0x0001dd78   0x00000014   Code   RO           20    i.nrf_gpio_pin_read  main.o
    0x0001dd8c   0x00000014   Code   RO          710    i.nrf_gpio_pin_read  key.o
    0x0001dda0   0x00000014   Code   RO          786    i.nrf_gpio_pin_read  motor.o
    0x0001ddb4   0x00000010   Code   RO           21    i.nrf_gpio_pin_set  main.o
    0x0001ddc4   0x00000010   Code   RO          711    i.nrf_gpio_pin_set  key.o
    0x0001ddd4   0x00000010   Code   RO          787    i.nrf_gpio_pin_set  motor.o
    0x0001dde4   0x0000000c   Code   RO         1811    i.nrf_gpiote_event_addr_get  nrf_drv_gpiote.o
    0x0001ddf0   0x00000010   Code   RO         1812    i.nrf_gpiote_event_clear  nrf_drv_gpiote.o
    0x0001de00   0x00000016   Code   RO         1813    i.nrf_gpiote_event_is_set  nrf_drv_gpiote.o
    0x0001de16   0x00000002   PAD
    0x0001de18   0x0000004c   Code   RO           22    i.on_adv_evt        main.o
    0x0001de64   0x000000a4   Code   RO           23    i.on_ble_evt        main.o
    0x0001df08   0x00000048   Code   RO           24    i.on_conn_params_evt  main.o
    0x0001df50   0x00000018   Code   RO         1342    i.on_conn_params_update  ble_conn_params.o
    0x0001df68   0x0000003c   Code   RO         1343    i.on_connect        ble_conn_params.o
    0x0001dfa4   0x00000028   Code   RO         2348    i.on_cts_high       app_uart_fifo.o
    0x0001dfcc   0x00000054   Code   RO         2349    i.on_cts_low        app_uart_fifo.o
    0x0001e020   0x00000044   Code   RO         1344    i.on_disconnect     ble_conn_params.o
    0x0001e064   0x0000000e   Code   RO          415    i.on_indicate_comfirm  ble_wechat_service.o
    0x0001e072   0x00000002   PAD
    0x0001e074   0x0000002c   Code   RO         2350    i.on_tx_ready       app_uart_fifo.o
    0x0001e0a0   0x00000008   Code   RO         2351    i.on_uart_close     app_uart_fifo.o
    0x0001e0a8   0x00000036   Code   RO         2352    i.on_uart_event     app_uart_fifo.o
    0x0001e0de   0x00000002   PAD
    0x0001e0e0   0x00000014   Code   RO         2353    i.on_uart_put       app_uart_fifo.o
    0x0001e0f4   0x00000098   Code   RO          416    i.on_write          ble_wechat_service.o
    0x0001e18c   0x0000005c   Code   RO         1345    i.on_write          ble_conn_params.o
    0x0001e1e8   0x0000001a   Code   RO         1266    i.peer_address_exists  ble_advertising.o
    0x0001e202   0x00000002   PAD
    0x0001e204   0x0000005c   Code   RO         1490    i.peer_instance_init  device_manager_peripheral.o
    0x0001e260   0x00000034   Code   RO           25    i.power_manage      main.o
    0x0001e294   0x00000030   Code   RO         2032    i.pstorage_access_status_get  pstorage.o
    0x0001e2c4   0x000000a4   Code   RO         2033    i.pstorage_block_identifier_get  pstorage.o
    0x0001e368   0x00000118   Code   RO         2034    i.pstorage_clear    pstorage.o
    0x0001e480   0x00000028   Code   RO         2035    i.pstorage_flash_page_end  pstorage.o
    0x0001e4a8   0x0000000a   Code   RO         2036    i.pstorage_flash_page_size  pstorage.o
    0x0001e4b2   0x00000002   PAD
    0x0001e4b4   0x00000088   Code   RO         2037    i.pstorage_init     pstorage.o
    0x0001e53c   0x000000fc   Code   RO         2038    i.pstorage_load     pstorage.o
    0x0001e638   0x00000118   Code   RO         2039    i.pstorage_register  pstorage.o
    0x0001e750   0x000000e0   Code   RO         2040    i.pstorage_store    pstorage.o
    0x0001e830   0x0000004c   Code   RO         2041    i.pstorage_sys_event_handler  pstorage.o
    0x0001e87c   0x000000e0   Code   RO         2042    i.pstorage_update   pstorage.o
    0x0001e95c   0x00000080   Code   RO          659    i.receive_data_Decrypt  data_processing.o
    0x0001e9dc   0x00000068   Code   RO          836    i.receive_password_num_read  flash.o
    0x0001ea44   0x0000007c   Code   RO          837    i.receive_password_num_update  flash.o
    0x0001eac0   0x00000068   Code   RO          838    i.receive_phone_num_read  flash.o
    0x0001eb28   0x00000068   Code   RO          839    i.receive_phone_num_update  flash.o
    0x0001eb90   0x0000000c   Code   RO         2585    i.rtc1_counter_get  app_timer.o
    0x0001eb9c   0x00000018   Code   RO         2586    i.rtc1_init         app_timer.o
    0x0001ebb4   0x0000003c   Code   RO         2587    i.rtc1_start        app_timer.o
    0x0001ebf0   0x00000058   Code   RO         2588    i.rtc1_stop         app_timer.o
    0x0001ec48   0x00000084   Code   RO          660    i.send_data_Encrypt  data_processing.o
    0x0001eccc   0x0000008c   Code   RO         1181    i.service_data_encode  ble_advdata.o
    0x0001ed58   0x0000005c   Code   RO           26    i.services_init     main.o
    0x0001edb4   0x00000054   Code   RO           27    i.sleep_mode_enter  main.o
    0x0001ee08   0x00000014   Code   RO         2043    i.sm_state_change   pstorage.o
    0x0001ee1c   0x00000012   Code   RO         2880    i.softdevice_assertion_handler  softdevice_handler.o
    0x0001ee2e   0x00000002   PAD
    0x0001ee30   0x00000018   Code   RO         2881    i.softdevice_ble_evt_handler_set  softdevice_handler.o
    0x0001ee48   0x00000068   Code   RO         2882    i.softdevice_handler_init  softdevice_handler.o
    0x0001eeb0   0x00000018   Code   RO         2884    i.softdevice_sys_evt_handler_set  softdevice_handler.o
    0x0001eec8   0x00000010   Code   RO         1182    i.srdata_check      ble_advdata.o
    0x0001eed8   0x00000010   Code   RO         2044    i.state_data_erase_entry_run  pstorage.o
    0x0001eee8   0x00000098   Code   RO         2045    i.state_data_erase_swap_entry_run  pstorage.o
    0x0001ef80   0x0000003c   Code   RO         2046    i.state_entry_action_run  pstorage.o
    0x0001efbc   0x00000010   Code   RO         2047    i.state_erase_data_page_entry_run  pstorage.o
    0x0001efcc   0x0000001c   Code   RO         2048    i.state_idle_entry_run  pstorage.o
    0x0001efe8   0x00000034   Code   RO         2049    i.state_restore_head_entry_run  pstorage.o
    0x0001f01c   0x00000054   Code   RO         2050    i.state_restore_tail_entry_run  pstorage.o
    0x0001f070   0x00000008   Code   RO         2051    i.state_store_entry_run  pstorage.o
    0x0001f078   0x00000026   Code   RO         2052    i.state_swap_erase_entry_run  pstorage.o
    0x0001f09e   0x00000002   PAD
    0x0001f0a0   0x00000034   Code   RO         2053    i.state_write_data_swap_entry_run  pstorage.o
    0x0001f0d4   0x00000008   Code   RO         1491    i.storage_operation_dummy_handler  device_manager_peripheral.o
    0x0001f0dc   0x00000064   Code   RO         2054    i.store_cmd_flash_write_execute  pstorage.o
    0x0001f140   0x0000000a   Code   RO         2055    i.store_operation_execute  pstorage.o
    0x0001f14a   0x00000002   PAD
    0x0001f14c   0x0000004c   Code   RO         2056    i.store_sub_state_sm_run  pstorage.o
    0x0001f198   0x00000020   Code   RO         2057    i.swap_erase_state_run  pstorage.o
    0x0001f1b8   0x00000008   Code   RO         2058    i.swap_sub_sm_exit_action_run  pstorage.o
    0x0001f1c0   0x00000018   Code   RO         2059    i.swap_sub_state_entry_action_run  pstorage.o
    0x0001f1d8   0x00000020   Code   RO         2060    i.swap_sub_state_err_busy_process  pstorage.o
    0x0001f1f8   0x00000018   Code   RO         2061    i.swap_sub_state_sm_run  pstorage.o
    0x0001f210   0x00000014   Code   RO         2062    i.swap_sub_state_state_change  pstorage.o
    0x0001f224   0x00000012   Code   RO           28    i.sys_evt_dispatch  main.o
    0x0001f236   0x00000002   PAD
    0x0001f238   0x00000020   Code   RO         2063    i.tail_restore_state_run  pstorage.o
    0x0001f258   0x00000058   Code   RO         2064    i.tail_word_size_calculate  pstorage.o
    0x0001f2b0   0x0000000a   Code   RO         2589    i.ticks_diff_get    app_timer.o
    0x0001f2ba   0x00000002   PAD
    0x0001f2bc   0x0000007c   Code   RO         2590    i.timeout_handler_exec  app_timer.o
    0x0001f338   0x00000058   Code   RO         2591    i.timer_list_handler  app_timer.o
    0x0001f390   0x0000000a   Code   RO         2592    i.timer_list_handler_sched  app_timer.o
    0x0001f39a   0x00000002   PAD
    0x0001f39c   0x000000dc   Code   RO         2593    i.timer_list_insert  app_timer.o
    0x0001f478   0x000000cc   Code   RO         2594    i.timer_list_remove  app_timer.o
    0x0001f544   0x00000054   Code   RO         2595    i.timer_start_op_schedule  app_timer.o
    0x0001f598   0x00000040   Code   RO         2597    i.timer_stop_op_schedule  app_timer.o
    0x0001f5d8   0x000001d8   Code   RO           29    i.timer_timeout_handler  main.o
    0x0001f7b0   0x0000009c   Code   RO         2598    i.timer_timeouts_check  app_timer.o
    0x0001f84c   0x0000000a   Code   RO         2599    i.timer_timeouts_check_sched  app_timer.o
    0x0001f856   0x00000002   PAD
    0x0001f858   0x00000074   Code   RO           30    i.timers_init       main.o
    0x0001f8cc   0x00000030   Code   RO         1183    i.tx_power_level_encode  ble_advdata.o
    0x0001f8fc   0x00000012   Code   RO         1184    i.uint16_encode     ble_advdata.o
    0x0001f90e   0x00000008   Code   RO         2065    i.update_operation_execute  pstorage.o
    0x0001f916   0x00000002   PAD
    0x0001f918   0x00000014   Code   RO         1492    i.update_status_bit_reset  device_manager_peripheral.o
    0x0001f92c   0x0000009c   Code   RO         1346    i.update_timeout_handler  ble_conn_params.o
    0x0001f9c8   0x00000022   Code   RO         2600    i.user_id_get       app_timer.o
    0x0001f9ea   0x0000002c   Code   RO         2601    i.user_op_alloc     app_timer.o
    0x0001fa16   0x00000004   Code   RO         2602    i.user_op_enque     app_timer.o
    0x0001fa1a   0x00000040   Code   RO         1185    i.uuid_list_encode  ble_advdata.o
    0x0001fa5a   0x000000c4   Code   RO         1186    i.uuid_list_sized_encode  ble_advdata.o
    0x0001fb1e   0x00000002   PAD
    0x0001fb20   0x00000020   Code   RO          943    i.wdt_feed          wdt.o
    0x0001fb40   0x00000054   Code   RO          944    i.wdt_init          wdt.o
    0x0001fb94   0x0000000c   Code   RO          945    i.wdt_start         wdt.o
    0x0001fba0   0x00000016   Code   RO         1267    i.whitelist_has_entries  ble_advertising.o
    0x0001fbb6   0x00000200   Data   RO          562    .constdata          aes.o
    0x0001fdb6   0x00000141   Data   RO          626    .constdata          base64.o
    0x0001fef7   0x00000001   PAD
    0x0001fef8   0x00000034   Data   RO         1494    .constdata          device_manager_peripheral.o
    0x0001ff2c   0x00000028   Data   RO         2067    .constdata          pstorage.o
    0x0001ff54   0x0000004c   Data   RO          418    .conststring        ble_wechat_service.o
    0x0001ffa0   0x00000041   Data   RO          713    .conststring        key.o
    0x0001ffe1   0x00000003   PAD
    0x0001ffe4   0x0000004c   Data   RO         1495    .conststring        device_manager_peripheral.o
    0x00020030   0x00000057   Data   RO         2885    .conststring        softdevice_handler.o
    0x00020087   0x00000001   PAD
    0x00020088   0x00000020   Data   RO         3344    Region$$Table       anon$$obj.o


    Execution Region RW_IRAM1 (Base: 0x20002000, Size: 0x00001df8, Max: 0x00006000, ABSOLUTE, COMPRESSED[0x00000060])

    Base Addr    Size         Type   Attr      Idx    E Section Name        Object

    0x20002000   0x0000013c   Data   RW           35    .data               main.o
    0x2000213c   0x00000020   Data   RW          419    .data               ble_wechat_service.o
    0x2000215c   0x0000000d   Data   RW          714    .data               key.o
    0x20002169   0x00000003   Data   RW          788    .data               motor.o
    0x2000216c   0x00000014   Data   RW          842    .data               flash.o
    0x20002180   0x00000021   Data   RW         1027    .data               bsp.o
    0x200021a1   0x00000003   PAD
    0x200021a4   0x00000008   Data   RW         1129    .data               bsp_btn_ble.o
    0x200021ac   0x00000020   Data   RW         1269    .data               ble_advertising.o
    0x200021cc   0x00000019   Data   RW         1348    .data               ble_conn_params.o
    0x200021e5   0x00000003   PAD
    0x200021e8   0x00000014   Data   RW         1496    .data               device_manager_peripheral.o
    0x200021fc   0x00000028   Data   RW         2068    .data               pstorage.o
    0x20002224   0x00000009   Data   RW         2358    .data               app_uart_fifo.o
    0x2000222d   0x00000003   PAD
    0x20002230   0x0000000c   Data   RW         2543    .data               app_error.o
    0x2000223c   0x0000002a   Data   RW         2603    .data               app_timer.o
    0x20002266   0x00000002   PAD
    0x20002268   0x00000008   Data   RW         2812    .data               retarget.o
    0x20002270   0x00000018   Data   RW         2886    .data               softdevice_handler.o
    0x20002288   0x00000004   Data   RW         2955    .data               system_nrf51.o
    0x2000228c   0x00000004   Data   RW         3319    .data               mc_p.l(mvars.o)
    0x20002290   0x00000004   Data   RW         3320    .data               mc_p.l(mvars.o)
    0x20002294   0x00000660   Zero   RW           33    .bss                main.o
    0x200028f4   0x00000078   Zero   RW          417    .bss                ble_wechat_service.o
    0x2000296c   0x000000b0   Zero   RW          561    .bss                aes.o
    0x20002a1c   0x00000014   Zero   RW          712    .bss                key.o
    0x20002a30   0x0000000c   Zero   RW         1025    .bss                bsp.o
    0x20002a3c   0x000000fb   Zero   RW         1268    .bss                ble_advertising.o
    0x20002b37   0x00000001   PAD
    0x20002b38   0x0000001c   Zero   RW         1347    .bss                ble_conn_params.o
    0x20002b54   0x0000014f   Zero   RW         1493    .bss                device_manager_peripheral.o
    0x20002ca3   0x00000001   PAD
    0x20002ca4   0x0000004c   Zero   RW         1819    .bss                nrf_drv_gpiote.o
    0x20002cf0   0x000000e4   Zero   RW         2066    .bss                pstorage.o
    0x20002dd4   0x00000020   Zero   RW         2356    .bss                app_uart_fifo.o
    0x20002df4   0x00000004   PAD
    0x20002df8   0x00000800   Zero   RW         2942    HEAP                arm_startup_nrf51.o
    0x200035f8   0x00000800   Zero   RW         2941    STACK               arm_startup_nrf51.o


==============================================================================

Image component sizes


      Code (inc. data)   RO Data    RW Data    ZI Data      Debug   Object Name

        96         18          0          0          0       3632   ad.o
       904         24        512          0        176       9541   aes.o
        60         12          0         12          0       1828   app_error.o
        94          0          0          0          0       2710   app_fifo.o
      2966        378          0         42          0      35743   app_timer.o
       636        112          0          9         32      10299   app_uart_fifo.o
        56         18        192          0       4096        724   arm_startup_nrf51.o
       416         10        321          0          0       2694   base64.o
      1448          4          0          0          0      15730   ble_advdata.o
      1480        144          0         32        251      11593   ble_advertising.o
       766        126          0         25         28      16200   ble_conn_params.o
      1452         86         76         32        120      63003   ble_wechat_service.o
      1416         66          0         33         12      12173   bsp.o
       312         10          0          8          0       4293   bsp_btn_ble.o
       364         12          0          0          0       3762   data_processing.o
      4150        316        128         20        335      32805   device_manager_peripheral.o
       868        310          0         20          0       8103   flash.o
      1314        278         65         13         20       9728   key.o
      4428       1010          0        316       1632      84151   main.o
       702        106          0          3          0       6399   motor.o
         0          0          0          0          0        792   nrf_drv_common.o
       544         32          0          0         76      14556   nrf_drv_gpiote.o
      4300        438         40         40        228      46006   pstorage.o
        16          0          0          8          0       2958   retarget.o
       422         64         87         24          0       8876   softdevice_handler.o
       348         38          0          4          0       2763   system_nrf51.o
       248         52          0          0          0       9490   wdt.o

    ----------------------------------------------------------------------
     29862       3664       1458        652       7012     420552   Object Totals
         0          0         32          0          0          0   (incl. Generated)
        56          0          5         11          6          0   (incl. Padding)

    ----------------------------------------------------------------------

      Code (inc. data)   RO Data    RW Data    ZI Data      Debug   Library Member Name

        86          0          0          0          0          0   __dczerorl2.o
         0          0          0          0          0          0   entry.o
         0          0          0          0          0          0   entry10a.o
         0          0          0          0          0          0   entry11a.o
         8          4          0          0          0          0   entry2.o
         4          0          0          0          0          0   entry5.o
         0          0          0          0          0          0   entry7b.o
         0          0          0          0          0          0   entry8b.o
         8          4          0          0          0          0   entry9a.o
        30          0          0          0          0          0   handlers.o
        40          0          0          0          0         72   idiv.o
        36          8          0          0          0         68   init.o
        76          0          0          0          0         76   ldiv.o
        32          0          0          0          0         68   llshl.o
        34          0          0          0          0         68   llushr.o
       192         20          0          0          0        144   malloc.o
        26          0          0          0          0         72   memcmp.o
        36          0          0          0          0         60   memcpya.o
        36          0          0          0          0        100   memseta.o
         0          0          0          8          0          0   mvars.o
       814         56          0          0          0        312   printf5.o
        14          0          0          0          0         60   strlen.o
        44          0          0          0          0         72   uidiv.o
        96          0          0          0          0         84   uldiv.o

    ----------------------------------------------------------------------
      1616         92          0          8          0       1256   Library Totals
         4          0          0          0          0          0   (incl. Padding)

    ----------------------------------------------------------------------

      Code (inc. data)   RO Data    RW Data    ZI Data      Debug   Library Name

      1612         92          0          8          0       1256   mc_p.l

    ----------------------------------------------------------------------
      1616         92          0          8          0       1256   Library Totals

    ----------------------------------------------------------------------

==============================================================================


      Code (inc. data)   RO Data    RW Data    ZI Data      Debug   

     31478       3756       1458        660       7012     409484   Grand Totals
     31478       3756       1458         96       7012     409484   ELF Image Totals (compressed)
     31478       3756       1458         96          0          0   ROM Totals

==============================================================================

    Total RO  Size (Code + RO Data)                32936 (  32.16kB)
    Total RW  Size (RW Data + ZI Data)              7672 (   7.49kB)
    Total ROM Size (Code + RO Data + RW Data)      33032 (  32.26kB)

==============================================================================

